<html>
<body>
<pre>
<h1>µVision Build Log</h1>
<h2>Tool Versions:</h2>
IDE-Version: ¦ÌVision V5.36.0.0
Copyright (C) 2021 ARM Ltd and ARM Germany GmbH. All rights reserved.
License Information: CCWSS hhh200256hhh@outlook.com, CCWSS, LIC=9N0AE-5LDK4-XC0J0-BZMPP-YVSYM-6K19U
 
Tool Versions:
Toolchain:       MDK-ARM Professional  Version: 5.36.0.0
Toolchain Path:  D:\SystemData\Program\Work\Keil_v5\ARM\ARMCLANG\Bin
C Compiler:      ArmClang.exe V6.16
Assembler:       Armasm.exe V6.16
Linker/Locator:  ArmLink.exe V6.16
Library Manager: ArmAr.exe V6.16
Hex Converter:   FromElf.exe V6.16
CPU DLL:         SARMCM3.DLL V5.36.0.0
Dialog DLL:      DCM.DLL V1.17.3.0
Target DLL:      STLink\ST-LINKIII-KEIL_SWO.dll V3.0.9.0
Dialog DLL:      TCM.DLL V1.53.0.0
 
<h2>Project:</h2>
D:\PersonalDada\Project\WuliuCar\Program\STM32\Main_Control-V6.0\MDK-ARM\Main_Control-V6.0.uvprojx
Project File Date:  08/04/2023

<h2>Output:</h2>
*** Using Compiler 'V6.16', folder: 'D:\SystemData\Program\Work\Keil_v5\ARM\ARMCLANG\Bin'
Build target 'Main_Control-V6.0'
compiling GT911.c...
linking...
Program Size: Code=55020 RO-data=864 RW-data=20 ZI-data=28412  
FromELF: creating hex file...
"Main_Control-V6.0\Main_Control-V6.0" - 0 Error(s), 0 Warning(s).

<h2>Software Packages used:</h2>

Package Vendor: ARM
                http://www.keil.com/pack/ARM.CMSIS.5.8.0.pack
                ARM.CMSIS.5.8.0
                CMSIS (Common Microcontroller Software Interface Standard)
   * Component: CORE Version: 5.5.0

Package Vendor: Keil
                https://www.keil.com/pack/Keil.STM32H7xx_DFP.3.1.1.pack
                Keil.STM32H7xx_DFP.3.1.1
                STMicroelectronics STM32H7 Series Device Support and Examples

<h2>Collection of Component include folders:</h2>
  .\RTE\_Main_Control-V6.0
  D:\SystemData\Program\Work\Keil_v5\Pack\ARM\CMSIS\5.8.0\CMSIS\Core\Include
  D:\SystemData\Program\Work\Keil_v5\Pack\Keil\STM32H7xx_DFP\3.1.1\Drivers\CMSIS\Device\ST\STM32H7xx\Include

<h2>Collection of Component Files used:</h2>

   * Component: ARM::CMSIS:CORE:5.5.0
      Include file:  CMSIS\Core\Include\tz_context.h
Build Time Elapsed:  00:00:07
</pre>
</body>
</html>
