Archive member included to satisfy reference by file (symbol)

d:/systemdata/program/work/stmicroelectronics/stm32cubeide_1.12.0/stm32cubeide/plugins/com.st.stm32cube.ide.mcu.externaltools.gnu-tools-for-stm32.10.3-2021.10.win32_1.0.200.202301161003/tools/bin/../lib/gcc/arm-none-eabi/10.3.1/../../../../arm-none-eabi/lib/thumb/v7-m/nofp\libc_nano.a(lib_a-errno.o)
                              ./Core/Src/syscalls.o (__errno)
d:/systemdata/program/work/stmicroelectronics/stm32cubeide_1.12.0/stm32cubeide/plugins/com.st.stm32cube.ide.mcu.externaltools.gnu-tools-for-stm32.10.3-2021.10.win32_1.0.200.202301161003/tools/bin/../lib/gcc/arm-none-eabi/10.3.1/../../../../arm-none-eabi/lib/thumb/v7-m/nofp\libc_nano.a(lib_a-exit.o)
                              d:/systemdata/program/work/stmicroelectronics/stm32cubeide_1.12.0/stm32cubeide/plugins/com.st.stm32cube.ide.mcu.externaltools.gnu-tools-for-stm32.10.3-2021.10.win32_1.0.200.202301161003/tools/bin/../lib/gcc/arm-none-eabi/10.3.1/../../../../arm-none-eabi/lib/thumb/v7-m/nofp/crt0.o (exit)
d:/systemdata/program/work/stmicroelectronics/stm32cubeide_1.12.0/stm32cubeide/plugins/com.st.stm32cube.ide.mcu.externaltools.gnu-tools-for-stm32.10.3-2021.10.win32_1.0.200.202301161003/tools/bin/../lib/gcc/arm-none-eabi/10.3.1/../../../../arm-none-eabi/lib/thumb/v7-m/nofp\libc_nano.a(lib_a-impure.o)
                              d:/systemdata/program/work/stmicroelectronics/stm32cubeide_1.12.0/stm32cubeide/plugins/com.st.stm32cube.ide.mcu.externaltools.gnu-tools-for-stm32.10.3-2021.10.win32_1.0.200.202301161003/tools/bin/../lib/gcc/arm-none-eabi/10.3.1/../../../../arm-none-eabi/lib/thumb/v7-m/nofp\libc_nano.a(lib_a-exit.o) (_global_impure_ptr)
d:/systemdata/program/work/stmicroelectronics/stm32cubeide_1.12.0/stm32cubeide/plugins/com.st.stm32cube.ide.mcu.externaltools.gnu-tools-for-stm32.10.3-2021.10.win32_1.0.200.202301161003/tools/bin/../lib/gcc/arm-none-eabi/10.3.1/../../../../arm-none-eabi/lib/thumb/v7-m/nofp\libc_nano.a(lib_a-init.o)
                              d:/systemdata/program/work/stmicroelectronics/stm32cubeide_1.12.0/stm32cubeide/plugins/com.st.stm32cube.ide.mcu.externaltools.gnu-tools-for-stm32.10.3-2021.10.win32_1.0.200.202301161003/tools/bin/../lib/gcc/arm-none-eabi/10.3.1/../../../../arm-none-eabi/lib/thumb/v7-m/nofp/crt0.o (__libc_init_array)
d:/systemdata/program/work/stmicroelectronics/stm32cubeide_1.12.0/stm32cubeide/plugins/com.st.stm32cube.ide.mcu.externaltools.gnu-tools-for-stm32.10.3-2021.10.win32_1.0.200.202301161003/tools/bin/../lib/gcc/arm-none-eabi/10.3.1/../../../../arm-none-eabi/lib/thumb/v7-m/nofp\libc_nano.a(lib_a-memset.o)
                              d:/systemdata/program/work/stmicroelectronics/stm32cubeide_1.12.0/stm32cubeide/plugins/com.st.stm32cube.ide.mcu.externaltools.gnu-tools-for-stm32.10.3-2021.10.win32_1.0.200.202301161003/tools/bin/../lib/gcc/arm-none-eabi/10.3.1/../../../../arm-none-eabi/lib/thumb/v7-m/nofp/crt0.o (memset)
d:/systemdata/program/work/stmicroelectronics/stm32cubeide_1.12.0/stm32cubeide/plugins/com.st.stm32cube.ide.mcu.externaltools.gnu-tools-for-stm32.10.3-2021.10.win32_1.0.200.202301161003/tools/bin/../lib/gcc/arm-none-eabi/10.3.1/../../../../arm-none-eabi/lib/thumb/v7-m/nofp\libm.a(lib_a-w_sqrt.o)
                              ./Core/IMU/IMU.o (sqrt)
d:/systemdata/program/work/stmicroelectronics/stm32cubeide_1.12.0/stm32cubeide/plugins/com.st.stm32cube.ide.mcu.externaltools.gnu-tools-for-stm32.10.3-2021.10.win32_1.0.200.202301161003/tools/bin/../lib/gcc/arm-none-eabi/10.3.1/../../../../arm-none-eabi/lib/thumb/v7-m/nofp\libm.a(lib_a-e_sqrt.o)
                              d:/systemdata/program/work/stmicroelectronics/stm32cubeide_1.12.0/stm32cubeide/plugins/com.st.stm32cube.ide.mcu.externaltools.gnu-tools-for-stm32.10.3-2021.10.win32_1.0.200.202301161003/tools/bin/../lib/gcc/arm-none-eabi/10.3.1/../../../../arm-none-eabi/lib/thumb/v7-m/nofp\libm.a(lib_a-w_sqrt.o) (__ieee754_sqrt)
d:/systemdata/program/work/stmicroelectronics/stm32cubeide_1.12.0/stm32cubeide/plugins/com.st.stm32cube.ide.mcu.externaltools.gnu-tools-for-stm32.10.3-2021.10.win32_1.0.200.202301161003/tools/bin/../lib/gcc/arm-none-eabi/10.3.1/thumb/v7-m/nofp\libgcc.a(_arm_muldf3.o)
                              ./Core/IMU/IMU.o (__aeabi_dmul)
d:/systemdata/program/work/stmicroelectronics/stm32cubeide_1.12.0/stm32cubeide/plugins/com.st.stm32cube.ide.mcu.externaltools.gnu-tools-for-stm32.10.3-2021.10.win32_1.0.200.202301161003/tools/bin/../lib/gcc/arm-none-eabi/10.3.1/thumb/v7-m/nofp\libgcc.a(_arm_mulsf3.o)
                              ./Core/Battery/Battery.o (__aeabi_fmul)
d:/systemdata/program/work/stmicroelectronics/stm32cubeide_1.12.0/stm32cubeide/plugins/com.st.stm32cube.ide.mcu.externaltools.gnu-tools-for-stm32.10.3-2021.10.win32_1.0.200.202301161003/tools/bin/../lib/gcc/arm-none-eabi/10.3.1/thumb/v7-m/nofp\libgcc.a(_arm_addsubdf3.o)
[...]
Memory Configuration

Name             Origin             Length             Attributes
RAM              0x0000000020000000 0x0000000000005000 xrw
FLASH            0x0000000008000000 0x0000000000010000 xr
*default*        0x0000000000000000 0xffffffffffffffff

Linker script and memory map

LOAD d:/systemdata/program/work/stmicroelectronics/stm32cubeide_1.12.0/stm32cubeide/plugins/com.st.stm32cube.ide.mcu.externaltools.gnu-tools-for-stm32.10.3-2021.10.win32_1.0.200.202301161003/tools/bin/../lib/gcc/arm-none-eabi/10.3.1/thumb/v7-m/nofp/crti.o
LOAD d:/systemdata/program/work/stmicroelectronics/stm32cubeide_1.12.0/stm32cubeide/plugins/com.st.stm32cube.ide.mcu.externaltools.gnu-tools-for-stm32.10.3-2021.10.win32_1.0.200.202301161003/tools/bin/../lib/gcc/arm-none-eabi/10.3.1/thumb/v7-m/nofp/crtbegin.o
LOAD d:/systemdata/program/work/stmicroelectronics/stm32cubeide_1.12.0/stm32cubeide/plugins/com.st.stm32cube.ide.mcu.externaltools.gnu-tools-for-stm32.10.3-2021.10.win32_1.0.200.202301161003/tools/bin/../lib/gcc/arm-none-eabi/10.3.1/../../../../arm-none-eabi/lib/thumb/v7-m/nofp/crt0.o
LOAD ./Core/BLE/BLE.o
LOAD ./Core/Battery/Battery.o
LOAD ./Core/Encoder/Encoder.o
LOAD ./Core/IMU/IMU.o
LOAD ./Core/Master_Slave_Communication/Master_Slave_Communication.o
LOAD ./Core/Src/adc.o
LOAD ./Core/Src/crc.o
LOAD ./Core/Src/dma.o
LOAD ./Core/Src/gpio.o
LOAD ./Core/Src/i2c.o
LOAD ./Core/Src/main.o
LOAD ./Core/Src/spi.o
LOAD ./Core/Src/stm32f1xx_hal_msp.o
LOAD ./Core/Src/stm32f1xx_it.o
LOAD ./Core/Src/syscalls.o
LOAD ./Core/Src/sysmem.o
LOAD ./Core/Src/system_stm32f1xx.o
LOAD ./Core/Src/tim.o
LOAD ./Core/Src/usart.o
LOAD ./Core/Startup/startup_stm32f103c8tx.o
LOAD ./Core/Tracking/Tracking.o
LOAD ./Drivers/STM32F1xx_HAL_Driver/Src/stm32f1xx_hal.o
LOAD ./Drivers/STM32F1xx_HAL_Driver/Src/stm32f1xx_hal_adc.o
LOAD ./Drivers/STM32F1xx_HAL_Driver/Src/stm32f1xx_hal_adc_ex.o
LOAD ./Drivers/STM32F1xx_HAL_Driver/Src/stm32f1xx_hal_cortex.o
LOAD ./Drivers/STM32F1xx_HAL_Driver/Src/stm32f1xx_hal_crc.o
LOAD ./Drivers/STM32F1xx_HAL_Driver/Src/stm32f1xx_hal_dma.o
LOAD ./Drivers/STM32F1xx_HAL_Driver/Src/stm32f1xx_hal_exti.o
LOAD ./Drivers/STM32F1xx_HAL_Driver/Src/stm32f1xx_hal_flash.o
LOAD ./Drivers/STM32F1xx_HAL_Driver/Src/stm32f1xx_hal_flash_ex.o
LOAD ./Drivers/STM32F1xx_HAL_Driver/Src/stm32f1xx_hal_gpio.o
LOAD ./Drivers/STM32F1xx_HAL_Driver/Src/stm32f1xx_hal_gpio_ex.o
LOAD ./Drivers/STM32F1xx_HAL_Driver/Src/stm32f1xx_hal_i2c.o
LOAD ./Drivers/STM32F1xx_HAL_Driver/Src/stm32f1xx_hal_pwr.o
LOAD ./Drivers/STM32F1xx_HAL_Driver/Src/stm32f1xx_hal_rcc.o
LOAD ./Drivers/STM32F1xx_HAL_Driver/Src/stm32f1xx_hal_rcc_ex.o
LOAD ./Drivers/STM32F1xx_HAL_Driver/Src/stm32f1xx_hal_spi.o
LOAD ./Drivers/STM32F1xx_HAL_Driver/Src/stm32f1xx_hal_tim.o
LOAD ./Drivers/STM32F1xx_HAL_Driver/Src/stm32f1xx_hal_tim_ex.o
LOAD ./Drivers/STM32F1xx_HAL_Driver/Src/stm32f1xx_hal_uart.o
START GROUP
LOAD d:/systemdata/program/work/stmicroelectronics/stm32cubeide_1.12.0/stm32cubeide/plugins/com.st.stm32cube.ide.mcu.externaltools.gnu-tools-for-stm32.10.3-2021.10.win32_1.0.200.202301161003/tools/bin/../lib/gcc/arm-none-eabi/10.3.1/../../../../arm-none-eabi/lib/thumb/v7-m/nofp\libc_nano.a
LOAD d:/systemdata/program/work/stmicroelectronics/stm32cubeide_1.12.0/stm32cubeide/plugins/com.st.stm32cube.ide.mcu.externaltools.gnu-tools-for-stm32.10.3-2021.10.win32_1.0.200.202301161003/tools/bin/../lib/gcc/arm-none-eabi/10.3.1/../../../../arm-none-eabi/lib/thumb/v7-m/nofp\libm.a
END GROUP
START GROUP
LOAD d:/systemdata/program/work/stmicroelectronics/stm32cubeide_1.12.0/stm32cubeide/plugins/com.st.stm32cube.ide.mcu.externaltools.gnu-tools-for-stm32.10.3-2021.10.win32_1.0.200.202301161003/tools/bin/../lib/gcc/arm-none-eabi/10.3.1/thumb/v7-m/nofp\libgcc.a
LOAD d:/systemdata/program/work/stmicroelectronics/stm32cubeide_1.12.0/stm32cubeide/plugins/com.st.stm32cube.ide.mcu.externaltools.gnu-tools-for-stm32.10.3-2021.10.win32_1.0.200.202301161003/tools/bin/../lib/gcc/arm-none-eabi/10.3.1/../../../../arm-none-eabi/lib/thumb/v7-m/nofp\libc_nano.a
END GROUP
START GROUP
LOAD d:/systemdata/program/work/stmicroelectronics/stm32cubeide_1.12.0/stm32cubeide/plugins/com.st.stm32cube.ide.mcu.externaltools.gnu-tools-for-stm32.10.3-2021.10.win32_1.0.200.202301161003/tools/bin/../lib/gcc/arm-none-eabi/10.3.1/thumb/v7-m/nofp\libgcc.a
LOAD d:/systemdata/program/work/stmicroelectronics/stm32cubeide_1.12.0/stm32cubeide/plugins/com.st.stm32cube.ide.mcu.externaltools.gnu-tools-for-stm32.10.3-2021.10.win32_1.0.200.202301161003/tools/bin/../lib/gcc/arm-none-eabi/10.3.1/../../../../arm-none-eabi/lib/thumb/v7-m/nofp\libc_nano.a
LOAD d:/systemdata/program/work/stmicroelectronics/stm32cubeide_1.12.0/stm32cubeide/plugins/com.st.stm32cube.ide.mcu.externaltools.gnu-tools-for-stm32.10.3-2021.10.win32_1.0.200.202301161003/tools/bin/../lib/gcc/arm-none-eabi/10.3.1/../../../../arm-none-eabi/lib/thumb/v7-m/nofp\libnosys.a
END GROUP
START GROUP
LOAD d:/systemdata/program/work/stmicroelectronics/stm32cubeide_1.12.0/stm32cubeide/plugins/com.st.stm32cube.ide.mcu.externaltools.gnu-tools-for-stm32.10.3-2021.10.win32_1.0.200.202301161003/tools/bin/../lib/gcc/arm-none-eabi/10.3.1/thumb/v7-m/nofp\libgcc.a
LOAD d:/systemdata/program/work/stmicroelectronics/stm32cubeide_1.12.0/stm32cubeide/plugins/com.st.stm32cube.ide.mcu.externaltools.gnu-tools-for-stm32.10.3-2021.10.win32_1.0.200.202301161003/tools/bin/../lib/gcc/arm-none-eabi/10.3.1/../../../../arm-none-eabi/lib/thumb/v7-m/nofp\libc_nano.a
LOAD d:/systemdata/program/work/stmicroelectronics/stm32cubeide_1.12.0/stm32cubeide/plugins/com.st.stm32cube.ide.mcu.externaltools.gnu-tools-for-stm32.10.3-2021.10.win32_1.0.200.202301161003/tools/bin/../lib/gcc/arm-none-eabi/10.3.1/../../../../arm-none-eabi/lib/thumb/v7-m/nofp\libnosys.a
END GROUP
LOAD d:/systemdata/program/work/stmicroelectronics/stm32cubeide_1.12.0/stm32cubeide/plugins/com.st.stm32cube.ide.mcu.externaltools.gnu-tools-for-stm32.10.3-2021.10.win32_1.0.200.202301161003/tools/bin/../lib/gcc/arm-none-eabi/10.3.1/thumb/v7-m/nofp/crtend.o
LOAD d:/systemdata/program/work/stmicroelectronics/stm32cubeide_1.12.0/stm32cubeide/plugins/com.st.stm32cube.ide.mcu.externaltools.gnu-tools-for-stm32.10.3-2021.10.win32_1.0.200.202301161003/tools/bin/../lib/gcc/arm-none-eabi/10.3.1/thumb/v7-m/nofp/crtn.o
                0x0000000020005000                _estack = (ORIGIN (RAM) + LENGTH (RAM))
                0x0000000000000200                _Min_Heap_Size = 0x200
                0x0000000000000400                _Min_Stack_Size = 0x400

.isr_vector     0x0000000008000000      0x10c
                0x0000000008000000                . = ALIGN (0x4)
 *(.isr_vector)
 .isr_vector    0x0000000008000000      0x10c ./Core/Startup/startup_stm32f103c8tx.o
                0x0000000008000000                g_pfnVectors
                0x000000000800010c                . = ALIGN (0x4)

.text           0x000000000800010c     0x5170
                0x000000000800010c                . = ALIGN (0x4)
 *(.text)
 .text          0x000000000800010c       0x40 d:/systemdata/program/work/stmicroelectronics/stm32cubeide_1.12.0/stm32cubeide/plugins/com.st.stm32cube.ide.mcu.externaltools.gnu-tools-for-stm32.10.3-2021.10.win32_1.0.200.202301161003/tools/bin/../lib/gcc/arm-none-eabi/10.3.1/thumb/v7-m/nofp/crtbegin.o
 .text          0x000000000800014c      0x168 d:/systemdata/program/work/stmicroelectronics/stm32cubeide_1.12.0/stm32cubeide/plugins/com.st.stm32cube.ide.mcu.externaltools.gnu-tools-for-stm32.10.3-2021.10.win32_1.0.200.202301161003/tools/bin/../lib/gcc/arm-none-eabi/10.3.1/thumb/v7-m/nofp\libgcc.a(_arm_mulsf3.o)
                0x000000000800014c                __aeabi_fmul
                0x000000000800014c                __mulsf3
 .text          0x00000000080002b4      0x378 d:/systemdata/program/work/stmicroelectronics/stm32cubeide_1.12.0/stm32cubeide/plugins/com.st.stm32cube.ide.mcu.externaltools.gnu-tools-for-stm32.10.3-2021.10.win32_1.0.200.202301161003/tools/bin/../lib/gcc/arm-none-eabi/10.3.1/thumb/v7-m/nofp\libgcc.a(_arm_addsubdf3.o)
                0x00000000080002b4                __aeabi_drsub
                0x00000000080002bc                __aeabi_dsub
                0x00000000080002bc                __subdf3
                0x00000000080002c0                __aeabi_dadd
                0x00000000080002c0                __adddf3
                0x0000000008000538                __floatunsidf
                0x0000000008000538                __aeabi_ui2d
                0x0000000008000558                __floatsidf
                0x0000000008000558                __aeabi_i2d
                0x000000000800057c                __aeabi_f2d
                0x000000000800057c                __extendsfdf2
                0x00000000080005c0                __floatundidf
                0x00000000080005c0                __aeabi_ul2d
                0x00000000080005d0                __floatdidf
                0x00000000080005d0                __aeabi_l2d
 .text          0x000000000800062c      0x424 d:/systemdata/program/work/stmicroelectronics/stm32cubeide_1.12.0/stm32cubeide/plugins/com.st.stm32cube.ide.mcu.externaltools.gnu-tools-for-stm32.10.3-2021.10.win32_1.0.200.202301161003/tools/bin/../lib/gcc/arm-none-eabi/10.3.1/thumb/v7-m/nofp\libgcc.a(_arm_muldivdf3.o)
                0x000000000800062c                __aeabi_dmul
                0x000000000800062c                __muldf3
                0x0000000008000880                __divdf3
                0x0000000008000880                __aeabi_ddiv
 .text          0x0000000008000a50      0x110 d:/systemdata/program/work/stmicroelectronics/stm32cubeide_1.12.0/stm32cubeide/plugins/com.st.stm32cube.ide.mcu.externaltools.gnu-tools-for-stm32.10.3-2021.10.win32_1.0.200.202301161003/tools/bin/../lib/gcc/arm-none-eabi/10.3.1/thumb/v7-m/nofp\libgcc.a(_arm_cmpdf2.o)
                0x0000000008000a50                __gtdf2
                0x0000000008000a50                __gedf2
                0x0000000008000a58                __ltdf2
                0x0000000008000a58                __ledf2
                0x0000000008000a60                __nedf2
                0x0000000008000a60                __eqdf2
                0x0000000008000a60                __cmpdf2
                0x0000000008000adc                __aeabi_cdrcmple
                0x0000000008000aec                __aeabi_cdcmpeq
                0x0000000008000aec                __aeabi_cdcmple
                0x0000000008000afc                __aeabi_dcmpeq
                0x0000000008000b10                __aeabi_dcmplt
                0x0000000008000b24                __aeabi_dcmple
                0x0000000008000b38                __aeabi_dcmpge
                0x0000000008000b4c                __aeabi_dcmpgt
 .text          0x0000000008000b60       0x2c d:/systemdata/program/work/stmicroelectronics/stm32cubeide_1.12.0/stm32cubeide/plugins/com.st.stm32cube.ide.mcu.externaltools.gnu-tools-for-stm32.10.3-2021.10.win32_1.0.200.202301161003/tools/bin/../lib/gcc/arm-none-eabi/10.3.1/thumb/v7-m/nofp\libgcc.a(_arm_unorddf2.o)
                0x0000000008000b60                __unorddf2
                0x0000000008000b60                __aeabi_dcmpun
 .text          0x0000000008000b8c       0xa0 d:/systemdata/program/work/stmicroelectronics/stm32cubeide_1.12.0/stm32cubeide/plugins/com.st.stm32cube.ide.mcu.externaltools.gnu-tools-for-stm32.10.3-2021.10.win32_1.0.200.202301161003/tools/bin/../lib/gcc/arm-none-eabi/10.3.1/thumb/v7-m/nofp\libgcc.a(_arm_truncdfsf2.o)
                0x0000000008000b8c                __truncdfsf2
                0x0000000008000b8c                __aeabi_d2f
 .text          0x0000000008000c2c      0x21c d:/systemdata/program/work/stmicroelectronics/stm32cubeide_1.12.0/stm32cubeide/plugins/com.st.stm32cube.ide.mcu.externaltools.gnu-tools-for-stm32.10.3-2021.10.win32_1.0.200.202301161003/tools/bin/../lib/gcc/arm-none-eabi/10.3.1/thumb/v7-m/nofp\libgcc.a(_arm_addsubsf3.o)
                0x0000000008000c2c                __aeabi_frsub
                0x0000000008000c34                __subsf3
                0x0000000008000c34                __aeabi_fsub
                0x0000000008000c38                __aeabi_fadd
                0x0000000008000c38                __addsf3
                0x0000000008000d98                __aeabi_ui2f
                0x0000000008000d98                __floatunsisf
                0x0000000008000da0                __aeabi_i2f
                0x0000000008000da0                __floatsisf
                0x0000000008000dbc                __aeabi_ul2f
                0x0000000008000dbc                __floatundisf
                0x0000000008000dcc                __aeabi_l2f
                0x0000000008000dcc                __floatdisf
 *(.text*)
 .text.BLE_Detection
                0x0000000008000e48       0x84 ./Core/BLE/BLE.o
                0x0000000008000e48                BLE_Detection
 .text.BLE_Init
                0x0000000008000ecc        0xc ./Core/BLE/BLE.o
                0x0000000008000ecc                BLE_Init
 .text.BLE_Receive
                0x0000000008000ed8      0x17c ./Core/BLE/BLE.o
                0x0000000008000ed8                BLE_Receive
 .text.BLE_Receive_Clear
                0x0000000008001054       0x10 ./Core/BLE/BLE.o
                0x0000000008001054                BLE_Receive_Clear
 .text.Battery_Detection_Init
                0x0000000008001064        0xc ./Core/Battery/Battery.o
                0x0000000008001064                Battery_Detection_Init
 .text.Battery_Detection
                0x0000000008001070       0x30 ./Core/Battery/Battery.o
                0x0000000008001070                Battery_Detection
 .text.Encoder  0x00000000080010a0      0x330 ./Core/Encoder/Encoder.o
                0x00000000080010a0                Encoder
 .text.Encoder_Detection
                0x00000000080013d0       0x18 ./Core/Encoder/Encoder.o
                0x00000000080013d0                Encoder_Detection
 .text.IMU_Receive
                0x00000000080013e8      0x1c8 ./Core/IMU/IMU.o
                0x00000000080013e8                IMU_Receive
 .text.IMU_Init
                0x00000000080015b0       0x70 ./Core/IMU/IMU.o
                0x00000000080015b0                IMU_Init
 .text.Master_Slave_Communication_Init
                0x0000000008001620       0x10 ./Core/Master_Slave_Communication/Master_Slave_Communication.o
                0x0000000008001620                Master_Slave_Communication_Init
 .text.Master_Slave_Communication
                0x0000000008001630       0x30 ./Core/Master_Slave_Communication/Master_Slave_Communication.o
                0x0000000008001630                Master_Slave_Communication
 .text.MX_ADC1_Init
                0x0000000008001660       0x5c ./Core/Src/adc.o
                0x0000000008001660                MX_ADC1_Init
 .text.HAL_ADC_MspInit
                0x00000000080016bc       0x64 ./Core/Src/adc.o
                0x00000000080016bc                HAL_ADC_MspInit
 .text.MX_CRC_Init
                0x0000000008001720       0x20 ./Core/Src/crc.o
                0x0000000008001720                MX_CRC_Init
 .text.HAL_CRC_MspInit
                0x0000000008001740       0x2c ./Core/Src/crc.o
                0x0000000008001740                HAL_CRC_MspInit
 .text.MX_DMA_Init
                0x000000000800176c       0x44 ./Core/Src/dma.o
                0x000000000800176c                MX_DMA_Init
 .text.MX_GPIO_Init
                0x00000000080017b0       0xdc ./Core/Src/gpio.o
                0x00000000080017b0                MX_GPIO_Init
 .text.MX_I2C1_Init
                0x000000000800188c       0x40 ./Core/Src/i2c.o
                0x000000000800188c                MX_I2C1_Init
 .text.HAL_I2C_MspInit
                0x00000000080018cc       0x78 ./Core/Src/i2c.o
                0x00000000080018cc                HAL_I2C_MspInit
 .text.HAL_TIM_PeriodElapsedCallback
                0x0000000008001944       0x10 ./Core/Src/main.o
                0x0000000008001944                HAL_TIM_PeriodElapsedCallback
 .text.SystemClock_Config
                0x0000000008001954       0x84 ./Core/Src/main.o
                0x0000000008001954                SystemClock_Config
 .text.startup.main
                0x00000000080019d8       0x74 ./Core/Src/main.o
                0x00000000080019d8                main
 .text.Error_Handler
                0x0000000008001a4c        0x4 ./Core/Src/main.o
                0x0000000008001a4c                Error_Handler
 .text.MX_SPI1_Init
                0x0000000008001a50       0x48 ./Core/Src/spi.o
                0x0000000008001a50                MX_SPI1_Init
 .text.MX_SPI2_Init
                0x0000000008001a98       0x48 ./Core/Src/spi.o
                0x0000000008001a98                MX_SPI2_Init
 .text.HAL_SPI_MspInit
                0x0000000008001ae0       0xdc ./Core/Src/spi.o
                0x0000000008001ae0                HAL_SPI_MspInit
 .text.HAL_MspInit
                0x0000000008001bbc       0x44 ./Core/Src/stm32f1xx_hal_msp.o
                0x0000000008001bbc                HAL_MspInit
 .text.NMI_Handler
                0x0000000008001c00        0x4 ./Core/Src/stm32f1xx_it.o
                0x0000000008001c00                NMI_Handler
 .text.HardFault_Handler
                0x0000000008001c04        0x4 ./Core/Src/stm32f1xx_it.o
                0x0000000008001c04                HardFault_Handler
 .text.MemManage_Handler
                0x0000000008001c08        0x4 ./Core/Src/stm32f1xx_it.o
                0x0000000008001c08                MemManage_Handler
 .text.BusFault_Handler
                0x0000000008001c0c        0x4 ./Core/Src/stm32f1xx_it.o
                0x0000000008001c0c                BusFault_Handler
 .text.UsageFault_Handler
                0x0000000008001c10        0x4 ./Core/Src/stm32f1xx_it.o
                0x0000000008001c10                UsageFault_Handler
 .text.SVC_Handler
                0x0000000008001c14        0x4 ./Core/Src/stm32f1xx_it.o
                0x0000000008001c14                SVC_Handler
 .text.DebugMon_Handler
                0x0000000008001c18        0x4 ./Core/Src/stm32f1xx_it.o
                0x0000000008001c18                DebugMon_Handler
 .text.PendSV_Handler
                0x0000000008001c1c        0x4 ./Core/Src/stm32f1xx_it.o
                0x0000000008001c1c                PendSV_Handler
 .text.SysTick_Handler
                0x0000000008001c20        0x4 ./Core/Src/stm32f1xx_it.o
                0x0000000008001c20                SysTick_Handler
 .text.DMA1_Channel5_IRQHandler
                0x0000000008001c24        0xc ./Core/Src/stm32f1xx_it.o
                0x0000000008001c24                DMA1_Channel5_IRQHandler
 .text.DMA1_Channel6_IRQHandler
                0x0000000008001c30       0x14 ./Core/Src/stm32f1xx_it.o
                0x0000000008001c30                DMA1_Channel6_IRQHandler
 .text.TIM3_IRQHandler
                0x0000000008001c44        0xc ./Core/Src/stm32f1xx_it.o
                0x0000000008001c44                TIM3_IRQHandler
 .text.USART1_IRQHandler
                0x0000000008001c50       0x64 ./Core/Src/stm32f1xx_it.o
                0x0000000008001c50                USART1_IRQHandler
 .text.SystemInit
                0x0000000008001cb4        0x4 ./Core/Src/system_stm32f1xx.o
                0x0000000008001cb4                SystemInit
 .text.MX_TIM3_Init
                0x0000000008001cb8       0x74 ./Core/Src/tim.o
                0x0000000008001cb8                MX_TIM3_Init
 .text.HAL_TIM_Base_MspInit
                0x0000000008001d2c       0x40 ./Core/Src/tim.o
                0x0000000008001d2c                HAL_TIM_Base_MspInit
 .text.MX_USART1_UART_Init
                0x0000000008001d6c       0x38 ./Core/Src/usart.o
                0x0000000008001d6c                MX_USART1_UART_Init
 .text.MX_USART2_UART_Init
                0x0000000008001da4       0x38 ./Core/Src/usart.o
                0x0000000008001da4                MX_USART2_UART_Init
 .text.HAL_UART_MspInit
                0x0000000008001ddc      0x164 ./Core/Src/usart.o
                0x0000000008001ddc                HAL_UART_MspInit
 .text.Reset_Handler
                0x0000000008001f40       0x48 ./Core/Startup/startup_stm32f103c8tx.o
                0x0000000008001f40                Reset_Handler
 .text.Default_Handler
                0x0000000008001f88        0x2 ./Core/Startup/startup_stm32f103c8tx.o
                0x0000000008001f88                RTC_Alarm_IRQHandler
                0x0000000008001f88                EXTI2_IRQHandler
                0x0000000008001f88                TIM1_CC_IRQHandler
                0x0000000008001f88                PVD_IRQHandler
                0x0000000008001f88                EXTI3_IRQHandler
                0x0000000008001f88                EXTI0_IRQHandler
                0x0000000008001f88                I2C2_EV_IRQHandler
                0x0000000008001f88                ADC1_2_IRQHandler
                0x0000000008001f88                SPI1_IRQHandler
                0x0000000008001f88                TAMPER_IRQHandler
                0x0000000008001f88                DMA1_Channel4_IRQHandler
                0x0000000008001f88                USART3_IRQHandler
                0x0000000008001f88                RTC_IRQHandler
                0x0000000008001f88                DMA1_Channel7_IRQHandler
                0x0000000008001f88                CAN1_RX1_IRQHandler
                0x0000000008001f88                TIM4_IRQHandler
                0x0000000008001f88                I2C1_EV_IRQHandler
                0x0000000008001f88                RCC_IRQHandler
                0x0000000008001f88                TIM1_TRG_COM_IRQHandler
                0x0000000008001f88                DMA1_Channel1_IRQHandler
                0x0000000008001f88                Default_Handler
                0x0000000008001f88                EXTI15_10_IRQHandler
                0x0000000008001f88                EXTI9_5_IRQHandler
                0x0000000008001f88                SPI2_IRQHandler
                0x0000000008001f88                EXTI4_IRQHandler
                0x0000000008001f88                USB_LP_CAN1_RX0_IRQHandler
                0x0000000008001f88                USB_HP_CAN1_TX_IRQHandler
                0x0000000008001f88                DMA1_Channel3_IRQHandler
                0x0000000008001f88                TIM1_UP_IRQHandler
                0x0000000008001f88                WWDG_IRQHandler
                0x0000000008001f88                TIM2_IRQHandler
                0x0000000008001f88                TIM1_BRK_IRQHandler
                0x0000000008001f88                EXTI1_IRQHandler
                0x0000000008001f88                USART2_IRQHandler
                0x0000000008001f88                I2C2_ER_IRQHandler
                0x0000000008001f88                DMA1_Channel2_IRQHandler
                0x0000000008001f88                CAN1_SCE_IRQHandler
                0x0000000008001f88                FLASH_IRQHandler
                0x0000000008001f88                I2C1_ER_IRQHandler
                0x0000000008001f88                USBWakeUp_IRQHandler
 *fill*         0x0000000008001f8a        0x2 
 .text.Tracking_Detection
                0x0000000008001f8c       0xa8 ./Core/Tracking/Tracking.o
                0x0000000008001f8c                Tracking_Detection
 .text.HAL_InitTick
                0x0000000008002034       0x48 ./Drivers/STM32F1xx_HAL_Driver/Src/stm32f1xx_hal.o
                0x0000000008002034                HAL_InitTick
 .text.HAL_Init
                0x000000000800207c       0x24 ./Drivers/STM32F1xx_HAL_Driver/Src/stm32f1xx_hal.o
                0x000000000800207c                HAL_Init
 .text.HAL_IncTick
                0x00000000080020a0       0x18 ./Drivers/STM32F1xx_HAL_Driver/Src/stm32f1xx_hal.o
                0x00000000080020a0                HAL_IncTick
 .text.HAL_GetTick
                0x00000000080020b8        0xc ./Drivers/STM32F1xx_HAL_Driver/Src/stm32f1xx_hal.o
                0x00000000080020b8                HAL_GetTick
 .text.HAL_Delay
                0x00000000080020c4       0x24 ./Drivers/STM32F1xx_HAL_Driver/Src/stm32f1xx_hal.o
                0x00000000080020c4                HAL_Delay
 .text.HAL_ADC_Init
                0x00000000080020e8      0x17c ./Drivers/STM32F1xx_HAL_Driver/Src/stm32f1xx_hal_adc.o
                0x00000000080020e8                HAL_ADC_Init
 .text.HAL_ADC_PollForConversion
                0x0000000008002264      0x19c ./Drivers/STM32F1xx_HAL_Driver/Src/stm32f1xx_hal_adc.o
                0x0000000008002264                HAL_ADC_PollForConversion
 .text.HAL_ADC_GetValue
                0x0000000008002400        0x8 ./Drivers/STM32F1xx_HAL_Driver/Src/stm32f1xx_hal_adc.o
                0x0000000008002400                HAL_ADC_GetValue
 .text.HAL_ADC_ConfigChannel
                0x0000000008002408      0x134 ./Drivers/STM32F1xx_HAL_Driver/Src/stm32f1xx_hal_adc.o
                0x0000000008002408                HAL_ADC_ConfigChannel
 .text.ADC_Enable
                0x000000000800253c       0x88 ./Drivers/STM32F1xx_HAL_Driver/Src/stm32f1xx_hal_adc.o
                0x000000000800253c                ADC_Enable
 .text.HAL_ADC_Start
                0x00000000080025c4       0xcc ./Drivers/STM32F1xx_HAL_Driver/Src/stm32f1xx_hal_adc.o
                0x00000000080025c4                HAL_ADC_Start
 .text.HAL_NVIC_SetPriorityGrouping
                0x0000000008002690       0x24 ./Drivers/STM32F1xx_HAL_Driver/Src/stm32f1xx_hal_cortex.o
                0x0000000008002690                HAL_NVIC_SetPriorityGrouping
 .text.HAL_NVIC_SetPriority
                0x00000000080026b4       0x7c ./Drivers/STM32F1xx_HAL_Driver/Src/stm32f1xx_hal_cortex.o
                0x00000000080026b4                HAL_NVIC_SetPriority
 .text.HAL_NVIC_EnableIRQ
                0x0000000008002730       0x1c ./Drivers/STM32F1xx_HAL_Driver/Src/stm32f1xx_hal_cortex.o
                0x0000000008002730                HAL_NVIC_EnableIRQ
 .text.HAL_SYSTICK_Config
                0x000000000800274c       0x30 ./Drivers/STM32F1xx_HAL_Driver/Src/stm32f1xx_hal_cortex.o
                0x000000000800274c                HAL_SYSTICK_Config
 .text.HAL_CRC_Init
                0x000000000800277c       0x28 ./Drivers/STM32F1xx_HAL_Driver/Src/stm32f1xx_hal_crc.o
                0x000000000800277c                HAL_CRC_Init
 .text.HAL_CRC_Calculate
                0x00000000080027a4       0x30 ./Drivers/STM32F1xx_HAL_Driver/Src/stm32f1xx_hal_crc.o
                0x00000000080027a4                HAL_CRC_Calculate
 .text.HAL_DMA_Init
                0x00000000080027d4       0x64 ./Drivers/STM32F1xx_HAL_Driver/Src/stm32f1xx_hal_dma.o
                0x00000000080027d4                HAL_DMA_Init
 .text.HAL_DMA_Start_IT
                0x0000000008002838       0x90 ./Drivers/STM32F1xx_HAL_Driver/Src/stm32f1xx_hal_dma.o
                0x0000000008002838                HAL_DMA_Start_IT
 .text.HAL_DMA_Abort
                0x00000000080028c8       0x44 ./Drivers/STM32F1xx_HAL_Driver/Src/stm32f1xx_hal_dma.o
                0x00000000080028c8                HAL_DMA_Abort
 .text.HAL_DMA_Abort_IT
                0x000000000800290c       0x94 ./Drivers/STM32F1xx_HAL_Driver/Src/stm32f1xx_hal_dma.o
                0x000000000800290c                HAL_DMA_Abort_IT
 .text.HAL_DMA_IRQHandler
                0x00000000080029a0      0x128 ./Drivers/STM32F1xx_HAL_Driver/Src/stm32f1xx_hal_dma.o
                0x00000000080029a0                HAL_DMA_IRQHandler
 .text.HAL_GPIO_Init
                0x0000000008002ac8      0x21c ./Drivers/STM32F1xx_HAL_Driver/Src/stm32f1xx_hal_gpio.o
                0x0000000008002ac8                HAL_GPIO_Init
 .text.HAL_GPIO_ReadPin
                0x0000000008002ce4        0xc ./Drivers/STM32F1xx_HAL_Driver/Src/stm32f1xx_hal_gpio.o
                0x0000000008002ce4                HAL_GPIO_ReadPin
 .text.HAL_GPIO_WritePin
                0x0000000008002cf0        0x8 ./Drivers/STM32F1xx_HAL_Driver/Src/stm32f1xx_hal_gpio.o
                0x0000000008002cf0                HAL_GPIO_WritePin
 .text.HAL_I2C_Init
                0x0000000008002cf8      0x190 ./Drivers/STM32F1xx_HAL_Driver/Src/stm32f1xx_hal_i2c.o
                0x0000000008002cf8                HAL_I2C_Init
 .text.HAL_I2C_Master_Transmit
                0x0000000008002e88      0x32c ./Drivers/STM32F1xx_HAL_Driver/Src/stm32f1xx_hal_i2c.o
                0x0000000008002e88                HAL_I2C_Master_Transmit
 .text.HAL_I2C_Master_Receive
                0x00000000080031b4      0x520 ./Drivers/STM32F1xx_HAL_Driver/Src/stm32f1xx_hal_i2c.o
                0x00000000080031b4                HAL_I2C_Master_Receive
 .text.HAL_RCC_OscConfig
                0x00000000080036d4      0x3e0 ./Drivers/STM32F1xx_HAL_Driver/Src/stm32f1xx_hal_rcc.o
                0x00000000080036d4                HAL_RCC_OscConfig
 .text.HAL_RCC_ClockConfig
                0x0000000008003ab4      0x1a0 ./Drivers/STM32F1xx_HAL_Driver/Src/stm32f1xx_hal_rcc.o
                0x0000000008003ab4                HAL_RCC_ClockConfig
 .text.HAL_RCC_GetPCLK1Freq
                0x0000000008003c54       0x20 ./Drivers/STM32F1xx_HAL_Driver/Src/stm32f1xx_hal_rcc.o
                0x0000000008003c54                HAL_RCC_GetPCLK1Freq
 .text.HAL_RCC_GetPCLK2Freq
                0x0000000008003c74       0x20 ./Drivers/STM32F1xx_HAL_Driver/Src/stm32f1xx_hal_rcc.o
                0x0000000008003c74                HAL_RCC_GetPCLK2Freq
 .text.HAL_RCCEx_PeriphCLKConfig
                0x0000000008003c94      0x104 ./Drivers/STM32F1xx_HAL_Driver/Src/stm32f1xx_hal_rcc_ex.o
                0x0000000008003c94                HAL_RCCEx_PeriphCLKConfig
 .text.HAL_RCCEx_GetPeriphCLKFreq
                0x0000000008003d98       0xf4 ./Drivers/STM32F1xx_HAL_Driver/Src/stm32f1xx_hal_rcc_ex.o
                0x0000000008003d98                HAL_RCCEx_GetPeriphCLKFreq
 .text.SPI_WaitFlagStateUntilTimeout.constprop.1
                0x0000000008003e8c       0xbc ./Drivers/STM32F1xx_HAL_Driver/Src/stm32f1xx_hal_spi.o
 .text.HAL_SPI_Init
                0x0000000008003f48       0xbc ./Drivers/STM32F1xx_HAL_Driver/Src/stm32f1xx_hal_spi.o
                0x0000000008003f48                HAL_SPI_Init
 .text.HAL_SPI_Transmit
                0x0000000008004004      0x25c ./Drivers/STM32F1xx_HAL_Driver/Src/stm32f1xx_hal_spi.o
                0x0000000008004004                HAL_SPI_Transmit
 .text.HAL_SPI_TransmitReceive
                0x0000000008004260      0x268 ./Drivers/STM32F1xx_HAL_Driver/Src/stm32f1xx_hal_spi.o
                0x0000000008004260                HAL_SPI_TransmitReceive
 .text.HAL_TIM_Base_Init
                0x00000000080044c8       0xdc ./Drivers/STM32F1xx_HAL_Driver/Src/stm32f1xx_hal_tim.o
                0x00000000080044c8                HAL_TIM_Base_Init
 .text.HAL_TIM_Base_Start_IT
                0x00000000080045a4       0x58 ./Drivers/STM32F1xx_HAL_Driver/Src/stm32f1xx_hal_tim.o
                0x00000000080045a4                HAL_TIM_Base_Start_IT
 .text.HAL_TIM_ConfigClockSource
                0x00000000080045fc      0x14c ./Drivers/STM32F1xx_HAL_Driver/Src/stm32f1xx_hal_tim.o
                0x00000000080045fc                HAL_TIM_ConfigClockSource
 .text.HAL_TIM_OC_DelayElapsedCallback
                0x0000000008004748        0x4 ./Drivers/STM32F1xx_HAL_Driver/Src/stm32f1xx_hal_tim.o
                0x0000000008004748                HAL_TIM_OC_DelayElapsedCallback
 .text.HAL_TIM_IC_CaptureCallback
                0x000000000800474c        0x4 ./Drivers/STM32F1xx_HAL_Driver/Src/stm32f1xx_hal_tim.o
                0x000000000800474c                HAL_TIM_IC_CaptureCallback
 .text.HAL_TIM_PWM_PulseFinishedCallback
                0x0000000008004750        0x4 ./Drivers/STM32F1xx_HAL_Driver/Src/stm32f1xx_hal_tim.o
                0x0000000008004750                HAL_TIM_PWM_PulseFinishedCallback
 .text.HAL_TIM_TriggerCallback
                0x0000000008004754        0x4 ./Drivers/STM32F1xx_HAL_Driver/Src/stm32f1xx_hal_tim.o
                0x0000000008004754                HAL_TIM_TriggerCallback
 .text.HAL_TIM_IRQHandler
                0x0000000008004758      0x154 ./Drivers/STM32F1xx_HAL_Driver/Src/stm32f1xx_hal_tim.o
                0x0000000008004758                HAL_TIM_IRQHandler
 .text.HAL_TIMEx_MasterConfigSynchronization
                0x00000000080048ac       0x64 ./Drivers/STM32F1xx_HAL_Driver/Src/stm32f1xx_hal_tim_ex.o
                0x00000000080048ac                HAL_TIMEx_MasterConfigSynchronization
 .text.HAL_TIMEx_CommutCallback
                0x0000000008004910        0x4 ./Drivers/STM32F1xx_HAL_Driver/Src/stm32f1xx_hal_tim_ex.o
                0x0000000008004910                HAL_TIMEx_CommutCallback
 .text.HAL_TIMEx_BreakCallback
                0x0000000008004914        0x4 ./Drivers/STM32F1xx_HAL_Driver/Src/stm32f1xx_hal_tim_ex.o
                0x0000000008004914                HAL_TIMEx_BreakCallback
 .text.HAL_UART_Init
                0x0000000008004918       0xdc ./Drivers/STM32F1xx_HAL_Driver/Src/stm32f1xx_hal_uart.o
                0x0000000008004918                HAL_UART_Init
 .text.HAL_UART_Transmit
                0x00000000080049f4      0x110 ./Drivers/STM32F1xx_HAL_Driver/Src/stm32f1xx_hal_uart.o
                0x00000000080049f4                HAL_UART_Transmit
 .text.HAL_UART_Receive_DMA
                0x0000000008004b04       0xa0 ./Drivers/STM32F1xx_HAL_Driver/Src/stm32f1xx_hal_uart.o
                0x0000000008004b04                HAL_UART_Receive_DMA
 .text.HAL_UART_DMAStop
                0x0000000008004ba4       0x90 ./Drivers/STM32F1xx_HAL_Driver/Src/stm32f1xx_hal_uart.o
                0x0000000008004ba4                HAL_UART_DMAStop
 .text.HAL_UART_TxCpltCallback
                0x0000000008004c34        0x4 ./Drivers/STM32F1xx_HAL_Driver/Src/stm32f1xx_hal_uart.o
                0x0000000008004c34                HAL_UART_TxCpltCallback
 .text.HAL_UART_RxCpltCallback
                0x0000000008004c38        0x4 ./Drivers/STM32F1xx_HAL_Driver/Src/stm32f1xx_hal_uart.o
                0x0000000008004c38                HAL_UART_RxCpltCallback
 .text.HAL_UART_RxHalfCpltCallback
                0x0000000008004c3c        0x4 ./Drivers/STM32F1xx_HAL_Driver/Src/stm32f1xx_hal_uart.o
                0x0000000008004c3c                HAL_UART_RxHalfCpltCallback
 .text.HAL_UART_ErrorCallback
                0x0000000008004c40        0x4 ./Drivers/STM32F1xx_HAL_Driver/Src/stm32f1xx_hal_uart.o
                0x0000000008004c40                HAL_UART_ErrorCallback
 .text.UART_DMAError
                0x0000000008004c44       0x7c ./Drivers/STM32F1xx_HAL_Driver/Src/stm32f1xx_hal_uart.o
 .text.UART_DMAAbortOnError
                0x0000000008004cc0       0x10 ./Drivers/STM32F1xx_HAL_Driver/Src/stm32f1xx_hal_uart.o
 .text.HAL_UARTEx_RxEventCallback
                0x0000000008004cd0        0x4 ./Drivers/STM32F1xx_HAL_Driver/Src/stm32f1xx_hal_uart.o
                0x0000000008004cd0                HAL_UARTEx_RxEventCallback
 .text.UART_DMARxHalfCplt
                0x0000000008004cd4       0x1c ./Drivers/STM32F1xx_HAL_Driver/Src/stm32f1xx_hal_uart.o
 .text.UART_DMAReceiveCplt
                0x0000000008004cf0       0x54 ./Drivers/STM32F1xx_HAL_Driver/Src/stm32f1xx_hal_uart.o
 .text.UART_Receive_IT.part.0.isra.0
                0x0000000008004d44       0xb8 ./Drivers/STM32F1xx_HAL_Driver/Src/stm32f1xx_hal_uart.o
 .text.HAL_UART_IRQHandler
                0x0000000008004dfc      0x25c ./Drivers/STM32F1xx_HAL_Driver/Src/stm32f1xx_hal_uart.o
                0x0000000008004dfc                HAL_UART_IRQHandler
 .text.__errno  0x0000000008005058        0xc d:/systemdata/program/work/stmicroelectronics/stm32cubeide_1.12.0/stm32cubeide/plugins/com.st.stm32cube.ide.mcu.externaltools.gnu-tools-for-stm32.10.3-2021.10.win32_1.0.200.202301161003/tools/bin/../lib/gcc/arm-none-eabi/10.3.1/../../../../arm-none-eabi/lib/thumb/v7-m/nofp\libc_nano.a(lib_a-errno.o)
                0x0000000008005058                __errno
 .text.__libc_init_array
                0x0000000008005064       0x48 d:/systemdata/program/work/stmicroelectronics/stm32cubeide_1.12.0/stm32cubeide/plugins/com.st.stm32cube.ide.mcu.externaltools.gnu-tools-for-stm32.10.3-2021.10.win32_1.0.200.202301161003/tools/bin/../lib/gcc/arm-none-eabi/10.3.1/../../../../arm-none-eabi/lib/thumb/v7-m/nofp\libc_nano.a(lib_a-init.o)
                0x0000000008005064                __libc_init_array
 .text.memset   0x00000000080050ac       0x10 d:/systemdata/program/work/stmicroelectronics/stm32cubeide_1.12.0/stm32cubeide/plugins/com.st.stm32cube.ide.mcu.externaltools.gnu-tools-for-stm32.10.3-2021.10.win32_1.0.200.202301161003/tools/bin/../lib/gcc/arm-none-eabi/10.3.1/../../../../arm-none-eabi/lib/thumb/v7-m/nofp\libc_nano.a(lib_a-memset.o)
                0x00000000080050ac                memset
 .text.sqrt     0x00000000080050bc       0x48 d:/systemdata/program/work/stmicroelectronics/stm32cubeide_1.12.0/stm32cubeide/plugins/com.st.stm32cube.ide.mcu.externaltools.gnu-tools-for-stm32.10.3-2021.10.win32_1.0.200.202301161003/tools/bin/../lib/gcc/arm-none-eabi/10.3.1/../../../../arm-none-eabi/lib/thumb/v7-m/nofp\libm.a(lib_a-w_sqrt.o)
                0x00000000080050bc                sqrt
 .text.__ieee754_sqrt
                0x0000000008005104      0x160 d:/systemdata/program/work/stmicroelectronics/stm32cubeide_1.12.0/stm32cubeide/plugins/com.st.stm32cube.ide.mcu.externaltools.gnu-tools-for-stm32.10.3-2021.10.win32_1.0.200.202301161003/tools/bin/../lib/gcc/arm-none-eabi/10.3.1/../../../../arm-none-eabi/lib/thumb/v7-m/nofp\libm.a(lib_a-e_sqrt.o)
                0x0000000008005104                __ieee754_sqrt
 *(.glue_7)
 .glue_7        0x0000000008005264        0x0 linker stubs
 *(.glue_7t)
 .glue_7t       0x0000000008005264        0x0 linker stubs
 *(.eh_frame)
 .eh_frame      0x0000000008005264        0x0 d:/systemdata/program/work/stmicroelectronics/stm32cubeide_1.12.0/stm32cubeide/plugins/com.st.stm32cube.ide.mcu.externaltools.gnu-tools-for-stm32.10.3-2021.10.win32_1.0.200.202301161003/tools/bin/../lib/gcc/arm-none-eabi/10.3.1/thumb/v7-m/nofp/crtbegin.o
 *(.init)
 .init          0x0000000008005264        0x4 d:/systemdata/program/work/stmicroelectronics/stm32cubeide_1.12.0/stm32cubeide/plugins/com.st.stm32cube.ide.mcu.externaltools.gnu-tools-for-stm32.10.3-2021.10.win32_1.0.200.202301161003/tools/bin/../lib/gcc/arm-none-eabi/10.3.1/thumb/v7-m/nofp/crti.o
                0x0000000008005264                _init
 .init          0x0000000008005268        0x8 d:/systemdata/program/work/stmicroelectronics/stm32cubeide_1.12.0/stm32cubeide/plugins/com.st.stm32cube.ide.mcu.externaltools.gnu-tools-for-stm32.10.3-2021.10.win32_1.0.200.202301161003/tools/bin/../lib/gcc/arm-none-eabi/10.3.1/thumb/v7-m/nofp/crtn.o
 *(.fini)
 .fini          0x0000000008005270        0x4 d:/systemdata/program/work/stmicroelectronics/stm32cubeide_1.12.0/stm32cubeide/plugins/com.st.stm32cube.ide.mcu.externaltools.gnu-tools-for-stm32.10.3-2021.10.win32_1.0.200.202301161003/tools/bin/../lib/gcc/arm-none-eabi/10.3.1/thumb/v7-m/nofp/crti.o
                0x0000000008005270                _fini
 .fini          0x0000000008005274        0x8 d:/systemdata/program/work/stmicroelectronics/stm32cubeide_1.12.0/stm32cubeide/plugins/com.st.stm32cube.ide.mcu.externaltools.gnu-tools-for-stm32.10.3-2021.10.win32_1.0.200.202301161003/tools/bin/../lib/gcc/arm-none-eabi/10.3.1/thumb/v7-m/nofp/crtn.o
                0x000000000800527c                . = ALIGN (0x4)
                0x000000000800527c                _etext = .

.vfp11_veneer   0x000000000800527c        0x0
 .vfp11_veneer  0x000000000800527c        0x0 linker stubs

.v4_bx          0x000000000800527c        0x0
 .v4_bx         0x000000000800527c        0x0 linker stubs

.iplt           0x000000000800527c        0x0
 .iplt          0x000000000800527c        0x0 d:/systemdata/program/work/stmicroelectronics/stm32cubeide_1.12.0/stm32cubeide/plugins/com.st.stm32cube.ide.mcu.externaltools.gnu-tools-for-stm32.10.3-2021.10.win32_1.0.200.202301161003/tools/bin/../lib/gcc/arm-none-eabi/10.3.1/thumb/v7-m/nofp/crtbegin.o

.rodata         0x000000000800527c       0x3c
                0x000000000800527c                . = ALIGN (0x4)
 *(.rodata)
 .rodata        0x000000000800527c        0xc ./Core/Encoder/Encoder.o
 *(.rodata*)
 .rodata.IMU_Z_Init.str1.4
                0x0000000008005288        0x3 ./Core/IMU/IMU.o
 *fill*         0x000000000800528b        0x1 
 .rodata.AHBPrescTable
                0x000000000800528c       0x10 ./Core/Src/system_stm32f1xx.o
                0x000000000800528c                AHBPrescTable
 .rodata.APBPrescTable
                0x000000000800529c        0x8 ./Core/Src/system_stm32f1xx.o
                0x000000000800529c                APBPrescTable
 .rodata.HAL_RCC_ClockConfig.str1.4
                0x00000000080052a4       0x11 ./Drivers/STM32F1xx_HAL_Driver/Src/stm32f1xx_hal_rcc.o
 .rodata.HAL_RCCEx_GetPeriphCLKFreq.str1.4
                0x00000000080052b5       0x11 ./Drivers/STM32F1xx_HAL_Driver/Src/stm32f1xx_hal_rcc_ex.o
                0x00000000080052c8                . = ALIGN (0x4)
 *fill*         0x00000000080052b5        0x3 

.rel.dyn        0x00000000080052b8        0x0
 .rel.iplt      0x00000000080052b8        0x0 d:/systemdata/program/work/stmicroelectronics/stm32cubeide_1.12.0/stm32cubeide/plugins/com.st.stm32cube.ide.mcu.externaltools.gnu-tools-for-stm32.10.3-2021.10.win32_1.0.200.202301161003/tools/bin/../lib/gcc/arm-none-eabi/10.3.1/thumb/v7-m/nofp/crtbegin.o

.ARM.extab      0x00000000080052b8        0x0
                0x00000000080052b8                . = ALIGN (0x4)
 *(.ARM.extab* .gnu.linkonce.armextab.*)
                0x00000000080052b8                . = ALIGN (0x4)

.ARM            0x00000000080052b8        0x0
                0x00000000080052b8                . = ALIGN (0x4)
                0x00000000080052b8                __exidx_start = .
 *(.ARM.exidx*)
                0x00000000080052b8                __exidx_end = .
                0x00000000080052b8                . = ALIGN (0x4)

.preinit_array  0x00000000080052b8        0x0
                0x00000000080052b8                . = ALIGN (0x4)
                0x00000000080052b8                PROVIDE (__preinit_array_start = .)
 *(.preinit_array*)
                0x00000000080052b8                PROVIDE (__preinit_array_end = .)
                0x00000000080052b8                . = ALIGN (0x4)

.init_array     0x00000000080052b8        0x4
                0x00000000080052b8                . = ALIGN (0x4)
                0x00000000080052b8                PROVIDE (__init_array_start = .)
 *(SORT_BY_NAME(.init_array.*))
 *(.init_array*)
 .init_array    0x00000000080052b8        0x4 d:/systemdata/program/work/stmicroelectronics/stm32cubeide_1.12.0/stm32cubeide/plugins/com.st.stm32cube.ide.mcu.externaltools.gnu-tools-for-stm32.10.3-2021.10.win32_1.0.200.202301161003/tools/bin/../lib/gcc/arm-none-eabi/10.3.1/thumb/v7-m/nofp/crtbegin.o
                0x00000000080052bc                PROVIDE (__init_array_end = .)
                0x00000000080052bc                . = ALIGN (0x4)

.fini_array     0x00000000080052bc        0x4
                0x00000000080052bc                . = ALIGN (0x4)
                [!provide]                        PROVIDE (__fini_array_start = .)
 *(SORT_BY_NAME(.fini_array.*))
 *(.fini_array*)
 .fini_array    0x00000000080052bc        0x4 d:/systemdata/program/work/stmicroelectronics/stm32cubeide_1.12.0/stm32cubeide/plugins/com.st.stm32cube.ide.mcu.externaltools.gnu-tools-for-stm32.10.3-2021.10.win32_1.0.200.202301161003/tools/bin/../lib/gcc/arm-none-eabi/10.3.1/thumb/v7-m/nofp/crtbegin.o
                [!provide]                        PROVIDE (__fini_array_end = .)
                0x00000000080052c0                . = ALIGN (0x4)
                0x00000000080052c0                _sidata = LOADADDR (.data)

.data           0x0000000020000000       0x70 load address 0x00000000080052c0
                0x0000000020000000                . = ALIGN (0x4)
                0x0000000020000000                _sdata = .
 *(.data)
 *(.data*)
 .data.SystemCoreClock
                0x0000000020000000        0x4 ./Core/Src/system_stm32f1xx.o
                0x0000000020000000                SystemCoreClock
 .data.Tracking_Slaver_Address
                0x0000000020000004        0x1 ./Core/Tracking/Tracking.o
                0x0000000020000004                Tracking_Slaver_Address
 .data.uwTickFreq
                0x0000000020000005        0x1 ./Drivers/STM32F1xx_HAL_Driver/Src/stm32f1xx_hal.o
                0x0000000020000005                uwTickFreq
 *fill*         0x0000000020000006        0x2 
 .data.uwTickPrio
                0x0000000020000008        0x4 ./Drivers/STM32F1xx_HAL_Driver/Src/stm32f1xx_hal.o
                0x0000000020000008                uwTickPrio
 .data._impure_ptr
                0x000000002000000c        0x4 d:/systemdata/program/work/stmicroelectronics/stm32cubeide_1.12.0/stm32cubeide/plugins/com.st.stm32cube.ide.mcu.externaltools.gnu-tools-for-stm32.10.3-2021.10.win32_1.0.200.202301161003/tools/bin/../lib/gcc/arm-none-eabi/10.3.1/../../../../arm-none-eabi/lib/thumb/v7-m/nofp\libc_nano.a(lib_a-impure.o)
                0x000000002000000c                _impure_ptr
 .data.impure_data
                0x0000000020000010       0x60 d:/systemdata/program/work/stmicroelectronics/stm32cubeide_1.12.0/stm32cubeide/plugins/com.st.stm32cube.ide.mcu.externaltools.gnu-tools-for-stm32.10.3-2021.10.win32_1.0.200.202301161003/tools/bin/../lib/gcc/arm-none-eabi/10.3.1/../../../../arm-none-eabi/lib/thumb/v7-m/nofp\libc_nano.a(lib_a-impure.o)
 *(.RamFunc)
 *(.RamFunc*)
                0x0000000020000070                . = ALIGN (0x4)
                0x0000000020000070                _edata = .

.igot.plt       0x0000000020000070        0x0 load address 0x0000000008005330
 .igot.plt      0x0000000020000070        0x0 d:/systemdata/program/work/stmicroelectronics/stm32cubeide_1.12.0/stm32cubeide/plugins/com.st.stm32cube.ide.mcu.externaltools.gnu-tools-for-stm32.10.3-2021.10.win32_1.0.200.202301161003/tools/bin/../lib/gcc/arm-none-eabi/10.3.1/thumb/v7-m/nofp/crtbegin.o
                0x0000000020000070                . = ALIGN (0x4)

.bss            0x0000000020000070      0x37c load address 0x0000000008005330
                0x0000000020000070                _sbss = .
                0x0000000020000070                __bss_start__ = _sbss
 *(.bss)
 .bss           0x0000000020000070       0x1c d:/systemdata/program/work/stmicroelectronics/stm32cubeide_1.12.0/stm32cubeide/plugins/com.st.stm32cube.ide.mcu.externaltools.gnu-tools-for-stm32.10.3-2021.10.win32_1.0.200.202301161003/tools/bin/../lib/gcc/arm-none-eabi/10.3.1/thumb/v7-m/nofp/crtbegin.o
 *(.bss*)
 .bss.BLE_Pretreatment_Data
                0x000000002000008c       0x12 ./Core/BLE/BLE.o
                0x000000002000008c                BLE_Pretreatment_Data
 *fill*         0x000000002000009e        0x2 
 .bss.BLE_Receive_Data
                0x00000000200000a0       0x24 ./Core/BLE/BLE.o
                0x00000000200000a0                BLE_Receive_Data
 .bss.IMU_Receive_Data
                0x00000000200000c4       0x21 ./Core/IMU/IMU.o
                0x00000000200000c4                IMU_Receive_Data
 *fill*         0x00000000200000e5        0x3 
 .bss.Sensor_Msg
                0x00000000200000e8       0x6c ./Core/Master_Slave_Communication/Master_Slave_Communication.o
                0x00000000200000e8                Sensor_Msg
 .bss.hadc1     0x0000000020000154       0x30 ./Core/Src/adc.o
                0x0000000020000154                hadc1
 .bss.hcrc      0x0000000020000184        0x8 ./Core/Src/crc.o
                0x0000000020000184                hcrc
 .bss.hi2c1     0x000000002000018c       0x54 ./Core/Src/i2c.o
                0x000000002000018c                hi2c1
 .bss.hspi1     0x00000000200001e0       0x58 ./Core/Src/spi.o
                0x00000000200001e0                hspi1
 .bss.hspi2     0x0000000020000238       0x58 ./Core/Src/spi.o
                0x0000000020000238                hspi2
 .bss.htim3     0x0000000020000290       0x48 ./Core/Src/tim.o
                0x0000000020000290                htim3
 .bss.hdma_usart1_rx
                0x00000000200002d8       0x44 ./Core/Src/usart.o
                0x00000000200002d8                hdma_usart1_rx
 .bss.hdma_usart2_rx
                0x000000002000031c       0x44 ./Core/Src/usart.o
                0x000000002000031c                hdma_usart2_rx
 .bss.huart1    0x0000000020000360       0x44 ./Core/Src/usart.o
                0x0000000020000360                huart1
 .bss.huart2    0x00000000200003a4       0x44 ./Core/Src/usart.o
                0x00000000200003a4                huart2
 .bss.uwTick    0x00000000200003e8        0x4 ./Drivers/STM32F1xx_HAL_Driver/Src/stm32f1xx_hal.o
                0x00000000200003e8                uwTick
 *(COMMON)
                0x00000000200003ec                . = ALIGN (0x4)
                0x00000000200003ec                _ebss = .
                0x00000000200003ec                __bss_end__ = _ebss

._user_heap_stack
                0x00000000200003ec      0x604 load address 0x0000000008005330
                0x00000000200003f0                . = ALIGN (0x8)
 *fill*         0x00000000200003ec        0x4 
                [!provide]                        PROVIDE (end = .)
                0x00000000200003f0                PROVIDE (_end = .)
                0x00000000200005f0                . = (. + _Min_Heap_Size)
 *fill*         0x00000000200003f0      0x200 
                0x00000000200009f0                . = (. + _Min_Stack_Size)
 *fill*         0x00000000200005f0      0x400 
                0x00000000200009f0                . = ALIGN (0x8)

/DISCARD/
 libc.a(*)
 libm.a(*)
 libgcc.a(*)

.ARM.attributes
                0x0000000000000000       0x29
 *(.ARM.attributes)
 .ARM.attributes
                0x0000000000000000       0x1d d:/systemdata/program/work/stmicroelectronics/stm32cubeide_1.12.0/stm32cubeide/plugins/com.st.stm32cube.ide.mcu.externaltools.gnu-tools-for-stm32.10.3-2021.10.win32_1.0.200.202301161003/tools/bin/../lib/gcc/arm-none-eabi/10.3.1/thumb/v7-m/nofp/crti.o
 .ARM.attributes
                0x000000000000001d       0x2d d:/systemdata/program/work/stmicroelectronics/stm32cubeide_1.12.0/stm32cubeide/plugins/com.st.stm32cube.ide.mcu.externaltools.gnu-tools-for-stm32.10.3-2021.10.win32_1.0.200.202301161003/tools/bin/../lib/gcc/arm-none-eabi/10.3.1/thumb/v7-m/nofp/crtbegin.o
 .ARM.attributes
                0x000000000000004a       0x29 ./Core/BLE/BLE.o
 .ARM.attributes
                0x0000000000000073       0x29 ./Core/Battery/Battery.o
 .ARM.attributes
                0x000000000000009c       0x29 ./Core/Encoder/Encoder.o
 .ARM.attributes
                0x00000000000000c5       0x29 ./Core/IMU/IMU.o
 .ARM.attributes
                0x00000000000000ee       0x29 ./Core/Master_Slave_Communication/Master_Slave_Communication.o
 .ARM.attributes
                0x0000000000000117       0x29 ./Core/Src/adc.o
 .ARM.attributes
                0x0000000000000140       0x29 ./Core/Src/crc.o
 .ARM.attributes
                0x0000000000000169       0x29 ./Core/Src/dma.o
 .ARM.attributes
                0x0000000000000192       0x29 ./Core/Src/gpio.o
 .ARM.attributes
                0x00000000000001bb       0x29 ./Core/Src/i2c.o
 .ARM.attributes
                0x00000000000001e4       0x29 ./Core/Src/main.o
 .ARM.attributes
                0x000000000000020d       0x29 ./Core/Src/spi.o
 .ARM.attributes
                0x0000000000000236       0x29 ./Core/Src/stm32f1xx_hal_msp.o
 .ARM.attributes
                0x000000000000025f       0x29 ./Core/Src/stm32f1xx_it.o
 .ARM.attributes
                0x0000000000000288       0x29 ./Core/Src/system_stm32f1xx.o
 .ARM.attributes
                0x00000000000002b1       0x29 ./Core/Src/tim.o
 .ARM.attributes
                0x00000000000002da       0x29 ./Core/Src/usart.o
 .ARM.attributes
                0x0000000000000303       0x21 ./Core/Startup/startup_stm32f103c8tx.o
 .ARM.attributes
                0x0000000000000324       0x29 ./Core/Tracking/Tracking.o
 .ARM.attributes
                0x000000000000034d       0x29 ./Drivers/STM32F1xx_HAL_Driver/Src/stm32f1xx_hal.o
 .ARM.attributes
                0x0000000000000376       0x29 ./Drivers/STM32F1xx_HAL_Driver/Src/stm32f1xx_hal_adc.o
 .ARM.attributes
                0x000000000000039f       0x29 ./Drivers/STM32F1xx_HAL_Driver/Src/stm32f1xx_hal_cortex.o
 .ARM.attributes
                0x00000000000003c8       0x29 ./Drivers/STM32F1xx_HAL_Driver/Src/stm32f1xx_hal_crc.o
 .ARM.attributes
                0x00000000000003f1       0x29 ./Drivers/STM32F1xx_HAL_Driver/Src/stm32f1xx_hal_dma.o
 .ARM.attributes
                0x000000000000041a       0x29 ./Drivers/STM32F1xx_HAL_Driver/Src/stm32f1xx_hal_gpio.o
 .ARM.attributes
                0x0000000000000443       0x29 ./Drivers/STM32F1xx_HAL_Driver/Src/stm32f1xx_hal_i2c.o
 .ARM.attributes
                0x000000000000046c       0x29 ./Drivers/STM32F1xx_HAL_Driver/Src/stm32f1xx_hal_rcc.o
 .ARM.attributes
                0x0000000000000495       0x29 ./Drivers/STM32F1xx_HAL_Driver/Src/stm32f1xx_hal_rcc_ex.o
 .ARM.attributes
                0x00000000000004be       0x29 ./Drivers/STM32F1xx_HAL_Driver/Src/stm32f1xx_hal_spi.o
 .ARM.attributes
                0x00000000000004e7       0x29 ./Drivers/STM32F1xx_HAL_Driver/Src/stm32f1xx_hal_tim.o
 .ARM.attributes
                0x0000000000000510       0x29 ./Drivers/STM32F1xx_HAL_Driver/Src/stm32f1xx_hal_tim_ex.o
 .ARM.attributes
                0x0000000000000539       0x29 ./Drivers/STM32F1xx_HAL_Driver/Src/stm32f1xx_hal_uart.o
 .ARM.attributes
                0x0000000000000562       0x2d d:/systemdata/program/work/stmicroelectronics/stm32cubeide_1.12.0/stm32cubeide/plugins/com.st.stm32cube.ide.mcu.externaltools.gnu-tools-for-stm32.10.3-2021.10.win32_1.0.200.202301161003/tools/bin/../lib/gcc/arm-none-eabi/10.3.1/../../../../arm-none-eabi/lib/thumb/v7-m/nofp\libc_nano.a(lib_a-errno.o)
 .ARM.attributes
                0x000000000000058f       0x2d d:/systemdata/program/work/stmicroelectronics/stm32cubeide_1.12.0/stm32cubeide/plugins/com.st.stm32cube.ide.mcu.externaltools.gnu-tools-for-stm32.10.3-2021.10.win32_1.0.200.202301161003/tools/bin/../lib/gcc/arm-none-eabi/10.3.1/../../../../arm-none-eabi/lib/thumb/v7-m/nofp\libc_nano.a(lib_a-impure.o)
 .ARM.attributes
                0x00000000000005bc       0x2d d:/systemdata/program/work/stmicroelectronics/stm32cubeide_1.12.0/stm32cubeide/plugins/com.st.stm32cube.ide.mcu.externaltools.gnu-tools-for-stm32.10.3-2021.10.win32_1.0.200.202301161003/tools/bin/../lib/gcc/arm-none-eabi/10.3.1/../../../../arm-none-eabi/lib/thumb/v7-m/nofp\libc_nano.a(lib_a-init.o)
 .ARM.attributes
                0x00000000000005e9       0x2d d:/systemdata/program/work/stmicroelectronics/stm32cubeide_1.12.0/stm32cubeide/plugins/com.st.stm32cube.ide.mcu.externaltools.gnu-tools-for-stm32.10.3-2021.10.win32_1.0.200.202301161003/tools/bin/../lib/gcc/arm-none-eabi/10.3.1/../../../../arm-none-eabi/lib/thumb/v7-m/nofp\libc_nano.a(lib_a-memset.o)
 .ARM.attributes
                0x0000000000000616       0x2d d:/systemdata/program/work/stmicroelectronics/stm32cubeide_1.12.0/stm32cubeide/plugins/com.st.stm32cube.ide.mcu.externaltools.gnu-tools-for-stm32.10.3-2021.10.win32_1.0.200.202301161003/tools/bin/../lib/gcc/arm-none-eabi/10.3.1/../../../../arm-none-eabi/lib/thumb/v7-m/nofp\libm.a(lib_a-w_sqrt.o)
 .ARM.attributes
                0x0000000000000643       0x2d d:/systemdata/program/work/stmicroelectronics/stm32cubeide_1.12.0/stm32cubeide/plugins/com.st.stm32cube.ide.mcu.externaltools.gnu-tools-for-stm32.10.3-2021.10.win32_1.0.200.202301161003/tools/bin/../lib/gcc/arm-none-eabi/10.3.1/../../../../arm-none-eabi/lib/thumb/v7-m/nofp\libm.a(lib_a-e_sqrt.o)
 .ARM.attributes
                0x0000000000000670       0x1d d:/systemdata/program/work/stmicroelectronics/stm32cubeide_1.12.0/stm32cubeide/plugins/com.st.stm32cube.ide.mcu.externaltools.gnu-tools-for-stm32.10.3-2021.10.win32_1.0.200.202301161003/tools/bin/../lib/gcc/arm-none-eabi/10.3.1/thumb/v7-m/nofp\libgcc.a(_arm_mulsf3.o)
 .ARM.attributes
                0x000000000000068d       0x1d d:/systemdata/program/work/stmicroelectronics/stm32cubeide_1.12.0/stm32cubeide/plugins/com.st.stm32cube.ide.mcu.externaltools.gnu-tools-for-stm32.10.3-2021.10.win32_1.0.200.202301161003/tools/bin/../lib/gcc/arm-none-eabi/10.3.1/thumb/v7-m/nofp\libgcc.a(_arm_addsubdf3.o)
 .ARM.attributes
                0x00000000000006aa       0x1d d:/systemdata/program/work/stmicroelectronics/stm32cubeide_1.12.0/stm32cubeide/plugins/com.st.stm32cube.ide.mcu.externaltools.gnu-tools-for-stm32.10.3-2021.10.win32_1.0.200.202301161003/tools/bin/../lib/gcc/arm-none-eabi/10.3.1/thumb/v7-m/nofp\libgcc.a(_arm_muldivdf3.o)
 .ARM.attributes
                0x00000000000006c7       0x1d d:/systemdata/program/work/stmicroelectronics/stm32cubeide_1.12.0/stm32cubeide/plugins/com.st.stm32cube.ide.mcu.externaltools.gnu-tools-for-stm32.10.3-2021.10.win32_1.0.200.202301161003/tools/bin/../lib/gcc/arm-none-eabi/10.3.1/thumb/v7-m/nofp\libgcc.a(_arm_cmpdf2.o)
 .ARM.attributes
                0x00000000000006e4       0x1d d:/systemdata/program/work/stmicroelectronics/stm32cubeide_1.12.0/stm32cubeide/plugins/com.st.stm32cube.ide.mcu.externaltools.gnu-tools-for-stm32.10.3-2021.10.win32_1.0.200.202301161003/tools/bin/../lib/gcc/arm-none-eabi/10.3.1/thumb/v7-m/nofp\libgcc.a(_arm_unorddf2.o)
 .ARM.attributes
                0x0000000000000701       0x1d d:/systemdata/program/work/stmicroelectronics/stm32cubeide_1.12.0/stm32cubeide/plugins/com.st.stm32cube.ide.mcu.externaltools.gnu-tools-for-stm32.10.3-2021.10.win32_1.0.200.202301161003/tools/bin/../lib/gcc/arm-none-eabi/10.3.1/thumb/v7-m/nofp\libgcc.a(_arm_truncdfsf2.o)
 .ARM.attributes
                0x000000000000071e       0x1d d:/systemdata/program/work/stmicroelectronics/stm32cubeide_1.12.0/stm32cubeide/plugins/com.st.stm32cube.ide.mcu.externaltools.gnu-tools-for-stm32.10.3-2021.10.win32_1.0.200.202301161003/tools/bin/../lib/gcc/arm-none-eabi/10.3.1/thumb/v7-m/nofp\libgcc.a(_arm_addsubsf3.o)
 .ARM.attributes
                0x000000000000073b       0x1d d:/systemdata/program/work/stmicroelectronics/stm32cubeide_1.12.0/stm32cubeide/plugins/com.st.stm32cube.ide.mcu.externaltools.gnu-tools-for-stm32.10.3-2021.10.win32_1.0.200.202301161003/tools/bin/../lib/gcc/arm-none-eabi/10.3.1/thumb/v7-m/nofp/crtn.o
OUTPUT(Auxiliary_Control-V5.0.elf elf32-littlearm)
LOAD linker stubs
LOAD d:/systemdata/program/work/stmicroelectronics/stm32cubeide_1.12.0/stm32cubeide/plugins/com.st.stm32cube.ide.mcu.externaltools.gnu-tools-for-stm32.10.3-2021.10.win32_1.0.200.202301161003/tools/bin/../lib/gcc/arm-none-eabi/10.3.1/../../../../arm-none-eabi/lib/thumb/v7-m/nofp\libc.a
LOAD d:/systemdata/program/work/stmicroelectronics/stm32cubeide_1.12.0/stm32cubeide/plugins/com.st.stm32cube.ide.mcu.externaltools.gnu-tools-for-stm32.10.3-2021.10.win32_1.0.200.202301161003/tools/bin/../lib/gcc/arm-none-eabi/10.3.1/../../../../arm-none-eabi/lib/thumb/v7-m/nofp\libm.a
LOAD d:/systemdata/program/work/stmicroelectronics/stm32cubeide_1.12.0/stm32cubeide/plugins/com.st.stm32cube.ide.mcu.externaltools.gnu-tools-for-stm32.10.3-2021.10.win32_1.0.200.202301161003/tools/bin/../lib/gcc/arm-none-eabi/10.3.1/thumb/v7-m/nofp\libgcc.a

.debug_info     0x0000000000000000    0x1e40e
 .debug_info    0x0000000000000000      0xf49 ./Core/BLE/BLE.o
 .debug_info    0x0000000000000f49      0x928 ./Core/Battery/Battery.o
 .debug_info    0x0000000000001871      0xe08 ./Core/Encoder/Encoder.o
 .debug_info    0x0000000000002679      0xcfa ./Core/IMU/IMU.o
 .debug_info    0x0000000000003373      0xa6c ./Core/Master_Slave_Communication/Master_Slave_Communication.o
 .debug_info    0x0000000000003ddf      0x89c ./Core/Src/adc.o
 .debug_info    0x000000000000467b      0x373 ./Core/Src/crc.o
 .debug_info    0x00000000000049ee      0x342 ./Core/Src/dma.o
 .debug_info    0x0000000000004d30      0x3a6 ./Core/Src/gpio.o
 .debug_info    0x00000000000050d6      0x96c ./Core/Src/i2c.o
 .debug_info    0x0000000000005a42     0x1103 ./Core/Src/main.o
 .debug_info    0x0000000000006b45      0x97b ./Core/Src/spi.o
 .debug_info    0x00000000000074c0      0x20d ./Core/Src/stm32f1xx_hal_msp.o
 .debug_info    0x00000000000076cd      0xbb4 ./Core/Src/stm32f1xx_it.o
 .debug_info    0x0000000000008281      0x24c ./Core/Src/system_stm32f1xx.o
 .debug_info    0x00000000000084cd      0xab7 ./Core/Src/tim.o
 .debug_info    0x0000000000008f84      0xc45 ./Core/Src/usart.o
 .debug_info    0x0000000000009bc9       0x22 ./Core/Startup/startup_stm32f103c8tx.o
 .debug_info    0x0000000000009beb      0xab5 ./Core/Tracking/Tracking.o
 .debug_info    0x000000000000a6a0      0x808 ./Drivers/STM32F1xx_HAL_Driver/Src/stm32f1xx_hal.o
 .debug_info    0x000000000000aea8     0x1191 ./Drivers/STM32F1xx_HAL_Driver/Src/stm32f1xx_hal_adc.o
 .debug_info    0x000000000000c039      0xd7a ./Drivers/STM32F1xx_HAL_Driver/Src/stm32f1xx_hal_cortex.o
 .debug_info    0x000000000000cdb3      0x409 ./Drivers/STM32F1xx_HAL_Driver/Src/stm32f1xx_hal_crc.o
 .debug_info    0x000000000000d1bc      0x863 ./Drivers/STM32F1xx_HAL_Driver/Src/stm32f1xx_hal_dma.o
 .debug_info    0x000000000000da1f      0x675 ./Drivers/STM32F1xx_HAL_Driver/Src/stm32f1xx_hal_gpio.o
 .debug_info    0x000000000000e094     0x4778 ./Drivers/STM32F1xx_HAL_Driver/Src/stm32f1xx_hal_i2c.o
 .debug_info    0x000000000001280c      0xb11 ./Drivers/STM32F1xx_HAL_Driver/Src/stm32f1xx_hal_rcc.o
 .debug_info    0x000000000001331d      0x43f ./Drivers/STM32F1xx_HAL_Driver/Src/stm32f1xx_hal_rcc_ex.o
 .debug_info    0x000000000001375c     0x22c8 ./Drivers/STM32F1xx_HAL_Driver/Src/stm32f1xx_hal_spi.o
 .debug_info    0x0000000000015a24     0x4df5 ./Drivers/STM32F1xx_HAL_Driver/Src/stm32f1xx_hal_tim.o
 .debug_info    0x000000000001a819     0x1c2b ./Drivers/STM32F1xx_HAL_Driver/Src/stm32f1xx_hal_tim_ex.o
 .debug_info    0x000000000001c444     0x1fca ./Drivers/STM32F1xx_HAL_Driver/Src/stm32f1xx_hal_uart.o

.debug_abbrev   0x0000000000000000     0x4ae5
 .debug_abbrev  0x0000000000000000      0x275 ./Core/BLE/BLE.o
 .debug_abbrev  0x0000000000000275      0x1aa ./Core/Battery/Battery.o
 .debug_abbrev  0x000000000000041f      0x321 ./Core/Encoder/Encoder.o
 .debug_abbrev  0x0000000000000740      0x2d4 ./Core/IMU/IMU.o
 .debug_abbrev  0x0000000000000a14      0x1cf ./Core/Master_Slave_Communication/Master_Slave_Communication.o
 .debug_abbrev  0x0000000000000be3      0x203 ./Core/Src/adc.o
 .debug_abbrev  0x0000000000000de6      0x1a1 ./Core/Src/crc.o
 .debug_abbrev  0x0000000000000f87      0x11f ./Core/Src/dma.o
 .debug_abbrev  0x00000000000010a6      0x158 ./Core/Src/gpio.o
 .debug_abbrev  0x00000000000011fe      0x237 ./Core/Src/i2c.o
 .debug_abbrev  0x0000000000001435      0x2a1 ./Core/Src/main.o
 .debug_abbrev  0x00000000000016d6      0x216 ./Core/Src/spi.o
 .debug_abbrev  0x00000000000018ec       0xef ./Core/Src/stm32f1xx_hal_msp.o
 .debug_abbrev  0x00000000000019db      0x28d ./Core/Src/stm32f1xx_it.o
 .debug_abbrev  0x0000000000001c68      0x141 ./Core/Src/system_stm32f1xx.o
 .debug_abbrev  0x0000000000001da9      0x22c ./Core/Src/tim.o
 .debug_abbrev  0x0000000000001fd5      0x25f ./Core/Src/usart.o
 .debug_abbrev  0x0000000000002234       0x12 ./Core/Startup/startup_stm32f103c8tx.o
 .debug_abbrev  0x0000000000002246      0x254 ./Core/Tracking/Tracking.o
 .debug_abbrev  0x000000000000249a      0x277 ./Drivers/STM32F1xx_HAL_Driver/Src/stm32f1xx_hal.o
 .debug_abbrev  0x0000000000002711      0x323 ./Drivers/STM32F1xx_HAL_Driver/Src/stm32f1xx_hal_adc.o
 .debug_abbrev  0x0000000000002a34      0x349 ./Drivers/STM32F1xx_HAL_Driver/Src/stm32f1xx_hal_cortex.o
 .debug_abbrev  0x0000000000002d7d      0x1bb ./Drivers/STM32F1xx_HAL_Driver/Src/stm32f1xx_hal_crc.o
 .debug_abbrev  0x0000000000002f38      0x25f ./Drivers/STM32F1xx_HAL_Driver/Src/stm32f1xx_hal_dma.o
 .debug_abbrev  0x0000000000003197      0x1e7 ./Drivers/STM32F1xx_HAL_Driver/Src/stm32f1xx_hal_gpio.o
 .debug_abbrev  0x000000000000337e      0x447 ./Drivers/STM32F1xx_HAL_Driver/Src/stm32f1xx_hal_i2c.o
 .debug_abbrev  0x00000000000037c5      0x33a ./Drivers/STM32F1xx_HAL_Driver/Src/stm32f1xx_hal_rcc.o
 .debug_abbrev  0x0000000000003aff      0x1d3 ./Drivers/STM32F1xx_HAL_Driver/Src/stm32f1xx_hal_rcc_ex.o
 .debug_abbrev  0x0000000000003cd2      0x371 ./Drivers/STM32F1xx_HAL_Driver/Src/stm32f1xx_hal_spi.o
 .debug_abbrev  0x0000000000004043      0x37a ./Drivers/STM32F1xx_HAL_Driver/Src/stm32f1xx_hal_tim.o
 .debug_abbrev  0x00000000000043bd      0x351 ./Drivers/STM32F1xx_HAL_Driver/Src/stm32f1xx_hal_tim_ex.o
 .debug_abbrev  0x000000000000470e      0x3d7 ./Drivers/STM32F1xx_HAL_Driver/Src/stm32f1xx_hal_uart.o

.debug_loc      0x0000000000000000    0x1d002
 .debug_loc     0x0000000000000000      0x106 ./Core/BLE/BLE.o
 .debug_loc     0x0000000000000106       0x15 ./Core/Battery/Battery.o
 .debug_loc     0x000000000000011b     0x70af ./Core/Encoder/Encoder.o
 .debug_loc     0x00000000000071ca      0x1d6 ./Core/IMU/IMU.o
 .debug_loc     0x00000000000073a0       0x4a ./Core/Src/adc.o
 .debug_loc     0x00000000000073ea       0x8d ./Core/Src/i2c.o
 .debug_loc     0x0000000000007477       0x4a ./Core/Src/main.o
 .debug_loc     0x00000000000074c1       0x84 ./Core/Src/spi.o
 .debug_loc     0x0000000000007545       0x15 ./Core/Src/stm32f1xx_hal_msp.o
 .debug_loc     0x000000000000755a       0x2c ./Core/Src/stm32f1xx_it.o
 .debug_loc     0x0000000000007586       0xe7 ./Core/Src/system_stm32f1xx.o
 .debug_loc     0x000000000000766d       0x4a ./Core/Src/tim.o
 .debug_loc     0x00000000000076b7       0xde ./Core/Src/usart.o
 .debug_loc     0x0000000000007795      0x3bb ./Core/Tracking/Tracking.o
 .debug_loc     0x0000000000007b50      0x168 ./Drivers/STM32F1xx_HAL_Driver/Src/stm32f1xx_hal.o
 .debug_loc     0x0000000000007cb8      0xf7a ./Drivers/STM32F1xx_HAL_Driver/Src/stm32f1xx_hal_adc.o
 .debug_loc     0x0000000000008c32      0x717 ./Drivers/STM32F1xx_HAL_Driver/Src/stm32f1xx_hal_cortex.o
 .debug_loc     0x0000000000009349      0x268 ./Drivers/STM32F1xx_HAL_Driver/Src/stm32f1xx_hal_crc.o
 .debug_loc     0x00000000000095b1      0xa16 ./Drivers/STM32F1xx_HAL_Driver/Src/stm32f1xx_hal_dma.o
 .debug_loc     0x0000000000009fc7      0x458 ./Drivers/STM32F1xx_HAL_Driver/Src/stm32f1xx_hal_gpio.o
 .debug_loc     0x000000000000a41f     0x5381 ./Drivers/STM32F1xx_HAL_Driver/Src/stm32f1xx_hal_i2c.o
 .debug_loc     0x000000000000f7a0      0x753 ./Drivers/STM32F1xx_HAL_Driver/Src/stm32f1xx_hal_rcc.o
 .debug_loc     0x000000000000fef3      0x3d2 ./Drivers/STM32F1xx_HAL_Driver/Src/stm32f1xx_hal_rcc_ex.o
 .debug_loc     0x00000000000102c5     0x226d ./Drivers/STM32F1xx_HAL_Driver/Src/stm32f1xx_hal_spi.o
 .debug_loc     0x0000000000012532     0x7057 ./Drivers/STM32F1xx_HAL_Driver/Src/stm32f1xx_hal_tim.o
 .debug_loc     0x0000000000019589     0x182f ./Drivers/STM32F1xx_HAL_Driver/Src/stm32f1xx_hal_tim_ex.o
 .debug_loc     0x000000000001adb8     0x224a ./Drivers/STM32F1xx_HAL_Driver/Src/stm32f1xx_hal_uart.o

.debug_aranges  0x0000000000000000      0xfe8
 .debug_aranges
                0x0000000000000000       0x38 ./Core/BLE/BLE.o
 .debug_aranges
                0x0000000000000038       0x28 ./Core/Battery/Battery.o
 .debug_aranges
                0x0000000000000060       0x40 ./Core/Encoder/Encoder.o
 .debug_aranges
                0x00000000000000a0       0x48 ./Core/IMU/IMU.o
 .debug_aranges
                0x00000000000000e8       0x28 ./Core/Master_Slave_Communication/Master_Slave_Communication.o
 .debug_aranges
                0x0000000000000110       0x30 ./Core/Src/adc.o
 .debug_aranges
                0x0000000000000140       0x30 ./Core/Src/crc.o
 .debug_aranges
                0x0000000000000170       0x20 ./Core/Src/dma.o
 .debug_aranges
                0x0000000000000190       0x20 ./Core/Src/gpio.o
 .debug_aranges
                0x00000000000001b0       0x30 ./Core/Src/i2c.o
 .debug_aranges
                0x00000000000001e0       0x40 ./Core/Src/main.o
 .debug_aranges
                0x0000000000000220       0x38 ./Core/Src/spi.o
 .debug_aranges
                0x0000000000000258       0x20 ./Core/Src/stm32f1xx_hal_msp.o
 .debug_aranges
                0x0000000000000278       0x70 ./Core/Src/stm32f1xx_it.o
 .debug_aranges
                0x00000000000002e8       0x28 ./Core/Src/system_stm32f1xx.o
 .debug_aranges
                0x0000000000000310       0x30 ./Core/Src/tim.o
 .debug_aranges
                0x0000000000000340       0x38 ./Core/Src/usart.o
 .debug_aranges
                0x0000000000000378       0x28 ./Core/Startup/startup_stm32f103c8tx.o
 .debug_aranges
                0x00000000000003a0       0x30 ./Core/Tracking/Tracking.o
 .debug_aranges
                0x00000000000003d0       0xd8 ./Drivers/STM32F1xx_HAL_Driver/Src/stm32f1xx_hal.o
 .debug_aranges
                0x00000000000004a8       0xc8 ./Drivers/STM32F1xx_HAL_Driver/Src/stm32f1xx_hal_adc.o
 .debug_aranges
                0x0000000000000570       0x90 ./Drivers/STM32F1xx_HAL_Driver/Src/stm32f1xx_hal_cortex.o
 .debug_aranges
                0x0000000000000600       0x48 ./Drivers/STM32F1xx_HAL_Driver/Src/stm32f1xx_hal_crc.o
 .debug_aranges
                0x0000000000000648       0x78 ./Drivers/STM32F1xx_HAL_Driver/Src/stm32f1xx_hal_dma.o
 .debug_aranges
                0x00000000000006c0       0x58 ./Drivers/STM32F1xx_HAL_Driver/Src/stm32f1xx_hal_gpio.o
 .debug_aranges
                0x0000000000000718      0x188 ./Drivers/STM32F1xx_HAL_Driver/Src/stm32f1xx_hal_i2c.o
 .debug_aranges
                0x00000000000008a0       0x88 ./Drivers/STM32F1xx_HAL_Driver/Src/stm32f1xx_hal_rcc.o
 .debug_aranges
                0x0000000000000928       0x30 ./Drivers/STM32F1xx_HAL_Driver/Src/stm32f1xx_hal_rcc_ex.o
 .debug_aranges
                0x0000000000000958      0x180 ./Drivers/STM32F1xx_HAL_Driver/Src/stm32f1xx_hal_spi.o
 .debug_aranges
                0x0000000000000ad8      0x278 ./Drivers/STM32F1xx_HAL_Driver/Src/stm32f1xx_hal_tim.o
 .debug_aranges
                0x0000000000000d50      0x110 ./Drivers/STM32F1xx_HAL_Driver/Src/stm32f1xx_hal_tim_ex.o
 .debug_aranges
                0x0000000000000e60      0x188 ./Drivers/STM32F1xx_HAL_Driver/Src/stm32f1xx_hal_uart.o

.debug_ranges   0x0000000000000000     0x3240
 .debug_ranges  0x0000000000000000       0x88 ./Core/BLE/BLE.o
 .debug_ranges  0x0000000000000088       0x18 ./Core/Battery/Battery.o
 .debug_ranges  0x00000000000000a0       0xf8 ./Core/Encoder/Encoder.o
 .debug_ranges  0x0000000000000198       0xc8 ./Core/IMU/IMU.o
 .debug_ranges  0x0000000000000260       0x18 ./Core/Master_Slave_Communication/Master_Slave_Communication.o
 .debug_ranges  0x0000000000000278       0x60 ./Core/Src/adc.o
 .debug_ranges  0x00000000000002d8       0x38 ./Core/Src/crc.o
 .debug_ranges  0x0000000000000310       0x48 ./Core/Src/dma.o
 .debug_ranges  0x0000000000000358       0x58 ./Core/Src/gpio.o
 .debug_ranges  0x00000000000003b0       0x50 ./Core/Src/i2c.o
 .debug_ranges  0x0000000000000400       0x78 ./Core/Src/main.o
 .debug_ranges  0x0000000000000478       0xb8 ./Core/Src/spi.o
 .debug_ranges  0x0000000000000530       0x48 ./Core/Src/stm32f1xx_hal_msp.o
 .debug_ranges  0x0000000000000578       0x78 ./Core/Src/stm32f1xx_it.o
 .debug_ranges  0x00000000000005f0       0x18 ./Core/Src/system_stm32f1xx.o
 .debug_ranges  0x0000000000000608       0x48 ./Core/Src/tim.o
 .debug_ranges  0x0000000000000650       0xb8 ./Core/Src/usart.o
 .debug_ranges  0x0000000000000708       0x20 ./Core/Startup/startup_stm32f103c8tx.o
 .debug_ranges  0x0000000000000728       0x20 ./Core/Tracking/Tracking.o
 .debug_ranges  0x0000000000000748       0xc8 ./Drivers/STM32F1xx_HAL_Driver/Src/stm32f1xx_hal.o
 .debug_ranges  0x0000000000000810      0x200 ./Drivers/STM32F1xx_HAL_Driver/Src/stm32f1xx_hal_adc.o
 .debug_ranges  0x0000000000000a10      0x180 ./Drivers/STM32F1xx_HAL_Driver/Src/stm32f1xx_hal_cortex.o
 .debug_ranges  0x0000000000000b90       0x38 ./Drivers/STM32F1xx_HAL_Driver/Src/stm32f1xx_hal_crc.o
 .debug_ranges  0x0000000000000bc8       0xb8 ./Drivers/STM32F1xx_HAL_Driver/Src/stm32f1xx_hal_dma.o
 .debug_ranges  0x0000000000000c80       0x70 ./Drivers/STM32F1xx_HAL_Driver/Src/stm32f1xx_hal_gpio.o
 .debug_ranges  0x0000000000000cf0      0xfa8 ./Drivers/STM32F1xx_HAL_Driver/Src/stm32f1xx_hal_i2c.o
 .debug_ranges  0x0000000000001c98      0x140 ./Drivers/STM32F1xx_HAL_Driver/Src/stm32f1xx_hal_rcc.o
 .debug_ranges  0x0000000000001dd8       0x60 ./Drivers/STM32F1xx_HAL_Driver/Src/stm32f1xx_hal_rcc_ex.o
 .debug_ranges  0x0000000000001e38      0x410 ./Drivers/STM32F1xx_HAL_Driver/Src/stm32f1xx_hal_spi.o
 .debug_ranges  0x0000000000002248      0x8b8 ./Drivers/STM32F1xx_HAL_Driver/Src/stm32f1xx_hal_tim.o
 .debug_ranges  0x0000000000002b00      0x240 ./Drivers/STM32F1xx_HAL_Driver/Src/stm32f1xx_hal_tim_ex.o
 .debug_ranges  0x0000000000002d40      0x500 ./Drivers/STM32F1xx_HAL_Driver/Src/stm32f1xx_hal_uart.o

.debug_macro    0x0000000000000000    0x1b2aa
 .debug_macro   0x0000000000000000      0x317 ./Core/BLE/BLE.o
 .debug_macro   0x0000000000000317      0xa78 ./Core/BLE/BLE.o
 .debug_macro   0x0000000000000d8f      0x239 ./Core/BLE/BLE.o
 .debug_macro   0x0000000000000fc8       0x2e ./Core/BLE/BLE.o
 .debug_macro   0x0000000000000ff6       0x22 ./Core/BLE/BLE.o
 .debug_macro   0x0000000000001018       0x22 ./Core/BLE/BLE.o
 .debug_macro   0x000000000000103a       0x8e ./Core/BLE/BLE.o
 .debug_macro   0x00000000000010c8       0x51 ./Core/BLE/BLE.o
 .debug_macro   0x0000000000001119      0x103 ./Core/BLE/BLE.o
 .debug_macro   0x000000000000121c       0x6a ./Core/BLE/BLE.o
 .debug_macro   0x0000000000001286      0x1df ./Core/BLE/BLE.o
 .debug_macro   0x0000000000001465       0x1c ./Core/BLE/BLE.o
 .debug_macro   0x0000000000001481       0x22 ./Core/BLE/BLE.o
 .debug_macro   0x00000000000014a3       0xbd ./Core/BLE/BLE.o
 .debug_macro   0x0000000000001560      0xd23 ./Core/BLE/BLE.o
 .debug_macro   0x0000000000002283     0xe09e ./Core/BLE/BLE.o
 .debug_macro   0x0000000000010321       0x6d ./Core/BLE/BLE.o
 .debug_macro   0x000000000001038e     0x3468 ./Core/BLE/BLE.o
 .debug_macro   0x00000000000137f6      0x174 ./Core/BLE/BLE.o
 .debug_macro   0x000000000001396a       0x5c ./Core/BLE/BLE.o
 .debug_macro   0x00000000000139c6      0x5be ./Core/BLE/BLE.o
 .debug_macro   0x0000000000013f84      0x289 ./Core/BLE/BLE.o
 .debug_macro   0x000000000001420d      0x1cb ./Core/BLE/BLE.o
 .debug_macro   0x00000000000143d8      0x114 ./Core/BLE/BLE.o
 .debug_macro   0x00000000000144ec      0x1b2 ./Core/BLE/BLE.o
 .debug_macro   0x000000000001469e       0x27 ./Core/BLE/BLE.o
 .debug_macro   0x00000000000146c5      0x136 ./Core/BLE/BLE.o
 .debug_macro   0x00000000000147fb      0x1bc ./Core/BLE/BLE.o
 .debug_macro   0x00000000000149b7       0x34 ./Core/BLE/BLE.o
 .debug_macro   0x00000000000149eb       0x3c ./Core/BLE/BLE.o
 .debug_macro   0x0000000000014a27       0x57 ./Core/BLE/BLE.o
 .debug_macro   0x0000000000014a7e      0x46a ./Core/BLE/BLE.o
 .debug_macro   0x0000000000014ee8      0x1b5 ./Core/BLE/BLE.o
 .debug_macro   0x000000000001509d       0x22 ./Core/BLE/BLE.o
 .debug_macro   0x00000000000150bf       0x88 ./Core/BLE/BLE.o
 .debug_macro   0x0000000000015147      0x241 ./Core/BLE/BLE.o
 .debug_macro   0x0000000000015388      0x287 ./Core/BLE/BLE.o
 .debug_macro   0x000000000001560f      0x141 ./Core/BLE/BLE.o
 .debug_macro   0x0000000000015750      0x217 ./Core/BLE/BLE.o
 .debug_macro   0x0000000000015967      0x8d1 ./Core/BLE/BLE.o
 .debug_macro   0x0000000000016238      0x279 ./Core/BLE/BLE.o
 .debug_macro   0x00000000000164b1       0x83 ./Core/BLE/BLE.o
 .debug_macro   0x0000000000016534       0x22 ./Core/BLE/BLE.o
 .debug_macro   0x0000000000016556       0xac ./Core/BLE/BLE.o
 .debug_macro   0x0000000000016602       0x52 ./Core/BLE/BLE.o
 .debug_macro   0x0000000000016654       0x18 ./Core/BLE/BLE.o
 .debug_macro   0x000000000001666c       0x3c ./Core/BLE/BLE.o
 .debug_macro   0x00000000000166a8       0x34 ./Core/BLE/BLE.o
 .debug_macro   0x00000000000166dc       0x16 ./Core/BLE/BLE.o
 .debug_macro   0x00000000000166f2       0x43 ./Core/BLE/BLE.o
 .debug_macro   0x0000000000016735       0x34 ./Core/BLE/BLE.o
 .debug_macro   0x0000000000016769       0x10 ./Core/BLE/BLE.o
 .debug_macro   0x0000000000016779       0x58 ./Core/BLE/BLE.o
 .debug_macro   0x00000000000167d1       0x71 ./Core/BLE/BLE.o
 .debug_macro   0x0000000000016842       0x1c ./Core/BLE/BLE.o
 .debug_macro   0x000000000001685e      0x12a ./Core/BLE/BLE.o
 .debug_macro   0x0000000000016988      0x341 ./Core/BLE/BLE.o
 .debug_macro   0x0000000000016cc9       0x10 ./Core/BLE/BLE.o
 .debug_macro   0x0000000000016cd9       0x35 ./Core/BLE/BLE.o
 .debug_macro   0x0000000000016d0e       0x20 ./Core/BLE/BLE.o
 .debug_macro   0x0000000000016d2e       0x10 ./Core/BLE/BLE.o
 .debug_macro   0x0000000000016d3e       0x2e ./Core/BLE/BLE.o
 .debug_macro   0x0000000000016d6c      0x249 ./Core/Battery/Battery.o
 .debug_macro   0x0000000000016fb5       0x10 ./Core/Battery/Battery.o
 .debug_macro   0x0000000000016fc5      0x24f ./Core/Encoder/Encoder.o
 .debug_macro   0x0000000000017214       0x28 ./Core/Encoder/Encoder.o
 .debug_macro   0x000000000001723c      0x325 ./Core/IMU/IMU.o
 .debug_macro   0x0000000000017561      0x19b ./Core/IMU/IMU.o
 .debug_macro   0x00000000000176fc      0x3de ./Core/Master_Slave_Communication/Master_Slave_Communication.o
 .debug_macro   0x0000000000017ada       0x16 ./Core/Master_Slave_Communication/Master_Slave_Communication.o
 .debug_macro   0x0000000000017af0       0x10 ./Core/Master_Slave_Communication/Master_Slave_Communication.o
 .debug_macro   0x0000000000017b00       0x10 ./Core/Master_Slave_Communication/Master_Slave_Communication.o
 .debug_macro   0x0000000000017b10       0x1c ./Core/Master_Slave_Communication/Master_Slave_Communication.o
 .debug_macro   0x0000000000017b2c       0x52 ./Core/Master_Slave_Communication/Master_Slave_Communication.o
 .debug_macro   0x0000000000017b7e       0x22 ./Core/Master_Slave_Communication/Master_Slave_Communication.o
 .debug_macro   0x0000000000017ba0       0x10 ./Core/Master_Slave_Communication/Master_Slave_Communication.o
 .debug_macro   0x0000000000017bb0       0x52 ./Core/Master_Slave_Communication/Master_Slave_Communication.o
 .debug_macro   0x0000000000017c02       0xd5 ./Core/Master_Slave_Communication/Master_Slave_Communication.o
 .debug_macro   0x0000000000017cd7       0x1c ./Core/Master_Slave_Communication/Master_Slave_Communication.o
 .debug_macro   0x0000000000017cf3       0x3d ./Core/Master_Slave_Communication/Master_Slave_Communication.o
 .debug_macro   0x0000000000017d30       0x16 ./Core/Master_Slave_Communication/Master_Slave_Communication.o
 .debug_macro   0x0000000000017d46      0x145 ./Core/Master_Slave_Communication/Master_Slave_Communication.o
 .debug_macro   0x0000000000017e8b       0x16 ./Core/Master_Slave_Communication/Master_Slave_Communication.o
 .debug_macro   0x0000000000017ea1      0x1f7 ./Core/Src/adc.o
 .debug_macro   0x0000000000018098      0x1f7 ./Core/Src/crc.o
 .debug_macro   0x000000000001828f      0x1f7 ./Core/Src/dma.o
 .debug_macro   0x0000000000018486      0x1f7 ./Core/Src/gpio.o
 .debug_macro   0x000000000001867d      0x1f7 ./Core/Src/i2c.o
 .debug_macro   0x0000000000018874      0x27a ./Core/Src/main.o
 .debug_macro   0x0000000000018aee      0x1f7 ./Core/Src/spi.o
 .debug_macro   0x0000000000018ce5      0x1ed ./Core/Src/stm32f1xx_hal_msp.o
 .debug_macro   0x0000000000018ed2      0x2ec ./Core/Src/stm32f1xx_it.o
 .debug_macro   0x00000000000191be      0x1d5 ./Core/Src/system_stm32f1xx.o
 .debug_macro   0x0000000000019393      0x1f7 ./Core/Src/tim.o
 .debug_macro   0x000000000001958a      0x1f7 ./Core/Src/usart.o
 .debug_macro   0x0000000000019781      0x249 ./Core/Tracking/Tracking.o
 .debug_macro   0x00000000000199ca      0x1f9 ./Drivers/STM32F1xx_HAL_Driver/Src/stm32f1xx_hal.o
 .debug_macro   0x0000000000019bc3      0x1f2 ./Drivers/STM32F1xx_HAL_Driver/Src/stm32f1xx_hal_adc.o
 .debug_macro   0x0000000000019db5      0x1d5 ./Drivers/STM32F1xx_HAL_Driver/Src/stm32f1xx_hal_cortex.o
 .debug_macro   0x0000000000019f8a      0x1d5 ./Drivers/STM32F1xx_HAL_Driver/Src/stm32f1xx_hal_crc.o
 .debug_macro   0x000000000001a15f      0x1d5 ./Drivers/STM32F1xx_HAL_Driver/Src/stm32f1xx_hal_dma.o
 .debug_macro   0x000000000001a334      0x240 ./Drivers/STM32F1xx_HAL_Driver/Src/stm32f1xx_hal_gpio.o
 .debug_macro   0x000000000001a574      0x21c ./Drivers/STM32F1xx_HAL_Driver/Src/stm32f1xx_hal_i2c.o
 .debug_macro   0x000000000001a790      0x1e7 ./Drivers/STM32F1xx_HAL_Driver/Src/stm32f1xx_hal_rcc.o
 .debug_macro   0x000000000001a977      0x1d5 ./Drivers/STM32F1xx_HAL_Driver/Src/stm32f1xx_hal_rcc_ex.o
 .debug_macro   0x000000000001ab4c      0x1dd ./Drivers/STM32F1xx_HAL_Driver/Src/stm32f1xx_hal_spi.o
 .debug_macro   0x000000000001ad29      0x1d6 ./Drivers/STM32F1xx_HAL_Driver/Src/stm32f1xx_hal_tim.o
 .debug_macro   0x000000000001aeff      0x1d5 ./Drivers/STM32F1xx_HAL_Driver/Src/stm32f1xx_hal_tim_ex.o
 .debug_macro   0x000000000001b0d4      0x1d6 ./Drivers/STM32F1xx_HAL_Driver/Src/stm32f1xx_hal_uart.o

.debug_line     0x0000000000000000    0x29a69
 .debug_line    0x0000000000000000      0xee0 ./Core/BLE/BLE.o
 .debug_line    0x0000000000000ee0      0xacc ./Core/Battery/Battery.o
 .debug_line    0x00000000000019ac     0x1212 ./Core/Encoder/Encoder.o
 .debug_line    0x0000000000002bbe      0xfe0 ./Core/IMU/IMU.o
 .debug_line    0x0000000000003b9e      0xcc4 ./Core/Master_Slave_Communication/Master_Slave_Communication.o
 .debug_line    0x0000000000004862      0x93a ./Core/Src/adc.o
 .debug_line    0x000000000000519c      0x8a0 ./Core/Src/crc.o
 .debug_line    0x0000000000005a3c      0x84b ./Core/Src/dma.o
 .debug_line    0x0000000000006287      0x8c7 ./Core/Src/gpio.o
 .debug_line    0x0000000000006b4e      0x931 ./Core/Src/i2c.o
 .debug_line    0x000000000000747f      0xcce ./Core/Src/main.o
 .debug_line    0x000000000000814d      0xa70 ./Core/Src/spi.o
 .debug_line    0x0000000000008bbd      0x849 ./Core/Src/stm32f1xx_hal_msp.o
 .debug_line    0x0000000000009406      0xbff ./Core/Src/stm32f1xx_it.o
 .debug_line    0x000000000000a005      0x8a3 ./Core/Src/system_stm32f1xx.o
 .debug_line    0x000000000000a8a8      0x92a ./Core/Src/tim.o
 .debug_line    0x000000000000b1d2      0xaf8 ./Core/Src/usart.o
 .debug_line    0x000000000000bcca       0x87 ./Core/Startup/startup_stm32f103c8tx.o
 .debug_line    0x000000000000bd51      0xc99 ./Core/Tracking/Tracking.o
 .debug_line    0x000000000000c9ea      0xb71 ./Drivers/STM32F1xx_HAL_Driver/Src/stm32f1xx_hal.o
 .debug_line    0x000000000000d55b     0x1a00 ./Drivers/STM32F1xx_HAL_Driver/Src/stm32f1xx_hal_adc.o
 .debug_line    0x000000000000ef5b      0xd56 ./Drivers/STM32F1xx_HAL_Driver/Src/stm32f1xx_hal_cortex.o
 .debug_line    0x000000000000fcb1      0xa2a ./Drivers/STM32F1xx_HAL_Driver/Src/stm32f1xx_hal_crc.o
 .debug_line    0x00000000000106db     0x1335 ./Drivers/STM32F1xx_HAL_Driver/Src/stm32f1xx_hal_dma.o
 .debug_line    0x0000000000011a10      0xc7a ./Drivers/STM32F1xx_HAL_Driver/Src/stm32f1xx_hal_gpio.o
 .debug_line    0x000000000001268a     0x6e55 ./Drivers/STM32F1xx_HAL_Driver/Src/stm32f1xx_hal_i2c.o
 .debug_line    0x00000000000194df     0x13f8 ./Drivers/STM32F1xx_HAL_Driver/Src/stm32f1xx_hal_rcc.o
 .debug_line    0x000000000001a8d7      0xb18 ./Drivers/STM32F1xx_HAL_Driver/Src/stm32f1xx_hal_rcc_ex.o
 .debug_line    0x000000000001b3ef     0x324e ./Drivers/STM32F1xx_HAL_Driver/Src/stm32f1xx_hal_spi.o
 .debug_line    0x000000000001e63d     0x63d3 ./Drivers/STM32F1xx_HAL_Driver/Src/stm32f1xx_hal_tim.o
 .debug_line    0x0000000000024a10     0x1fd5 ./Drivers/STM32F1xx_HAL_Driver/Src/stm32f1xx_hal_tim_ex.o
 .debug_line    0x00000000000269e5     0x3084 ./Drivers/STM32F1xx_HAL_Driver/Src/stm32f1xx_hal_uart.o

.debug_str      0x0000000000000000    0x94a5e
 .debug_str     0x0000000000000000    0x8e4c6 ./Core/BLE/BLE.o
                                      0x8e8fb (size before relaxing)
 .debug_str     0x000000000008e4c6      0x19d ./Core/Battery/Battery.o
                                      0x8b6ad (size before relaxing)
 .debug_str     0x000000000008e663      0x23e ./Core/Encoder/Encoder.o
                                      0x8b7d6 (size before relaxing)
 .debug_str     0x000000000008e8a1      0x8cf ./Core/IMU/IMU.o
                                      0x8edcf (size before relaxing)
 .debug_str     0x000000000008f170     0x112d ./Core/Master_Slave_Communication/Master_Slave_Communication.o
                                      0x8f600 (size before relaxing)
 .debug_str     0x000000000009029d      0x132 ./Core/Src/adc.o
                                      0x8b3a3 (size before relaxing)
 .debug_str     0x00000000000903cf       0x57 ./Core/Src/crc.o
                                      0x8b0e7 (size before relaxing)
 .debug_str     0x0000000000090426      0x2bf ./Core/Src/dma.o
                                      0x8b25c (size before relaxing)
 .debug_str     0x00000000000906e5       0x2c ./Core/Src/gpio.o
                                      0x8affe (size before relaxing)
 .debug_str     0x0000000000090711      0x2b3 ./Core/Src/i2c.o
                                      0x8b4e6 (size before relaxing)
 .debug_str     0x00000000000909c4      0x2c8 ./Core/Src/main.o
                                      0x8be42 (size before relaxing)
 .debug_str     0x0000000000090c8c       0x4b ./Core/Src/spi.o
                                      0x8b422 (size before relaxing)
 .debug_str     0x0000000000090cd7       0x2c ./Core/Src/stm32f1xx_hal_msp.o
                                      0x8af86 (size before relaxing)
 .debug_str     0x0000000000090d03      0x194 ./Core/Src/stm32f1xx_it.o
                                      0x8e63e (size before relaxing)
 .debug_str     0x0000000000090e97       0x7e ./Core/Src/system_stm32f1xx.o
                                      0x8abb1 (size before relaxing)
 .debug_str     0x0000000000090f15      0x150 ./Core/Src/tim.o
                                      0x8b8a7 (size before relaxing)
 .debug_str     0x0000000000091065       0x6d ./Core/Src/usart.o
                                      0x8b7bc (size before relaxing)
 .debug_str     0x00000000000910d2       0x36 ./Core/Startup/startup_stm32f103c8tx.o
                                         0x82 (size before relaxing)
 .debug_str     0x0000000000091108       0x9d ./Core/Tracking/Tracking.o
                                      0x8b819 (size before relaxing)
 .debug_str     0x00000000000911a5      0x37a ./Drivers/STM32F1xx_HAL_Driver/Src/stm32f1xx_hal.o
                                      0x8b2e4 (size before relaxing)
 .debug_str     0x000000000009151f      0x35d ./Drivers/STM32F1xx_HAL_Driver/Src/stm32f1xx_hal_adc.o
                                      0x8b28e (size before relaxing)
 .debug_str     0x000000000009187c      0x294 ./Drivers/STM32F1xx_HAL_Driver/Src/stm32f1xx_hal_cortex.o
                                      0x8b230 (size before relaxing)
 .debug_str     0x0000000000091b10       0x78 ./Drivers/STM32F1xx_HAL_Driver/Src/stm32f1xx_hal_crc.o
                                      0x8acf3 (size before relaxing)
 .debug_str     0x0000000000091b88      0x1e2 ./Drivers/STM32F1xx_HAL_Driver/Src/stm32f1xx_hal_dma.o
                                      0x8af5a (size before relaxing)
 .debug_str     0x0000000000091d6a      0x2d0 ./Drivers/STM32F1xx_HAL_Driver/Src/stm32f1xx_hal_gpio.o
                                      0x8af37 (size before relaxing)
 .debug_str     0x000000000009203a      0xb04 ./Drivers/STM32F1xx_HAL_Driver/Src/stm32f1xx_hal_i2c.o
                                      0x8bc25 (size before relaxing)
 .debug_str     0x0000000000092b3e      0x209 ./Drivers/STM32F1xx_HAL_Driver/Src/stm32f1xx_hal_rcc.o
                                      0x8afe0 (size before relaxing)
 .debug_str     0x0000000000092d47       0x84 ./Drivers/STM32F1xx_HAL_Driver/Src/stm32f1xx_hal_rcc_ex.o
                                      0x8ad30 (size before relaxing)
 .debug_str     0x0000000000092dcb      0x4e1 ./Drivers/STM32F1xx_HAL_Driver/Src/stm32f1xx_hal_spi.o
                                      0x8b4dd (size before relaxing)
 .debug_str     0x00000000000932ac      0xd95 ./Drivers/STM32F1xx_HAL_Driver/Src/stm32f1xx_hal_tim.o
                                      0x8bfcb (size before relaxing)
 .debug_str     0x0000000000094041      0x493 ./Drivers/STM32F1xx_HAL_Driver/Src/stm32f1xx_hal_tim_ex.o
                                      0x8b7e7 (size before relaxing)
 .debug_str     0x00000000000944d4      0x58a ./Drivers/STM32F1xx_HAL_Driver/Src/stm32f1xx_hal_uart.o
                                      0x8b5eb (size before relaxing)

.comment        0x0000000000000000       0x50
 .comment       0x0000000000000000       0x50 ./Core/BLE/BLE.o
                                         0x51 (size before relaxing)
 .comment       0x0000000000000050       0x51 ./Core/Battery/Battery.o
 .comment       0x0000000000000050       0x51 ./Core/Encoder/Encoder.o
 .comment       0x0000000000000050       0x51 ./Core/IMU/IMU.o
 .comment       0x0000000000000050       0x51 ./Core/Master_Slave_Communication/Master_Slave_Communication.o
 .comment       0x0000000000000050       0x51 ./Core/Src/adc.o
 .comment       0x0000000000000050       0x51 ./Core/Src/crc.o
 .comment       0x0000000000000050       0x51 ./Core/Src/dma.o
 .comment       0x0000000000000050       0x51 ./Core/Src/gpio.o
 .comment       0x0000000000000050       0x51 ./Core/Src/i2c.o
 .comment       0x0000000000000050       0x51 ./Core/Src/main.o
 .comment       0x0000000000000050       0x51 ./Core/Src/spi.o
 .comment       0x0000000000000050       0x51 ./Core/Src/stm32f1xx_hal_msp.o
 .comment       0x0000000000000050       0x51 ./Core/Src/stm32f1xx_it.o
 .comment       0x0000000000000050       0x51 ./Core/Src/system_stm32f1xx.o
 .comment       0x0000000000000050       0x51 ./Core/Src/tim.o
 .comment       0x0000000000000050       0x51 ./Core/Src/usart.o
 .comment       0x0000000000000050       0x51 ./Core/Tracking/Tracking.o
 .comment       0x0000000000000050       0x51 ./Drivers/STM32F1xx_HAL_Driver/Src/stm32f1xx_hal.o
 .comment       0x0000000000000050       0x51 ./Drivers/STM32F1xx_HAL_Driver/Src/stm32f1xx_hal_adc.o
 .comment       0x0000000000000050       0x51 ./Drivers/STM32F1xx_HAL_Driver/Src/stm32f1xx_hal_cortex.o
 .comment       0x0000000000000050       0x51 ./Drivers/STM32F1xx_HAL_Driver/Src/stm32f1xx_hal_crc.o
 .comment       0x0000000000000050       0x51 ./Drivers/STM32F1xx_HAL_Driver/Src/stm32f1xx_hal_dma.o
 .comment       0x0000000000000050       0x51 ./Drivers/STM32F1xx_HAL_Driver/Src/stm32f1xx_hal_gpio.o
 .comment       0x0000000000000050       0x51 ./Drivers/STM32F1xx_HAL_Driver/Src/stm32f1xx_hal_i2c.o
 .comment       0x0000000000000050       0x51 ./Drivers/STM32F1xx_HAL_Driver/Src/stm32f1xx_hal_rcc.o
 .comment       0x0000000000000050       0x51 ./Drivers/STM32F1xx_HAL_Driver/Src/stm32f1xx_hal_rcc_ex.o
 .comment       0x0000000000000050       0x51 ./Drivers/STM32F1xx_HAL_Driver/Src/stm32f1xx_hal_spi.o
 .comment       0x0000000000000050       0x51 ./Drivers/STM32F1xx_HAL_Driver/Src/stm32f1xx_hal_tim.o
 .comment       0x0000000000000050       0x51 ./Drivers/STM32F1xx_HAL_Driver/Src/stm32f1xx_hal_tim_ex.o
 .comment       0x0000000000000050       0x51 ./Drivers/STM32F1xx_HAL_Driver/Src/stm32f1xx_hal_uart.o

.debug_frame    0x0000000000000000     0x3b0c
 .debug_frame   0x0000000000000000       0x74 ./Core/BLE/BLE.o
 .debug_frame   0x0000000000000074       0x38 ./Core/Battery/Battery.o
 .debug_frame   0x00000000000000ac       0x88 ./Core/Encoder/Encoder.o
 .debug_frame   0x0000000000000134       0xdc ./Core/IMU/IMU.o
 .debug_frame   0x0000000000000210       0x44 ./Core/Master_Slave_Communication/Master_Slave_Communication.o
 .debug_frame   0x0000000000000254       0x70 ./Core/Src/adc.o
 .debug_frame   0x00000000000002c4       0x54 ./Core/Src/crc.o
 .debug_frame   0x0000000000000318       0x30 ./Core/Src/dma.o
 .debug_frame   0x0000000000000348       0x34 ./Core/Src/gpio.o
 .debug_frame   0x000000000000037c       0x70 ./Core/Src/i2c.o
 .debug_frame   0x00000000000003ec       0x7c ./Core/Src/main.o
 .debug_frame   0x0000000000000468       0x98 ./Core/Src/spi.o
 .debug_frame   0x0000000000000500       0x28 ./Core/Src/stm32f1xx_hal_msp.o
 .debug_frame   0x0000000000000528      0x110 ./Core/Src/stm32f1xx_it.o
 .debug_frame   0x0000000000000638       0x30 ./Core/Src/system_stm32f1xx.o
 .debug_frame   0x0000000000000668       0x68 ./Core/Src/tim.o
 .debug_frame   0x00000000000006d0       0xa0 ./Core/Src/usart.o
 .debug_frame   0x0000000000000770       0x60 ./Core/Tracking/Tracking.o
 .debug_frame   0x00000000000007d0      0x1d4 ./Drivers/STM32F1xx_HAL_Driver/Src/stm32f1xx_hal.o
 .debug_frame   0x00000000000009a4      0x310 ./Drivers/STM32F1xx_HAL_Driver/Src/stm32f1xx_hal_adc.o
 .debug_frame   0x0000000000000cb4      0x128 ./Drivers/STM32F1xx_HAL_Driver/Src/stm32f1xx_hal_cortex.o
 .debug_frame   0x0000000000000ddc       0xb0 ./Drivers/STM32F1xx_HAL_Driver/Src/stm32f1xx_hal_crc.o
 .debug_frame   0x0000000000000e8c      0x16c ./Drivers/STM32F1xx_HAL_Driver/Src/stm32f1xx_hal_dma.o
 .debug_frame   0x0000000000000ff8       0xec ./Drivers/STM32F1xx_HAL_Driver/Src/stm32f1xx_hal_gpio.o
 .debug_frame   0x00000000000010e4      0x880 ./Drivers/STM32F1xx_HAL_Driver/Src/stm32f1xx_hal_i2c.o
 .debug_frame   0x0000000000001964      0x1b8 ./Drivers/STM32F1xx_HAL_Driver/Src/stm32f1xx_hal_rcc.o
 .debug_frame   0x0000000000001b1c       0x74 ./Drivers/STM32F1xx_HAL_Driver/Src/stm32f1xx_hal_rcc_ex.o
 .debug_frame   0x0000000000001b90      0x61c ./Drivers/STM32F1xx_HAL_Driver/Src/stm32f1xx_hal_spi.o
 .debug_frame   0x00000000000021ac      0xbe4 ./Drivers/STM32F1xx_HAL_Driver/Src/stm32f1xx_hal_tim.o
 .debug_frame   0x0000000000002d90      0x468 ./Drivers/STM32F1xx_HAL_Driver/Src/stm32f1xx_hal_tim_ex.o
 .debug_frame   0x00000000000031f8      0x5d4 ./Drivers/STM32F1xx_HAL_Driver/Src/stm32f1xx_hal_uart.o
 .debug_frame   0x00000000000037cc       0x20 d:/systemdata/program/work/stmicroelectronics/stm32cubeide_1.12.0/stm32cubeide/plugins/com.st.stm32cube.ide.mcu.externaltools.gnu-tools-for-stm32.10.3-2021.10.win32_1.0.200.202301161003/tools/bin/../lib/gcc/arm-none-eabi/10.3.1/../../../../arm-none-eabi/lib/thumb/v7-m/nofp\libc_nano.a(lib_a-errno.o)