Component: ARM Compiler 5.06 update 6 (build 750) Tool: armlink [4d35ed]

==============================================================================

Section Cross References

    startup_stm32f103xb.o(RESET) refers to startup_stm32f103xb.o(STACK) for __initial_sp
    startup_stm32f103xb.o(RESET) refers to startup_stm32f103xb.o(.text) for Reset_Handler
    startup_stm32f103xb.o(RESET) refers to stm32f1xx_it.o(i.NMI_Handler) for NMI_Handler
    startup_stm32f103xb.o(RESET) refers to stm32f1xx_it.o(i.HardFault_Handler) for HardFault_Handler
    startup_stm32f103xb.o(RESET) refers to stm32f1xx_it.o(i.MemManage_Handler) for MemManage_Handler
    startup_stm32f103xb.o(RESET) refers to stm32f1xx_it.o(i.BusFault_Handler) for BusFault_Handler
    startup_stm32f103xb.o(RESET) refers to stm32f1xx_it.o(i.UsageFault_Handler) for UsageFault_Handler
    startup_stm32f103xb.o(RESET) refers to stm32f1xx_it.o(i.SVC_Handler) for SVC_Handler
    startup_stm32f103xb.o(RESET) refers to stm32f1xx_it.o(i.DebugMon_Handler) for DebugMon_Handler
    startup_stm32f103xb.o(RESET) refers to stm32f1xx_it.o(i.PendSV_Handler) for PendSV_Handler
    startup_stm32f103xb.o(RESET) refers to stm32f1xx_it.o(i.SysTick_Handler) for SysTick_Handler
    startup_stm32f103xb.o(RESET) refers to stm32f1xx_it.o(i.EXTI0_IRQHandler) for EXTI0_IRQHandler
    startup_stm32f103xb.o(RESET) refers to stm32f1xx_it.o(i.EXTI1_IRQHandler) for EXTI1_IRQHandler
    startup_stm32f103xb.o(RESET) refers to stm32f1xx_it.o(i.EXTI2_IRQHandler) for EXTI2_IRQHandler
    startup_stm32f103xb.o(RESET) refers to stm32f1xx_it.o(i.EXTI3_IRQHandler) for EXTI3_IRQHandler
    startup_stm32f103xb.o(RESET) refers to stm32f1xx_it.o(i.EXTI4_IRQHandler) for EXTI4_IRQHandler
    startup_stm32f103xb.o(RESET) refers to stm32f1xx_it.o(i.EXTI9_5_IRQHandler) for EXTI9_5_IRQHandler
    startup_stm32f103xb.o(RESET) refers to stm32f1xx_it.o(i.EXTI15_10_IRQHandler) for EXTI15_10_IRQHandler
    startup_stm32f103xb.o(.text) refers to system_stm32f1xx.o(i.SystemInit) for SystemInit
    startup_stm32f103xb.o(.text) refers to entry.o(.ARM.Collect$$$$00000000) for __main
    main.o(i.ARM_Control) refers to main.o(.data) for .data
    main.o(i.ARM_Control_ALL) refers to main.o(i.ARM_Control) for ARM_Control
    main.o(i.HAL_GPIO_EXTI_Callback) refers to stm32f1xx_hal_gpio.o(i.HAL_GPIO_ReadPin) for HAL_GPIO_ReadPin
    main.o(i.HAL_GPIO_EXTI_Callback) refers to main.o(i.page_1_circle_change_speed) for page_1_circle_change_speed
    main.o(i.HAL_GPIO_EXTI_Callback) refers to main.o(i.ARM_Control_ALL) for ARM_Control_ALL
    main.o(i.HAL_GPIO_EXTI_Callback) refers to main.o(.data) for .data
    main.o(i.SystemClock_Config) refers to memseta.o(.text) for __aeabi_memclr4
    main.o(i.SystemClock_Config) refers to stm32f1xx_hal_rcc.o(i.HAL_RCC_OscConfig) for HAL_RCC_OscConfig
    main.o(i.SystemClock_Config) refers to stm32f1xx_hal_rcc.o(i.HAL_RCC_ClockConfig) for HAL_RCC_ClockConfig
    main.o(i.display) refers to u8g2_buffer.o(i.u8g2_ClearBuffer) for u8g2_ClearBuffer
    main.o(i.display) refers to u8g2_font.o(i.u8g2_SetFont) for u8g2_SetFont
    main.o(i.display) refers to printf6.o(i.__0sprintf$6) for __2sprintf
    main.o(i.display) refers to u8g2_font.o(i.u8g2_DrawStr) for u8g2_DrawStr
    main.o(i.display) refers to u8g2_buffer.o(i.u8g2_SendBuffer) for u8g2_SendBuffer
    main.o(i.display) refers to main.o(.bss) for .bss
    main.o(i.display) refers to u8g2_fonts.o(.constdata) for u8g2_font_8x13_mf
    main.o(i.display_num) refers to u8g2_buffer.o(i.u8g2_ClearBuffer) for u8g2_ClearBuffer
    main.o(i.display_num) refers to u8g2_font.o(i.u8g2_SetFont) for u8g2_SetFont
    main.o(i.display_num) refers to printf6.o(i.__0sprintf$6) for __2sprintf
    main.o(i.display_num) refers to u8g2_font.o(i.u8g2_DrawStr) for u8g2_DrawStr
    main.o(i.display_num) refers to u8g2_buffer.o(i.u8g2_SendBuffer) for u8g2_SendBuffer
    main.o(i.display_num) refers to main.o(.bss) for .bss
    main.o(i.display_num) refers to u8g2_fonts.o(.constdata) for u8g2_font_8x13_mf
    main.o(i.main) refers to stm32f1xx_hal.o(i.HAL_Init) for HAL_Init
    main.o(i.main) refers to main.o(i.SystemClock_Config) for SystemClock_Config
    main.o(i.main) refers to gpio.o(i.MX_GPIO_Init) for MX_GPIO_Init
    main.o(i.main) refers to tim.o(i.MX_TIM1_Init) for MX_TIM1_Init
    main.o(i.main) refers to tim.o(i.MX_TIM2_Init) for MX_TIM2_Init
    main.o(i.main) refers to tim.o(i.MX_TIM3_Init) for MX_TIM3_Init
    main.o(i.main) refers to spi.o(i.MX_SPI2_Init) for MX_SPI2_Init
    main.o(i.main) refers to usart.o(i.MX_USART1_UART_Init) for MX_USART1_UART_Init
    main.o(i.main) refers to i2c.o(i.MX_I2C1_Init) for MX_I2C1_Init
    main.o(i.main) refers to u8g2_d_setup.o(i.u8g2_Setup_sh1106_128x64_noname_f) for u8g2_Setup_sh1106_128x64_noname_f
    main.o(i.main) refers to u8x8_display.o(i.u8x8_InitDisplay) for u8x8_InitDisplay
    main.o(i.main) refers to u8x8_display.o(i.u8x8_SetPowerSave) for u8x8_SetPowerSave
[...]
    ../Drivers/STM32F1xx_HAL_Driver/Src/stm32f1xx_hal_rcc_ex.c 0x00000000   Number         0  stm32f1xx_hal_rcc_ex.o ABSOLUTE
    ../Drivers/STM32F1xx_HAL_Driver/Src/stm32f1xx_hal_spi.c 0x00000000   Number         0  stm32f1xx_hal_spi.o ABSOLUTE
    ../Drivers/STM32F1xx_HAL_Driver/Src/stm32f1xx_hal_tim.c 0x00000000   Number         0  stm32f1xx_hal_tim.o ABSOLUTE
    ../Drivers/STM32F1xx_HAL_Driver/Src/stm32f1xx_hal_tim_ex.c 0x00000000   Number         0  stm32f1xx_hal_tim_ex.o ABSOLUTE
    ../Drivers/STM32F1xx_HAL_Driver/Src/stm32f1xx_hal_uart.c 0x00000000   Number         0  stm32f1xx_hal_uart.o ABSOLUTE
    ../clib/microlib/division.c              0x00000000   Number         0  uldiv.o ABSOLUTE
    ../clib/microlib/division.c              0x00000000   Number         0  uidiv.o ABSOLUTE
    ../clib/microlib/init/entry.s            0x00000000   Number         0  entry8a.o ABSOLUTE
    ../clib/microlib/init/entry.s            0x00000000   Number         0  entry8b.o ABSOLUTE
    ../clib/microlib/init/entry.s            0x00000000   Number         0  entry11b.o ABSOLUTE
    ../clib/microlib/init/entry.s            0x00000000   Number         0  entry7b.o ABSOLUTE
    ../clib/microlib/init/entry.s            0x00000000   Number         0  entry7a.o ABSOLUTE
    ../clib/microlib/init/entry.s            0x00000000   Number         0  entry5.o ABSOLUTE
    ../clib/microlib/init/entry.s            0x00000000   Number         0  entry10a.o ABSOLUTE
    ../clib/microlib/init/entry.s            0x00000000   Number         0  entry10b.o ABSOLUTE
    ../clib/microlib/init/entry.s            0x00000000   Number         0  entry9a.o ABSOLUTE
    ../clib/microlib/init/entry.s            0x00000000   Number         0  entry2.o ABSOLUTE
    ../clib/microlib/init/entry.s            0x00000000   Number         0  entry11a.o ABSOLUTE
    ../clib/microlib/init/entry.s            0x00000000   Number         0  entry9b.o ABSOLUTE
    ../clib/microlib/init/entry.s            0x00000000   Number         0  entry.o ABSOLUTE
    ../clib/microlib/longlong.c              0x00000000   Number         0  llsshr.o ABSOLUTE
    ../clib/microlib/longlong.c              0x00000000   Number         0  llshl.o ABSOLUTE
    ../clib/microlib/longlong.c              0x00000000   Number         0  llushr.o ABSOLUTE
    ../clib/microlib/printf/printf.c         0x00000000   Number         0  printf5.o ABSOLUTE
    ../clib/microlib/printf/printf.c         0x00000000   Number         0  printf8.o ABSOLUTE
    ../clib/microlib/printf/printf.c         0x00000000   Number         0  printf7.o ABSOLUTE
    ../clib/microlib/printf/printf.c         0x00000000   Number         0  printfa.o ABSOLUTE
    ../clib/microlib/printf/printf.c         0x00000000   Number         0  printf6.o ABSOLUTE
    ../clib/microlib/printf/printf.c         0x00000000   Number         0  printf4.o ABSOLUTE
    ../clib/microlib/printf/printf.c         0x00000000   Number         0  printf3.o ABSOLUTE
    ../clib/microlib/printf/printf.c         0x00000000   Number         0  printf2.o ABSOLUTE
    ../clib/microlib/printf/printf.c         0x00000000   Number         0  printf1.o ABSOLUTE
    ../clib/microlib/printf/printf.c         0x00000000   Number         0  printf0.o ABSOLUTE
    ../clib/microlib/printf/printf.c         0x00000000   Number         0  printfb.o ABSOLUTE
    ../clib/microlib/printf/stubs.s          0x00000000   Number         0  stubs.o ABSOLUTE
    ../clib/microlib/stdio/fputc.c           0x00000000   Number         0  fputc.o ABSOLUTE
    ../clib/microlib/stdio/semi.s            0x00000000   Number         0  semi.o ABSOLUTE
    ../clib/microlib/stdio/streams.c         0x00000000   Number         0  stdout.o ABSOLUTE
    ../clib/microlib/string/memset.c         0x00000000   Number         0  memseta.o ABSOLUTE
    ../clib/microlib/stubs.s                 0x00000000   Number         0  iusesemip.o ABSOLUTE
    ../clib/microlib/stubs.s                 0x00000000   Number         0  iusefp.o ABSOLUTE
    ../fplib/microlib/fpadd.c                0x00000000   Number         0  dadd.o ABSOLUTE
    ../fplib/microlib/fpdiv.c                0x00000000   Number         0  ddiv.o ABSOLUTE
    ../fplib/microlib/fpepilogue.c           0x00000000   Number         0  depilogue.o ABSOLUTE
    ../fplib/microlib/fpfix.c                0x00000000   Number         0  dfixul.o ABSOLUTE
    ../fplib/microlib/fpmul.c                0x00000000   Number         0  dmul.o ABSOLUTE
    ..\Core\Src\gpio.c                       0x00000000   Number         0  gpio.o ABSOLUTE
    ..\Core\Src\i2c.c                        0x00000000   Number         0  i2c.o ABSOLUTE
    ..\Core\Src\main.c                       0x00000000   Number         0  main.o ABSOLUTE
    ..\Core\Src\spi.c                        0x00000000   Number         0  spi.o ABSOLUTE
    ..\Core\Src\stm32f1xx_hal_msp.c          0x00000000   Number         0  stm32f1xx_hal_msp.o ABSOLUTE
    ..\Core\Src\stm32f1xx_it.c               0x00000000   Number         0  stm32f1xx_it.o ABSOLUTE
    ..\Core\Src\system_stm32f1xx.c           0x00000000   Number         0  system_stm32f1xx.o ABSOLUTE
    ..\Core\Src\tim.c                        0x00000000   Number         0  tim.o ABSOLUTE
    ..\Core\Src\usart.c                      0x00000000   Number         0  usart.o ABSOLUTE
    ..\Core\csrc\u8g2_bitmap.c               0x00000000   Number         0  u8g2_bitmap.o ABSOLUTE
    ..\Core\csrc\u8g2_box.c                  0x00000000   Number         0  u8g2_box.o ABSOLUTE
    ..\Core\csrc\u8g2_buffer.c               0x00000000   Number         0  u8g2_buffer.o ABSOLUTE
    ..\Core\csrc\u8g2_circle.c               0x00000000   Number         0  u8g2_circle.o ABSOLUTE
    ..\Core\csrc\u8g2_cleardisplay.c         0x00000000   Number         0  u8g2_cleardisplay.o ABSOLUTE
    ..\Core\csrc\u8g2_d_memory.c             0x00000000   Number         0  u8g2_d_memory.o ABSOLUTE
    ..\Core\csrc\u8g2_d_setup.c              0x00000000   Number         0  u8g2_d_setup.o ABSOLUTE
    ..\Core\csrc\u8g2_font.c                 0x00000000   Number         0  u8g2_font.o ABSOLUTE
    ..\Core\csrc\u8g2_fonts.c                0x00000000   Number         0  u8g2_fonts.o ABSOLUTE
    ..\Core\csrc\u8g2_hvline.c               0x00000000   Number         0  u8g2_hvline.o ABSOLUTE
    ..\Core\csrc\u8g2_input_value.c          0x00000000   Number         0  u8g2_input_value.o ABSOLUTE
    ..\Core\csrc\u8g2_intersection.c         0x00000000   Number         0  u8g2_intersection.o ABSOLUTE
    ..\Core\csrc\u8g2_kerning.c              0x00000000   Number         0  u8g2_kerning.o ABSOLUTE
    ..\Core\csrc\u8g2_line.c                 0x00000000   Number         0  u8g2_line.o ABSOLUTE
    ..\Core\csrc\u8g2_ll_hvline.c            0x00000000   Number         0  u8g2_ll_hvline.o ABSOLUTE
    ..\Core\csrc\u8g2_message.c              0x00000000   Number         0  u8g2_message.o ABSOLUTE
    ..\Core\csrc\u8g2_polygon.c              0x00000000   Number         0  u8g2_polygon.o ABSOLUTE
    ..\Core\csrc\u8g2_selection_list.c       0x00000000   Number         0  u8g2_selection_list.o ABSOLUTE
    ..\Core\csrc\u8g2_setup.c                0x00000000   Number         0  u8g2_setup.o ABSOLUTE
    ..\Core\csrc\u8log.c                     0x00000000   Number         0  u8log.o ABSOLUTE
    ..\Core\csrc\u8log_u8g2.c                0x00000000   Number         0  u8log_u8g2.o ABSOLUTE
    ..\Core\csrc\u8log_u8x8.c                0x00000000   Number         0  u8log_u8x8.o ABSOLUTE
    ..\Core\csrc\u8x8_8x8.c                  0x00000000   Number         0  u8x8_8x8.o ABSOLUTE
    ..\Core\csrc\u8x8_byte.c                 0x00000000   Number         0  u8x8_byte.o ABSOLUTE
    ..\Core\csrc\u8x8_cad.c                  0x00000000   Number         0  u8x8_cad.o ABSOLUTE
    ..\Core\csrc\u8x8_capture.c              0x00000000   Number         0  u8x8_capture.o ABSOLUTE
    ..\Core\csrc\u8x8_d_ssd1306_128x64_noname.c 0x00000000   Number         0  u8x8_d_ssd1306_128x64_noname.o ABSOLUTE
    ..\Core\csrc\u8x8_debounce.c             0x00000000   Number         0  u8x8_debounce.o ABSOLUTE
    ..\Core\csrc\u8x8_display.c              0x00000000   Number         0  u8x8_display.o ABSOLUTE
    ..\Core\csrc\u8x8_fonts.c                0x00000000   Number         0  u8x8_fonts.o ABSOLUTE
    ..\Core\csrc\u8x8_gpio.c                 0x00000000   Number         0  u8x8_gpio.o ABSOLUTE
    ..\Core\csrc\u8x8_input_value.c          0x00000000   Number         0  u8x8_input_value.o ABSOLUTE
    ..\Core\csrc\u8x8_message.c              0x00000000   Number         0  u8x8_message.o ABSOLUTE
    ..\Core\csrc\u8x8_selection_list.c       0x00000000   Number         0  u8x8_selection_list.o ABSOLUTE
    ..\Core\csrc\u8x8_setup.c                0x00000000   Number         0  u8x8_setup.o ABSOLUTE
    ..\Core\csrc\u8x8_string.c               0x00000000   Number         0  u8x8_string.o ABSOLUTE
    ..\Core\csrc\u8x8_u16toa.c               0x00000000   Number         0  u8x8_u16toa.o ABSOLUTE
    ..\Core\csrc\u8x8_u8toa.c                0x00000000   Number         0  u8x8_u8toa.o ABSOLUTE
    ..\Drivers\STM32F1xx_HAL_Driver\Src\stm32f1xx_hal.c 0x00000000   Number         0  stm32f1xx_hal.o ABSOLUTE
    ..\Drivers\STM32F1xx_HAL_Driver\Src\stm32f1xx_hal_cortex.c 0x00000000   Number         0  stm32f1xx_hal_cortex.o ABSOLUTE
    ..\Drivers\STM32F1xx_HAL_Driver\Src\stm32f1xx_hal_dma.c 0x00000000   Number         0  stm32f1xx_hal_dma.o ABSOLUTE
    ..\Drivers\STM32F1xx_HAL_Driver\Src\stm32f1xx_hal_exti.c 0x00000000   Number         0  stm32f1xx_hal_exti.o ABSOLUTE
    ..\Drivers\STM32F1xx_HAL_Driver\Src\stm32f1xx_hal_flash.c 0x00000000   Number         0  stm32f1xx_hal_flash.o ABSOLUTE
    ..\Drivers\STM32F1xx_HAL_Driver\Src\stm32f1xx_hal_flash_ex.c 0x00000000   Number         0  stm32f1xx_hal_flash_ex.o ABSOLUTE
    ..\Drivers\STM32F1xx_HAL_Driver\Src\stm32f1xx_hal_gpio.c 0x00000000   Number         0  stm32f1xx_hal_gpio.o ABSOLUTE
    ..\Drivers\STM32F1xx_HAL_Driver\Src\stm32f1xx_hal_gpio_ex.c 0x00000000   Number         0  stm32f1xx_hal_gpio_ex.o ABSOLUTE
    ..\Drivers\STM32F1xx_HAL_Driver\Src\stm32f1xx_hal_i2c.c 0x00000000   Number         0  stm32f1xx_hal_i2c.o ABSOLUTE
    ..\Drivers\STM32F1xx_HAL_Driver\Src\stm32f1xx_hal_pwr.c 0x00000000   Number         0  stm32f1xx_hal_pwr.o ABSOLUTE
    ..\Drivers\STM32F1xx_HAL_Driver\Src\stm32f1xx_hal_rcc.c 0x00000000   Number         0  stm32f1xx_hal_rcc.o ABSOLUTE
    ..\Drivers\STM32F1xx_HAL_Driver\Src\stm32f1xx_hal_rcc_ex.c 0x00000000   Number         0  stm32f1xx_hal_rcc_ex.o ABSOLUTE
    ..\Drivers\STM32F1xx_HAL_Driver\Src\stm32f1xx_hal_spi.c 0x00000000   Number         0  stm32f1xx_hal_spi.o ABSOLUTE
    ..\Drivers\STM32F1xx_HAL_Driver\Src\stm32f1xx_hal_tim.c 0x00000000   Number         0  stm32f1xx_hal_tim.o ABSOLUTE
    ..\Drivers\STM32F1xx_HAL_Driver\Src\stm32f1xx_hal_tim_ex.c 0x00000000   Number         0  stm32f1xx_hal_tim_ex.o ABSOLUTE
    ..\Drivers\STM32F1xx_HAL_Driver\Src\stm32f1xx_hal_uart.c 0x00000000   Number         0  stm32f1xx_hal_uart.o ABSOLUTE
    ..\\Core\\csrc\\u8x8_byte.c              0x00000000   Number         0  u8x8_byte.o ABSOLUTE
    cdrcmple.s                               0x00000000   Number         0  cdrcmple.o ABSOLUTE
    dc.s                                     0x00000000   Number         0  dc.o ABSOLUTE
    handlers.s                               0x00000000   Number         0  handlers.o ABSOLUTE
    init.s                                   0x00000000   Number         0  init.o ABSOLUTE
    startup_stm32f103xb.s                    0x00000000   Number         0  startup_stm32f103xb.o ABSOLUTE
    RESET                                    0x08000000   Section      236  startup_stm32f103xb.o(RESET)
    .ARM.Collect$$$$00000000                 0x080000ec   Section        0  entry.o(.ARM.Collect$$$$00000000)
    .ARM.Collect$$$$00000001                 0x080000ec   Section        4  entry2.o(.ARM.Collect$$$$00000001)
    .ARM.Collect$$$$00000004                 0x080000f0   Section        4  entry5.o(.ARM.Collect$$$$00000004)
    .ARM.Collect$$$$00000008                 0x080000f4   Section        0  entry7b.o(.ARM.Collect$$$$00000008)
    .ARM.Collect$$$$0000000A                 0x080000f4   Section        0  entry8b.o(.ARM.Collect$$$$0000000A)
    .ARM.Collect$$$$0000000B                 0x080000f4   Section        8  entry9a.o(.ARM.Collect$$$$0000000B)
    .ARM.Collect$$$$0000000D                 0x080000fc   Section        0  entry10a.o(.ARM.Collect$$$$0000000D)
    .ARM.Collect$$$$0000000F                 0x080000fc   Section        0  entry11a.o(.ARM.Collect$$$$0000000F)
    .ARM.Collect$$$$00002712                 0x080000fc   Section        4  entry2.o(.ARM.Collect$$$$00002712)
    __lit__00000000                          0x080000fc   Data           4  entry2.o(.ARM.Collect$$$$00002712)
    .text                                    0x08000100   Section       36  startup_stm32f103xb.o(.text)
    .text                                    0x08000124   Section        0  memseta.o(.text)
    .text                                    0x08000148   Section        0  uidiv.o(.text)
    .text                                    0x08000174   Section       36  init.o(.text)
    i.ARM_Control                            0x08000198   Section        0  main.o(i.ARM_Control)
    i.ARM_Control_ALL                        0x08000264   Section        0  main.o(i.ARM_Control_ALL)
    i.BusFault_Handler                       0x080002b4   Section        0  stm32f1xx_it.o(i.BusFault_Handler)
    i.DebugMon_Handler                       0x080002b6   Section        0  stm32f1xx_it.o(i.DebugMon_Handler)
    i.EXTI0_IRQHandler                       0x080002b8   Section        0  stm32f1xx_it.o(i.EXTI0_IRQHandler)
    i.EXTI15_10_IRQHandler                   0x080002be   Section        0  stm32f1xx_it.o(i.EXTI15_10_IRQHandler)
    i.EXTI1_IRQHandler                       0x080002ec   Section        0  stm32f1xx_it.o(i.EXTI1_IRQHandler)
    i.EXTI2_IRQHandler                       0x080002f2   Section        0  stm32f1xx_it.o(i.EXTI2_IRQHandler)
    i.EXTI3_IRQHandler                       0x080002f8   Section        0  stm32f1xx_it.o(i.EXTI3_IRQHandler)
    i.EXTI4_IRQHandler                       0x080002fe   Section        0  stm32f1xx_it.o(i.EXTI4_IRQHandler)
    i.EXTI9_5_IRQHandler                     0x08000304   Section        0  stm32f1xx_it.o(i.EXTI9_5_IRQHandler)
    i.Error_Handler                          0x0800031c   Section        0  main.o(i.Error_Handler)
    i.HAL_Delay                              0x08000320   Section        0  stm32f1xx_hal.o(i.HAL_Delay)
    i.HAL_GPIO_EXTI_Callback                 0x08000344   Section        0  main.o(i.HAL_GPIO_EXTI_Callback)
    i.HAL_GPIO_EXTI_IRQHandler               0x08000448   Section        0  stm32f1xx_hal_gpio.o(i.HAL_GPIO_EXTI_IRQHandler)
    i.HAL_GPIO_Init                          0x08000460   Section        0  stm32f1xx_hal_gpio.o(i.HAL_GPIO_Init)
    i.HAL_GPIO_ReadPin                       0x08000640   Section        0  stm32f1xx_hal_gpio.o(i.HAL_GPIO_ReadPin)
    i.HAL_GPIO_WritePin                      0x0800064a   Section        0  stm32f1xx_hal_gpio.o(i.HAL_GPIO_WritePin)
    i.HAL_GetTick                            0x08000654   Section        0  stm32f1xx_hal.o(i.HAL_GetTick)
    i.HAL_I2C_Init                           0x08000660   Section        0  stm32f1xx_hal_i2c.o(i.HAL_I2C_Init)
    i.HAL_I2C_MspInit                        0x080007e8   Section        0  i2c.o(i.HAL_I2C_MspInit)
    i.HAL_IncTick                            0x08000858   Section        0  stm32f1xx_hal.o(i.HAL_IncTick)
    i.HAL_Init                               0x08000868   Section        0  stm32f1xx_hal.o(i.HAL_Init)
    i.HAL_InitTick                           0x0800088c   Section        0  stm32f1xx_hal.o(i.HAL_InitTick)
    i.HAL_MspInit                            0x080008cc   Section        0  stm32f1xx_hal_msp.o(i.HAL_MspInit)
    i.HAL_NVIC_EnableIRQ                     0x08000908   Section        0  stm32f1xx_hal_cortex.o(i.HAL_NVIC_EnableIRQ)
    i.HAL_NVIC_SetPriority                   0x08000924   Section        0  stm32f1xx_hal_cortex.o(i.HAL_NVIC_SetPriority)
    i.HAL_NVIC_SetPriorityGrouping           0x08000964   Section        0  stm32f1xx_hal_cortex.o(i.HAL_NVIC_SetPriorityGrouping)
    i.HAL_RCC_ClockConfig                    0x08000988   Section        0  stm32f1xx_hal_rcc.o(i.HAL_RCC_ClockConfig)
    i.HAL_RCC_GetPCLK1Freq                   0x08000ab4   Section        0  stm32f1xx_hal_rcc.o(i.HAL_RCC_GetPCLK1Freq)
    i.HAL_RCC_GetPCLK2Freq                   0x08000ad4   Section        0  stm32f1xx_hal_rcc.o(i.HAL_RCC_GetPCLK2Freq)
    i.HAL_RCC_GetSysClockFreq                0x08000af4   Section        0  stm32f1xx_hal_rcc.o(i.HAL_RCC_GetSysClockFreq)
    i.HAL_RCC_OscConfig                      0x08000b60   Section        0  stm32f1xx_hal_rcc.o(i.HAL_RCC_OscConfig)
    i.HAL_SPI_Init                           0x08000e80   Section        0  stm32f1xx_hal_spi.o(i.HAL_SPI_Init)
    i.HAL_SPI_MspInit                        0x08000f34   Section        0  spi.o(i.HAL_SPI_MspInit)
    i.HAL_SPI_Transmit                       0x08000f94   Section        0  stm32f1xx_hal_spi.o(i.HAL_SPI_Transmit)
    i.HAL_SYSTICK_Config                     0x080010fa   Section        0  stm32f1xx_hal_cortex.o(i.HAL_SYSTICK_Config)
    i.HAL_TIMEx_ConfigBreakDeadTime          0x08001122   Section        0  stm32f1xx_hal_tim_ex.o(i.HAL_TIMEx_ConfigBreakDeadTime)
    i.HAL_TIMEx_MasterConfigSynchronization  0x08001178   Section        0  stm32f1xx_hal_tim_ex.o(i.HAL_TIMEx_MasterConfigSynchronization)
    i.HAL_TIM_Base_Init                      0x080011e0   Section        0  stm32f1xx_hal_tim.o(i.HAL_TIM_Base_Init)
    i.HAL_TIM_Base_MspInit                   0x0800123c   Section        0  tim.o(i.HAL_TIM_Base_MspInit)
    i.HAL_TIM_ConfigClockSource              0x08001294   Section        0  stm32f1xx_hal_tim.o(i.HAL_TIM_ConfigClockSource)
    i.HAL_TIM_MspPostInit                    0x0800136c   Section        0  tim.o(i.HAL_TIM_MspPostInit)
    i.HAL_TIM_PWM_ConfigChannel              0x08001418   Section        0  stm32f1xx_hal_tim.o(i.HAL_TIM_PWM_ConfigChannel)
    i.HAL_TIM_PWM_Init                       0x080014de   Section        0  stm32f1xx_hal_tim.o(i.HAL_TIM_PWM_Init)
    i.HAL_TIM_PWM_MspInit                    0x08001538   Section        0  stm32f1xx_hal_tim.o(i.HAL_TIM_PWM_MspInit)
    i.HAL_TIM_PWM_Start                      0x0800153c   Section        0  stm32f1xx_hal_tim.o(i.HAL_TIM_PWM_Start)
    i.HAL_UART_Init                          0x080015d8   Section        0  stm32f1xx_hal_uart.o(i.HAL_UART_Init)
    i.HAL_UART_MspInit                       0x0800163c   Section        0  usart.o(i.HAL_UART_MspInit)
    i.HardFault_Handler                      0x080016bc   Section        0  stm32f1xx_it.o(i.HardFault_Handler)
    i.MX_GPIO_Init                           0x080016c0   Section        0  gpio.o(i.MX_GPIO_Init)
    i.MX_I2C1_Init                           0x08001814   Section        0  i2c.o(i.MX_I2C1_Init)
    i.MX_SPI2_Init                           0x08001854   Section        0  spi.o(i.MX_SPI2_Init)
    i.MX_TIM1_Init                           0x08001898   Section        0  tim.o(i.MX_TIM1_Init)
    i.MX_TIM2_Init                           0x08001990   Section        0  tim.o(i.MX_TIM2_Init)
    i.MX_TIM3_Init                           0x08001a58   Section        0  tim.o(i.MX_TIM3_Init)
    i.MX_USART1_UART_Init                    0x08001b00   Section        0  usart.o(i.MX_USART1_UART_Init)
    i.MemManage_Handler                      0x08001b38   Section        0  stm32f1xx_it.o(i.MemManage_Handler)
    i.NMI_Handler                            0x08001b3a   Section        0  stm32f1xx_it.o(i.NMI_Handler)
    i.PendSV_Handler                         0x08001b3c   Section        0  stm32f1xx_it.o(i.PendSV_Handler)
    i.SPI_EndRxTxTransaction                 0x08001b3e   Section        0  stm32f1xx_hal_spi.o(i.SPI_EndRxTxTransaction)
    SPI_EndRxTxTransaction                   0x08001b3f   Thumb Code    32  stm32f1xx_hal_spi.o(i.SPI_EndRxTxTransaction)
    i.SPI_WaitFlagStateUntilTimeout          0x08001b60   Section        0  stm32f1xx_hal_spi.o(i.SPI_WaitFlagStateUntilTimeout)
    SPI_WaitFlagStateUntilTimeout            0x08001b61   Thumb Code   180  stm32f1xx_hal_spi.o(i.SPI_WaitFlagStateUntilTimeout)
    i.SVC_Handler                            0x08001c18   Section        0  stm32f1xx_it.o(i.SVC_Handler)
    i.SysTick_Handler                        0x08001c1a   Section        0  stm32f1xx_it.o(i.SysTick_Handler)
    i.SystemClock_Config                     0x08001c1e   Section        0  main.o(i.SystemClock_Config)
    i.SystemInit                             0x08001c7a   Section        0  system_stm32f1xx.o(i.SystemInit)
    i.TIM_Base_SetConfig                     0x08001c7c   Section        0  stm32f1xx_hal_tim.o(i.TIM_Base_SetConfig)
    i.TIM_CCxChannelCmd                      0x08001ce8   Section        0  stm32f1xx_hal_tim.o(i.TIM_CCxChannelCmd)
    i.TIM_ETR_SetConfig                      0x08001d02   Section        0  stm32f1xx_hal_tim.o(i.TIM_ETR_SetConfig)
    i.TIM_ITRx_SetConfig                     0x08001d16   Section        0  stm32f1xx_hal_tim.o(i.TIM_ITRx_SetConfig)
    TIM_ITRx_SetConfig                       0x08001d17   Thumb Code    16  stm32f1xx_hal_tim.o(i.TIM_ITRx_SetConfig)
    i.TIM_OC1_SetConfig                      0x08001d28   Section        0  stm32f1xx_hal_tim.o(i.TIM_OC1_SetConfig)
    TIM_OC1_SetConfig                        0x08001d29   Thumb Code    74  stm32f1xx_hal_tim.o(i.TIM_OC1_SetConfig)
    i.TIM_OC2_SetConfig                      0x08001d78   Section        0  stm32f1xx_hal_tim.o(i.TIM_OC2_SetConfig)
    i.TIM_OC3_SetConfig                      0x08001dd0   Section        0  stm32f1xx_hal_tim.o(i.TIM_OC3_SetConfig)
    TIM_OC3_SetConfig                        0x08001dd1   Thumb Code    82  stm32f1xx_hal_tim.o(i.TIM_OC3_SetConfig)
    i.TIM_OC4_SetConfig                      0x08001e28   Section        0  stm32f1xx_hal_tim.o(i.TIM_OC4_SetConfig)
    TIM_OC4_SetConfig                        0x08001e29   Thumb Code    64  stm32f1xx_hal_tim.o(i.TIM_OC4_SetConfig)
    i.TIM_TI1_ConfigInputStage               0x08001e6c   Section        0  stm32f1xx_hal_tim.o(i.TIM_TI1_ConfigInputStage)
    TIM_TI1_ConfigInputStage                 0x08001e6d   Thumb Code    34  stm32f1xx_hal_tim.o(i.TIM_TI1_ConfigInputStage)
    i.TIM_TI2_ConfigInputStage               0x08001e8e   Section        0  stm32f1xx_hal_tim.o(i.TIM_TI2_ConfigInputStage)
    TIM_TI2_ConfigInputStage                 0x08001e8f   Thumb Code    36  stm32f1xx_hal_tim.o(i.TIM_TI2_ConfigInputStage)
    i.UART_SetConfig                         0x08001eb4   Section        0  stm32f1xx_hal_uart.o(i.UART_SetConfig)
    UART_SetConfig                           0x08001eb5   Thumb Code   178  stm32f1xx_hal_uart.o(i.UART_SetConfig)
    i.UsageFault_Handler                     0x08001f6c   Section        0  stm32f1xx_it.o(i.UsageFault_Handler)
    i.__0sprintf$6                           0x08001f70   Section        0  printf6.o(i.__0sprintf$6)
    i.__NVIC_SetPriority                     0x08001f98   Section        0  stm32f1xx_hal_cortex.o(i.__NVIC_SetPriority)
    __NVIC_SetPriority                       0x08001f99   Thumb Code    32  stm32f1xx_hal_cortex.o(i.__NVIC_SetPriority)
    i.__scatterload_copy                     0x08001fb8   Section       14  handlers.o(i.__scatterload_copy)
    i.__scatterload_null                     0x08001fc6   Section        2  handlers.o(i.__scatterload_null)
    i.__scatterload_zeroinit                 0x08001fc8   Section       14  handlers.o(i.__scatterload_zeroinit)
    i._printf_core                           0x08001fd8   Section        0  printf6.o(i._printf_core)
    _printf_core                             0x08001fd9   Thumb Code   748  printf6.o(i._printf_core)
    i._printf_post_padding                   0x080022c8   Section        0  printf6.o(i._printf_post_padding)
    _printf_post_padding                     0x080022c9   Thumb Code    36  printf6.o(i._printf_post_padding)
    i._printf_pre_padding                    0x080022ec   Section        0  printf6.o(i._printf_pre_padding)
    _printf_pre_padding                      0x080022ed   Thumb Code    46  printf6.o(i._printf_pre_padding)
    i._sputc                                 0x0800231a   Section        0  printf6.o(i._sputc)
    _sputc                                   0x0800231b   Thumb Code    10  printf6.o(i._sputc)
    i.display                                0x08002324   Section        0  main.o(i.display)
    i.main                                   0x08002370   Section        0  main.o(i.main)
    i.page_1_circle_change_speed             0x08002458   Section        0  main.o(i.page_1_circle_change_speed)
    i.page_1_circle_num                      0x080024d8   Section        0  main.o(i.page_1_circle_num)
    i.page_1_init                            0x08002558   Section        0  main.o(i.page_1_init)
    i.page_1_update                          0x080026c8   Section        0  main.o(i.page_1_update)
    i.u8g2_ClearBuffer                       0x080027dc   Section        0  u8g2_buffer.o(i.u8g2_ClearBuffer)
    i.u8g2_DrawCircle                        0x080027ee   Section        0  u8g2_circle.o(i.u8g2_DrawCircle)
    i.u8g2_DrawDisc                          0x0800282e   Section        0  u8g2_circle.o(i.u8g2_DrawDisc)
    i.u8g2_DrawGlyph                         0x0800286e   Section        0  u8g2_font.o(i.u8g2_DrawGlyph)
    i.u8g2_DrawHVLine                        0x080028e0   Section        0  u8g2_hvline.o(i.u8g2_DrawHVLine)
    i.u8g2_DrawLine                          0x0800298c   Section        0  u8g2_line.o(i.u8g2_DrawLine)
    i.u8g2_DrawPixel                         0x08002a36   Section        0  u8g2_hvline.o(i.u8g2_DrawPixel)
    i.u8g2_DrawStr                           0x08002a64   Section        0  u8g2_font.o(i.u8g2_DrawStr)
    i.u8g2_DrawVLine                         0x08002a74   Section        0  u8g2_hvline.o(i.u8g2_DrawVLine)
    i.u8g2_IsIntersection                    0x08002a80   Section        0  u8g2_intersection.o(i.u8g2_IsIntersection)
    i.u8g2_SendBuffer                        0x08002ab0   Section        0  u8g2_buffer.o(i.u8g2_SendBuffer)
    i.u8g2_SetFont                           0x08002ac2   Section        0  u8g2_font.o(i.u8g2_SetFont)
    i.u8g2_SetFontPosBaseline                0x08002ae4   Section        0  u8g2_font.o(i.u8g2_SetFontPosBaseline)
    i.u8g2_SetMaxClipWindow                  0x08002af0   Section        0  u8g2_setup.o(i.u8g2_SetMaxClipWindow)
    i.u8g2_SetupBuffer                       0x08002b0a   Section        0  u8g2_setup.o(i.u8g2_SetupBuffer)
    i.u8g2_Setup_sh1106_128x64_noname_f      0x08002b4c   Section        0  u8g2_d_setup.o(i.u8g2_Setup_sh1106_128x64_noname_f)
    i.u8g2_UpdateRefHeight                   0x08002b84   Section        0  u8g2_font.o(i.u8g2_UpdateRefHeight)
    i.u8g2_add_vector_x                      0x08002bd6   Section        0  u8g2_font.o(i.u8g2_add_vector_x)
    i.u8g2_add_vector_y                      0x08002bf2   Section        0  u8g2_font.o(i.u8g2_add_vector_y)
    i.u8g2_apply_clip_window                 0x08002c0e   Section        0  u8g2_setup.o(i.u8g2_apply_clip_window)
    u8g2_apply_clip_window                   0x08002c0f   Thumb Code   110  u8g2_setup.o(i.u8g2_apply_clip_window)
    i.u8g2_clip_intersection2                0x08002c7c   Section        0  u8g2_hvline.o(i.u8g2_clip_intersection2)
    u8g2_clip_intersection2                  0x08002c7d   Thumb Code    60  u8g2_hvline.o(i.u8g2_clip_intersection2)
    i.u8g2_draw_circle                       0x08002cb8   Section        0  u8g2_circle.o(i.u8g2_draw_circle)
    u8g2_draw_circle                         0x08002cb9   Thumb Code   106  u8g2_circle.o(i.u8g2_draw_circle)
    i.u8g2_draw_circle_section               0x08002d22   Section        0  u8g2_circle.o(i.u8g2_draw_circle_section)
    u8g2_draw_circle_section                 0x08002d23   Thumb Code   186  u8g2_circle.o(i.u8g2_draw_circle_section)
    i.u8g2_draw_disc                         0x08002ddc   Section        0  u8g2_circle.o(i.u8g2_draw_disc)
    u8g2_draw_disc                           0x08002ddd   Thumb Code   106  u8g2_circle.o(i.u8g2_draw_disc)
    i.u8g2_draw_disc_section                 0x08002e46   Section        0  u8g2_circle.o(i.u8g2_draw_disc_section)
    u8g2_draw_disc_section                   0x08002e47   Thumb Code   204  u8g2_circle.o(i.u8g2_draw_disc_section)
    i.u8g2_draw_hv_line_2dir                 0x08002f12   Section        0  u8g2_hvline.o(i.u8g2_draw_hv_line_2dir)
    i.u8g2_draw_l90_r0                       0x08002f26   Section        0  u8g2_setup.o(i.u8g2_draw_l90_r0)
    i.u8g2_draw_string                       0x08002f32   Section        0  u8g2_font.o(i.u8g2_draw_string)
    u8g2_draw_string                         0x08002f33   Thumb Code   118  u8g2_font.o(i.u8g2_draw_string)
    i.u8g2_font_calc_vref_font               0x08002fa8   Section        0  u8g2_font.o(i.u8g2_font_calc_vref_font)
    i.u8g2_font_decode_get_signed_bits       0x08002fac   Section        0  u8g2_font.o(i.u8g2_font_decode_get_signed_bits)
    i.u8g2_font_decode_get_unsigned_bits     0x08002fc0   Section        0  u8g2_font.o(i.u8g2_font_decode_get_unsigned_bits)
    i.u8g2_font_decode_glyph                 0x08002ff4   Section        0  u8g2_font.o(i.u8g2_font_decode_glyph)
    i.u8g2_font_decode_len                   0x08003100   Section        0  u8g2_font.o(i.u8g2_font_decode_len)
    i.u8g2_font_get_glyph_data               0x0800318c   Section        0  u8g2_font.o(i.u8g2_font_get_glyph_data)
    i.u8g2_font_get_word                     0x080031fe   Section        0  u8g2_font.o(i.u8g2_font_get_word)
    u8g2_font_get_word                       0x080031ff   Thumb Code    20  u8g2_font.o(i.u8g2_font_get_word)
    i.u8g2_font_setup_decode                 0x08003212   Section        0  u8g2_font.o(i.u8g2_font_setup_decode)
    u8g2_font_setup_decode                   0x08003213   Thumb Code    52  u8g2_font.o(i.u8g2_font_setup_decode)
    i.u8g2_gpio_and_delay_stm32              0x08003248   Section        0  main.o(i.u8g2_gpio_and_delay_stm32)
    i.u8g2_is_intersection_decision_tree     0x080032ac   Section        0  u8g2_intersection.o(i.u8g2_is_intersection_decision_tree)
    i.u8g2_ll_hvline_vertical_top_lsb        0x080032c4   Section        0  u8g2_ll_hvline.o(i.u8g2_ll_hvline_vertical_top_lsb)
    i.u8g2_m_16_8_f                          0x08003354   Section        0  u8g2_d_memory.o(i.u8g2_m_16_8_f)
    i.u8g2_read_font_info                    0x08003360   Section        0  u8g2_font.o(i.u8g2_read_font_info)
    i.u8g2_send_buffer                       0x080033ca   Section        0  u8g2_buffer.o(i.u8g2_send_buffer)
    u8g2_send_buffer                         0x080033cb   Thumb Code    78  u8g2_buffer.o(i.u8g2_send_buffer)
    i.u8g2_update_dimension_common           0x08003418   Section        0  u8g2_setup.o(i.u8g2_update_dimension_common)
    u8g2_update_dimension_common             0x08003419   Thumb Code    88  u8g2_setup.o(i.u8g2_update_dimension_common)
    i.u8g2_update_dimension_r0               0x08003470   Section        0  u8g2_setup.o(i.u8g2_update_dimension_r0)
    i.u8g2_update_page_win_r0                0x08003474   Section        0  u8g2_setup.o(i.u8g2_update_page_win_r0)
    i.u8x8_DrawTile                          0x08003496   Section        0  u8x8_display.o(i.u8x8_DrawTile)
    i.u8x8_InitDisplay                       0x080034b4   Section        0  u8x8_display.o(i.u8x8_InitDisplay)
    i.u8x8_RefreshDisplay                    0x080034c4   Section        0  u8x8_display.o(i.u8x8_RefreshDisplay)
    i.u8x8_SetPowerSave                      0x080034d4   Section        0  u8x8_display.o(i.u8x8_SetPowerSave)
    i.u8x8_Setup                             0x080034e4   Section        0  u8x8_setup.o(i.u8x8_Setup)
    i.u8x8_SetupDefaults                     0x08003508   Section        0  u8x8_setup.o(i.u8x8_SetupDefaults)
    i.u8x8_SetupMemory                       0x0800352c   Section        0  u8x8_display.o(i.u8x8_SetupMemory)
    i.u8x8_ascii_next                        0x0800353c   Section        0  u8x8_8x8.o(i.u8x8_ascii_next)
    i.u8x8_byte_4wire_hw_spi                 0x0800354c   Section        0  u8x8_byte.o(i.u8x8_byte_4wire_hw_spi)
    i.u8x8_byte_SendByte                     0x080035c0   Section        0  u8x8_byte.o(i.u8x8_byte_SendByte)
    i.u8x8_byte_SetDC                        0x080035ce   Section        0  u8x8_byte.o(i.u8x8_byte_SetDC)
    i.u8x8_cad_001                           0x080035de   Section        0  u8x8_cad.o(i.u8x8_cad_001)
    i.u8x8_cad_EndTransfer                   0x08003630   Section        0  u8x8_cad.o(i.u8x8_cad_EndTransfer)
    i.u8x8_cad_SendArg                       0x08003640   Section        0  u8x8_cad.o(i.u8x8_cad_SendArg)
    i.u8x8_cad_SendCmd                       0x08003650   Section        0  u8x8_cad.o(i.u8x8_cad_SendCmd)
    i.u8x8_cad_SendData                      0x08003660   Section        0  u8x8_cad.o(i.u8x8_cad_SendData)
    i.u8x8_cad_SendSequence                  0x08003670   Section        0  u8x8_cad.o(i.u8x8_cad_SendSequence)
    i.u8x8_cad_StartTransfer                 0x080036d8   Section        0  u8x8_cad.o(i.u8x8_cad_StartTransfer)
    i.u8x8_d_helper_display_init             0x080036e8   Section        0  u8x8_display.o(i.u8x8_d_helper_display_init)
    i.u8x8_d_helper_display_setup_memory     0x08003748   Section        0  u8x8_display.o(i.u8x8_d_helper_display_setup_memory)
    i.u8x8_d_sh1106_128x64_noname            0x08003754   Section        0  u8x8_d_ssd1306_128x64_noname.o(i.u8x8_d_sh1106_128x64_noname)
    i.u8x8_d_ssd1306_sh1106_generic          0x08003790   Section        0  u8x8_d_ssd1306_128x64_noname.o(i.u8x8_d_ssd1306_sh1106_generic)
    u8x8_d_ssd1306_sh1106_generic            0x08003791   Thumb Code   196  u8x8_d_ssd1306_128x64_noname.o(i.u8x8_d_ssd1306_sh1106_generic)
    i.u8x8_dummy_cb                          0x08003858   Section        0  u8x8_setup.o(i.u8x8_dummy_cb)
    i.u8x8_gpio_call                         0x0800385c   Section        0  u8x8_gpio.o(i.u8x8_gpio_call)
    i.u8x8_utf8_init                         0x08003868   Section        0  u8x8_8x8.o(i.u8x8_utf8_init)
    .constdata                               0x08003870   Section       16  system_stm32f1xx.o(.constdata)
    .constdata                               0x08003880   Section        8  system_stm32f1xx.o(.constdata)
    .constdata                               0x08003888   Section     3161  u8g2_fonts.o(.constdata)
    .constdata                               0x080044e4   Section       12  u8g2_setup.o(.constdata)
    .constdata                               0x080044f0   Section      276  u8x8_d_ssd1306_128x64_noname.o(.constdata)
    u8x8_d_ssd1306_128x64_noname_powersave0_seq 0x080044f0   Data           5  u8x8_d_ssd1306_128x64_noname.o(.constdata)
    u8x8_d_ssd1306_128x64_noname_powersave1_seq 0x080044f5   Data           5  u8x8_d_ssd1306_128x64_noname.o(.constdata)
    u8x8_d_ssd1306_128x64_noname_flip0_seq   0x080044fa   Data           7  u8x8_d_ssd1306_128x64_noname.o(.constdata)
    u8x8_d_ssd1306_128x64_noname_flip1_seq   0x08004501   Data           7  u8x8_d_ssd1306_128x64_noname.o(.constdata)
    u8x8_d_ssd1306_128x64_noname_init_seq    0x08004508   Data          53  u8x8_d_ssd1306_128x64_noname.o(.constdata)
    u8x8_d_ssd1306_128x64_vcomh0_init_seq    0x0800453d   Data          53  u8x8_d_ssd1306_128x64_noname.o(.constdata)
    u8x8_d_ssd1306_128x64_alt0_init_seq      0x08004572   Data          53  u8x8_d_ssd1306_128x64_noname.o(.constdata)
    u8x8_d_sh1106_128x64_winstar_init_seq    0x080045a7   Data          45  u8x8_d_ssd1306_128x64_noname.o(.constdata)
    u8x8_ssd1306_128x64_noname_display_info  0x080045d4   Data          24  u8x8_d_ssd1306_128x64_noname.o(.constdata)
    u8x8_sh1106_128x64_noname_display_info   0x080045ec   Data          24  u8x8_d_ssd1306_128x64_noname.o(.constdata)
    .data                                    0x20000000   Section       11  main.o(.data)
    sign_once_1                              0x20000004   Data           1  main.o(.data)
    x                                        0x20000005   Data           1  main.o(.data)
    y                                        0x20000006   Data           1  main.o(.data)
    rad                                      0x20000007   Data           1  main.o(.data)
    x                                        0x20000008   Data           1  main.o(.data)
    .data                                    0x2000000c   Section       12  stm32f1xx_hal.o(.data)
    .data                                    0x20000018   Section        4  system_stm32f1xx.o(.data)
    .bss                                     0x2000001c   Section      196  main.o(.bss)
    .bss                                     0x200000e0   Section       84  i2c.o(.bss)
    .bss                                     0x20000134   Section       88  spi.o(.bss)
    .bss                                     0x2000018c   Section      216  tim.o(.bss)
    .bss                                     0x20000264   Section       68  usart.o(.bss)
    .bss                                     0x200002a8   Section     1024  u8g2_d_memory.o(.bss)
    buf                                      0x200002a8   Data        1024  u8g2_d_memory.o(.bss)
    STACK                                    0x200006a8   Section     1024  startup_stm32f103xb.o(STACK)

    Global Symbols

    Symbol Name                              Value     Ov Type        Size  Object(Section)

    BuildAttributes$$THM_ISAv4$P$D$K$B$S$PE$A:L22UL41UL21$X:L11$S22US41US21$IEEE1$IW$USESV6$~STKCKD$USESV7$~SHL$OSPACE$ROPI$EBA8$MICROLIB$REQ8$PRES8$EABIv2 0x00000000   Number         0  anon$$obj.o ABSOLUTE
    __ARM_use_no_argv                        0x00000000   Number         0  main.o ABSOLUTE
    _printf_a                                0x00000000   Number         0  stubs.o ABSOLUTE
    _printf_c                                0x00000000   Number         0  stubs.o ABSOLUTE
    _printf_charcount                        0x00000000   Number         0  stubs.o ABSOLUTE
    _printf_d                                0x00000000   Number         0  stubs.o ABSOLUTE
    _printf_e                                0x00000000   Number         0  stubs.o ABSOLUTE
    _printf_f                                0x00000000   Number         0  stubs.o ABSOLUTE
    _printf_flags                            0x00000000   Number         0  stubs.o ABSOLUTE
    _printf_fp_dec                           0x00000000   Number         0  stubs.o ABSOLUTE
    _printf_fp_hex                           0x00000000   Number         0  stubs.o ABSOLUTE
    _printf_g                                0x00000000   Number         0  stubs.o ABSOLUTE
    _printf_i                                0x00000000   Number         0  stubs.o ABSOLUTE
    _printf_int_dec                          0x00000000   Number         0  stubs.o ABSOLUTE
    _printf_l                                0x00000000   Number         0  stubs.o ABSOLUTE
    _printf_lc                               0x00000000   Number         0  stubs.o ABSOLUTE
    _printf_ll                               0x00000000   Number         0  stubs.o ABSOLUTE
    _printf_lld                              0x00000000   Number         0  stubs.o ABSOLUTE
    _printf_lli                              0x00000000   Number         0  stubs.o ABSOLUTE
    _printf_llo                              0x00000000   Number         0  stubs.o ABSOLUTE
    _printf_llu                              0x00000000   Number         0  stubs.o ABSOLUTE
    _printf_llx                              0x00000000   Number         0  stubs.o ABSOLUTE
    _printf_longlong_dec                     0x00000000   Number         0  stubs.o ABSOLUTE
    _printf_longlong_hex                     0x00000000   Number         0  stubs.o ABSOLUTE
    _printf_longlong_oct                     0x00000000   Number         0  stubs.o ABSOLUTE
    _printf_ls                               0x00000000   Number         0  stubs.o ABSOLUTE
    _printf_mbtowc                           0x00000000   Number         0  stubs.o ABSOLUTE
    _printf_n                                0x00000000   Number         0  stubs.o ABSOLUTE
    _printf_o                                0x00000000   Number         0  stubs.o ABSOLUTE
    _printf_p                                0x00000000   Number         0  stubs.o ABSOLUTE
    _printf_percent                          0x00000000   Number         0  stubs.o ABSOLUTE
    _printf_pre_padding                      0x00000000   Number         0  stubs.o ABSOLUTE
    _printf_return_value                     0x00000000   Number         0  stubs.o ABSOLUTE
    _printf_s                                0x00000000   Number         0  stubs.o ABSOLUTE
    _printf_sizespec                         0x00000000   Number         0  stubs.o ABSOLUTE
    _printf_str                              0x00000000   Number         0  stubs.o ABSOLUTE
    _printf_truncate_signed                  0x00000000   Number         0  stubs.o ABSOLUTE
    _printf_truncate_unsigned                0x00000000   Number         0  stubs.o ABSOLUTE
    _printf_u                                0x00000000   Number         0  stubs.o ABSOLUTE
    _printf_wc                               0x00000000   Number         0  stubs.o ABSOLUTE
    _printf_wctomb                           0x00000000   Number         0  stubs.o ABSOLUTE
    _printf_widthprec                        0x00000000   Number         0  stubs.o ABSOLUTE
    _printf_x                                0x00000000   Number         0  stubs.o ABSOLUTE
    __cpp_initialize__aeabi_                  - Undefined Weak Reference
    __cxa_finalize                            - Undefined Weak Reference
    __decompress                              - Undefined Weak Reference
    _clock_init                               - Undefined Weak Reference
    _microlib_exit                            - Undefined Weak Reference
    __Vectors_Size                           0x000000ec   Number         0  startup_stm32f103xb.o ABSOLUTE
    __Vectors                                0x08000000   Data           4  startup_stm32f103xb.o(RESET)
    __Vectors_End                            0x080000ec   Data           0  startup_stm32f103xb.o(RESET)
    __main                                   0x080000ed   Thumb Code     0  entry.o(.ARM.Collect$$$$00000000)
    _main_stk                                0x080000ed   Thumb Code     0  entry2.o(.ARM.Collect$$$$00000001)
    _main_scatterload                        0x080000f1   Thumb Code     0  entry5.o(.ARM.Collect$$$$00000004)
    __main_after_scatterload                 0x080000f5   Thumb Code     0  entry5.o(.ARM.Collect$$$$00000004)
    _main_clock                              0x080000f5   Thumb Code     0  entry7b.o(.ARM.Collect$$$$00000008)
    _main_cpp_init                           0x080000f5   Thumb Code     0  entry8b.o(.ARM.Collect$$$$0000000A)
    _main_init                               0x080000f5   Thumb Code     0  entry9a.o(.ARM.Collect$$$$0000000B)
    __rt_final_cpp                           0x080000fd   Thumb Code     0  entry10a.o(.ARM.Collect$$$$0000000D)
    __rt_final_exit                          0x080000fd   Thumb Code     0  entry11a.o(.ARM.Collect$$$$0000000F)
    Reset_Handler                            0x08000101   Thumb Code     8  startup_stm32f103xb.o(.text)
    ADC1_2_IRQHandler                        0x0800011b   Thumb Code     0  startup_stm32f103xb.o(.text)
    CAN1_RX1_IRQHandler                      0x0800011b   Thumb Code     0  startup_stm32f103xb.o(.text)
    CAN1_SCE_IRQHandler                      0x0800011b   Thumb Code     0  startup_stm32f103xb.o(.text)
    DMA1_Channel1_IRQHandler                 0x0800011b   Thumb Code     0  startup_stm32f103xb.o(.text)
    DMA1_Channel2_IRQHandler                 0x0800011b   Thumb Code     0  startup_stm32f103xb.o(.text)
    DMA1_Channel3_IRQHandler                 0x0800011b   Thumb Code     0  startup_stm32f103xb.o(.text)
    DMA1_Channel4_IRQHandler                 0x0800011b   Thumb Code     0  startup_stm32f103xb.o(.text)
    DMA1_Channel5_IRQHandler                 0x0800011b   Thumb Code     0  startup_stm32f103xb.o(.text)
    DMA1_Channel6_IRQHandler                 0x0800011b   Thumb Code     0  startup_stm32f103xb.o(.text)
    DMA1_Channel7_IRQHandler                 0x0800011b   Thumb Code     0  startup_stm32f103xb.o(.text)
    FLASH_IRQHandler                         0x0800011b   Thumb Code     0  startup_stm32f103xb.o(.text)
    I2C1_ER_IRQHandler                       0x0800011b   Thumb Code     0  startup_stm32f103xb.o(.text)
    I2C1_EV_IRQHandler                       0x0800011b   Thumb Code     0  startup_stm32f103xb.o(.text)
    I2C2_ER_IRQHandler                       0x0800011b   Thumb Code     0  startup_stm32f103xb.o(.text)
    I2C2_EV_IRQHandler                       0x0800011b   Thumb Code     0  startup_stm32f103xb.o(.text)
    PVD_IRQHandler                           0x0800011b   Thumb Code     0  startup_stm32f103xb.o(.text)
    RCC_IRQHandler                           0x0800011b   Thumb Code     0  startup_stm32f103xb.o(.text)
    RTC_Alarm_IRQHandler                     0x0800011b   Thumb Code     0  startup_stm32f103xb.o(.text)
    RTC_IRQHandler                           0x0800011b   Thumb Code     0  startup_stm32f103xb.o(.text)
    SPI1_IRQHandler                          0x0800011b   Thumb Code     0  startup_stm32f103xb.o(.text)
    SPI2_IRQHandler                          0x0800011b   Thumb Code     0  startup_stm32f103xb.o(.text)
    TAMPER_IRQHandler                        0x0800011b   Thumb Code     0  startup_stm32f103xb.o(.text)
    TIM1_BRK_IRQHandler                      0x0800011b   Thumb Code     0  startup_stm32f103xb.o(.text)
    TIM1_CC_IRQHandler                       0x0800011b   Thumb Code     0  startup_stm32f103xb.o(.text)
    TIM1_TRG_COM_IRQHandler                  0x0800011b   Thumb Code     0  startup_stm32f103xb.o(.text)
    TIM1_UP_IRQHandler                       0x0800011b   Thumb Code     0  startup_stm32f103xb.o(.text)
    TIM2_IRQHandler                          0x0800011b   Thumb Code     0  startup_stm32f103xb.o(.text)
    TIM3_IRQHandler                          0x0800011b   Thumb Code     0  startup_stm32f103xb.o(.text)
    TIM4_IRQHandler                          0x0800011b   Thumb Code     0  startup_stm32f103xb.o(.text)
    USART1_IRQHandler                        0x0800011b   Thumb Code     0  startup_stm32f103xb.o(.text)
    USART2_IRQHandler                        0x0800011b   Thumb Code     0  startup_stm32f103xb.o(.text)
    USART3_IRQHandler                        0x0800011b   Thumb Code     0  startup_stm32f103xb.o(.text)
    USBWakeUp_IRQHandler                     0x0800011b   Thumb Code     0  startup_stm32f103xb.o(.text)
    USB_HP_CAN1_TX_IRQHandler                0x0800011b   Thumb Code     0  startup_stm32f103xb.o(.text)
    USB_LP_CAN1_RX0_IRQHandler               0x0800011b   Thumb Code     0  startup_stm32f103xb.o(.text)
    WWDG_IRQHandler                          0x0800011b   Thumb Code     0  startup_stm32f103xb.o(.text)
    __aeabi_memset                           0x08000125   Thumb Code    14  memseta.o(.text)
    __aeabi_memset4                          0x08000125   Thumb Code     0  memseta.o(.text)
    __aeabi_memset8                          0x08000125   Thumb Code     0  memseta.o(.text)
    __aeabi_memclr                           0x08000133   Thumb Code     4  memseta.o(.text)
    __aeabi_memclr4                          0x08000133   Thumb Code     0  memseta.o(.text)
    __aeabi_memclr8                          0x08000133   Thumb Code     0  memseta.o(.text)
    _memset$wrapper                          0x08000137   Thumb Code    18  memseta.o(.text)
    __aeabi_uidiv                            0x08000149   Thumb Code     0  uidiv.o(.text)
    __aeabi_uidivmod                         0x08000149   Thumb Code    44  uidiv.o(.text)
    __scatterload                            0x08000175   Thumb Code    28  init.o(.text)
    __scatterload_rt2                        0x08000175   Thumb Code     0  init.o(.text)
    ARM_Control                              0x08000199   Thumb Code   200  main.o(i.ARM_Control)
    ARM_Control_ALL                          0x08000265   Thumb Code    70  main.o(i.ARM_Control_ALL)
    BusFault_Handler                         0x080002b5   Thumb Code     2  stm32f1xx_it.o(i.BusFault_Handler)
    DebugMon_Handler                         0x080002b7   Thumb Code     2  stm32f1xx_it.o(i.DebugMon_Handler)
    EXTI0_IRQHandler                         0x080002b9   Thumb Code     6  stm32f1xx_it.o(i.EXTI0_IRQHandler)
    EXTI15_10_IRQHandler                     0x080002bf   Thumb Code    46  stm32f1xx_it.o(i.EXTI15_10_IRQHandler)
    EXTI1_IRQHandler                         0x080002ed   Thumb Code     6  stm32f1xx_it.o(i.EXTI1_IRQHandler)
    EXTI2_IRQHandler                         0x080002f3   Thumb Code     6  stm32f1xx_it.o(i.EXTI2_IRQHandler)
    EXTI3_IRQHandler                         0x080002f9   Thumb Code     6  stm32f1xx_it.o(i.EXTI3_IRQHandler)
    EXTI4_IRQHandler                         0x080002ff   Thumb Code     6  stm32f1xx_it.o(i.EXTI4_IRQHandler)
    EXTI9_5_IRQHandler                       0x08000305   Thumb Code    24  stm32f1xx_it.o(i.EXTI9_5_IRQHandler)
    Error_Handler                            0x0800031d   Thumb Code     4  main.o(i.Error_Handler)
    HAL_Delay                                0x08000321   Thumb Code    32  stm32f1xx_hal.o(i.HAL_Delay)
    HAL_GPIO_EXTI_Callback                   0x08000345   Thumb Code   242  main.o(i.HAL_GPIO_EXTI_Callback)
    HAL_GPIO_EXTI_IRQHandler                 0x08000449   Thumb Code    18  stm32f1xx_hal_gpio.o(i.HAL_GPIO_EXTI_IRQHandler)
    HAL_GPIO_Init                            0x08000461   Thumb Code   446  stm32f1xx_hal_gpio.o(i.HAL_GPIO_Init)
    HAL_GPIO_ReadPin                         0x08000641   Thumb Code    10  stm32f1xx_hal_gpio.o(i.HAL_GPIO_ReadPin)
    HAL_GPIO_WritePin                        0x0800064b   Thumb Code    10  stm32f1xx_hal_gpio.o(i.HAL_GPIO_WritePin)
    HAL_GetTick                              0x08000655   Thumb Code     6  stm32f1xx_hal.o(i.HAL_GetTick)
    HAL_I2C_Init                             0x08000661   Thumb Code   376  stm32f1xx_hal_i2c.o(i.HAL_I2C_Init)
    HAL_I2C_MspInit                          0x080007e9   Thumb Code    96  i2c.o(i.HAL_I2C_MspInit)
    HAL_IncTick                              0x08000859   Thumb Code    12  stm32f1xx_hal.o(i.HAL_IncTick)
    HAL_Init                                 0x08000869   Thumb Code    32  stm32f1xx_hal.o(i.HAL_Init)
    HAL_InitTick                             0x0800088d   Thumb Code    54  stm32f1xx_hal.o(i.HAL_InitTick)
    HAL_MspInit                              0x080008cd   Thumb Code    52  stm32f1xx_hal_msp.o(i.HAL_MspInit)
    HAL_NVIC_EnableIRQ                       0x08000909   Thumb Code    26  stm32f1xx_hal_cortex.o(i.HAL_NVIC_EnableIRQ)
    HAL_NVIC_SetPriority                     0x08000925   Thumb Code    60  stm32f1xx_hal_cortex.o(i.HAL_NVIC_SetPriority)
    HAL_NVIC_SetPriorityGrouping             0x08000965   Thumb Code    26  stm32f1xx_hal_cortex.o(i.HAL_NVIC_SetPriorityGrouping)
    HAL_RCC_ClockConfig                      0x08000989   Thumb Code   280  stm32f1xx_hal_rcc.o(i.HAL_RCC_ClockConfig)
    HAL_RCC_GetPCLK1Freq                     0x08000ab5   Thumb Code    20  stm32f1xx_hal_rcc.o(i.HAL_RCC_GetPCLK1Freq)
    HAL_RCC_GetPCLK2Freq                     0x08000ad5   Thumb Code    20  stm32f1xx_hal_rcc.o(i.HAL_RCC_GetPCLK2Freq)
    HAL_RCC_GetSysClockFreq                  0x08000af5   Thumb Code    74  stm32f1xx_hal_rcc.o(i.HAL_RCC_GetSysClockFreq)
    HAL_RCC_OscConfig                        0x08000b61   Thumb Code   778  stm32f1xx_hal_rcc.o(i.HAL_RCC_OscConfig)
    HAL_SPI_Init                             0x08000e81   Thumb Code   178  stm32f1xx_hal_spi.o(i.HAL_SPI_Init)
    HAL_SPI_MspInit                          0x08000f35   Thumb Code    82  spi.o(i.HAL_SPI_MspInit)
    HAL_SPI_Transmit                         0x08000f95   Thumb Code   358  stm32f1xx_hal_spi.o(i.HAL_SPI_Transmit)
    HAL_SYSTICK_Config                       0x080010fb   Thumb Code    40  stm32f1xx_hal_cortex.o(i.HAL_SYSTICK_Config)
    HAL_TIMEx_ConfigBreakDeadTime            0x08001123   Thumb Code    84  stm32f1xx_hal_tim_ex.o(i.HAL_TIMEx_ConfigBreakDeadTime)
    HAL_TIMEx_MasterConfigSynchronization    0x08001179   Thumb Code    92  stm32f1xx_hal_tim_ex.o(i.HAL_TIMEx_MasterConfigSynchronization)
    HAL_TIM_Base_Init                        0x080011e1   Thumb Code    90  stm32f1xx_hal_tim.o(i.HAL_TIM_Base_Init)
    HAL_TIM_Base_MspInit                     0x0800123d   Thumb Code    74  tim.o(i.HAL_TIM_Base_MspInit)
    HAL_TIM_ConfigClockSource                0x08001295   Thumb Code   214  stm32f1xx_hal_tim.o(i.HAL_TIM_ConfigClockSource)
    HAL_TIM_MspPostInit                      0x0800136d   Thumb Code   148  tim.o(i.HAL_TIM_MspPostInit)
    HAL_TIM_PWM_ConfigChannel                0x08001419   Thumb Code   198  stm32f1xx_hal_tim.o(i.HAL_TIM_PWM_ConfigChannel)
    HAL_TIM_PWM_Init                         0x080014df   Thumb Code    90  stm32f1xx_hal_tim.o(i.HAL_TIM_PWM_Init)
    HAL_TIM_PWM_MspInit                      0x08001539   Thumb Code     2  stm32f1xx_hal_tim.o(i.HAL_TIM_PWM_MspInit)
    HAL_TIM_PWM_Start                        0x0800153d   Thumb Code   144  stm32f1xx_hal_tim.o(i.HAL_TIM_PWM_Start)
    HAL_UART_Init                            0x080015d9   Thumb Code    98  stm32f1xx_hal_uart.o(i.HAL_UART_Init)
    HAL_UART_MspInit                         0x0800163d   Thumb Code   112  usart.o(i.HAL_UART_MspInit)
    HardFault_Handler                        0x080016bd   Thumb Code     2  stm32f1xx_it.o(i.HardFault_Handler)
    MX_GPIO_Init                             0x080016c1   Thumb Code   316  gpio.o(i.MX_GPIO_Init)
    MX_I2C1_Init                             0x08001815   Thumb Code    50  i2c.o(i.MX_I2C1_Init)
    MX_SPI2_Init                             0x08001855   Thumb Code    60  spi.o(i.MX_SPI2_Init)
    MX_TIM1_Init                             0x08001899   Thumb Code   240  tim.o(i.MX_TIM1_Init)
    MX_TIM2_Init                             0x08001991   Thumb Code   194  tim.o(i.MX_TIM2_Init)
    MX_TIM3_Init                             0x08001a59   Thumb Code   160  tim.o(i.MX_TIM3_Init)
    MX_USART1_UART_Init                      0x08001b01   Thumb Code    48  usart.o(i.MX_USART1_UART_Init)
    MemManage_Handler                        0x08001b39   Thumb Code     2  stm32f1xx_it.o(i.MemManage_Handler)
    NMI_Handler                              0x08001b3b   Thumb Code     2  stm32f1xx_it.o(i.NMI_Handler)
    PendSV_Handler                           0x08001b3d   Thumb Code     2  stm32f1xx_it.o(i.PendSV_Handler)
    SVC_Handler                              0x08001c19   Thumb Code     2  stm32f1xx_it.o(i.SVC_Handler)
    SysTick_Handler                          0x08001c1b   Thumb Code     4  stm32f1xx_it.o(i.SysTick_Handler)
    SystemClock_Config                       0x08001c1f   Thumb Code    92  main.o(i.SystemClock_Config)
    SystemInit                               0x08001c7b   Thumb Code     2  system_stm32f1xx.o(i.SystemInit)
    TIM_Base_SetConfig                       0x08001c7d   Thumb Code    94  stm32f1xx_hal_tim.o(i.TIM_Base_SetConfig)
    TIM_CCxChannelCmd                        0x08001ce9   Thumb Code    26  stm32f1xx_hal_tim.o(i.TIM_CCxChannelCmd)
    TIM_ETR_SetConfig                        0x08001d03   Thumb Code    20  stm32f1xx_hal_tim.o(i.TIM_ETR_SetConfig)
    TIM_OC2_SetConfig                        0x08001d79   Thumb Code    84  stm32f1xx_hal_tim.o(i.TIM_OC2_SetConfig)
    UsageFault_Handler                       0x08001f6d   Thumb Code     2  stm32f1xx_it.o(i.UsageFault_Handler)
    __0sprintf$6                             0x08001f71   Thumb Code    34  printf6.o(i.__0sprintf$6)
    __1sprintf$6                             0x08001f71   Thumb Code     0  printf6.o(i.__0sprintf$6)
    __2sprintf                               0x08001f71   Thumb Code     0  printf6.o(i.__0sprintf$6)
    __scatterload_copy                       0x08001fb9   Thumb Code    14  handlers.o(i.__scatterload_copy)
    __scatterload_null                       0x08001fc7   Thumb Code     2  handlers.o(i.__scatterload_null)
    __scatterload_zeroinit                   0x08001fc9   Thumb Code    14  handlers.o(i.__scatterload_zeroinit)
    display                                  0x08002325   Thumb Code    62  main.o(i.display)
    main                                     0x08002371   Thumb Code   198  main.o(i.main)
    page_1_circle_change_speed               0x08002459   Thumb Code   120  main.o(i.page_1_circle_change_speed)
    page_1_circle_num                        0x080024d9   Thumb Code   118  main.o(i.page_1_circle_num)
    page_1_init                              0x08002559   Thumb Code   326  main.o(i.page_1_init)
    page_1_update                            0x080026c9   Thumb Code   254  main.o(i.page_1_update)
    u8g2_ClearBuffer                         0x080027dd   Thumb Code    18  u8g2_buffer.o(i.u8g2_ClearBuffer)
    u8g2_DrawCircle                          0x080027ef   Thumb Code    64  u8g2_circle.o(i.u8g2_DrawCircle)
    u8g2_DrawDisc                            0x0800282f   Thumb Code    64  u8g2_circle.o(i.u8g2_DrawDisc)
    u8g2_DrawGlyph                           0x0800286f   Thumb Code   112  u8g2_font.o(i.u8g2_DrawGlyph)
    u8g2_DrawHVLine                          0x080028e1   Thumb Code   172  u8g2_hvline.o(i.u8g2_DrawHVLine)
    u8g2_DrawLine                            0x0800298d   Thumb Code   170  u8g2_line.o(i.u8g2_DrawLine)
    u8g2_DrawPixel                           0x08002a37   Thumb Code    46  u8g2_hvline.o(i.u8g2_DrawPixel)
    u8g2_DrawStr                             0x08002a65   Thumb Code    12  u8g2_font.o(i.u8g2_DrawStr)
    u8g2_DrawVLine                           0x08002a75   Thumb Code    12  u8g2_hvline.o(i.u8g2_DrawVLine)
    u8g2_IsIntersection                      0x08002a81   Thumb Code    48  u8g2_intersection.o(i.u8g2_IsIntersection)
    u8g2_SendBuffer                          0x08002ab1   Thumb Code    18  u8g2_buffer.o(i.u8g2_SendBuffer)
    u8g2_SetFont                             0x08002ac3   Thumb Code    32  u8g2_font.o(i.u8g2_SetFont)
    u8g2_SetFontPosBaseline                  0x08002ae5   Thumb Code     6  u8g2_font.o(i.u8g2_SetFontPosBaseline)
    u8g2_SetMaxClipWindow                    0x08002af1   Thumb Code    26  u8g2_setup.o(i.u8g2_SetMaxClipWindow)
    u8g2_SetupBuffer                         0x08002b0b   Thumb Code    66  u8g2_setup.o(i.u8g2_SetupBuffer)
    u8g2_Setup_sh1106_128x64_noname_f        0x08002b4d   Thumb Code    42  u8g2_d_setup.o(i.u8g2_Setup_sh1106_128x64_noname_f)
    u8g2_UpdateRefHeight                     0x08002b85   Thumb Code    82  u8g2_font.o(i.u8g2_UpdateRefHeight)
    u8g2_add_vector_x                        0x08002bd7   Thumb Code    28  u8g2_font.o(i.u8g2_add_vector_x)
    u8g2_add_vector_y                        0x08002bf3   Thumb Code    28  u8g2_font.o(i.u8g2_add_vector_y)
    u8g2_draw_hv_line_2dir                   0x08002f13   Thumb Code    20  u8g2_hvline.o(i.u8g2_draw_hv_line_2dir)
    u8g2_draw_l90_r0                         0x08002f27   Thumb Code    12  u8g2_setup.o(i.u8g2_draw_l90_r0)
    u8g2_font_calc_vref_font                 0x08002fa9   Thumb Code     4  u8g2_font.o(i.u8g2_font_calc_vref_font)
    u8g2_font_decode_get_signed_bits         0x08002fad   Thumb Code    20  u8g2_font.o(i.u8g2_font_decode_get_signed_bits)
    u8g2_font_decode_get_unsigned_bits       0x08002fc1   Thumb Code    52  u8g2_font.o(i.u8g2_font_decode_get_unsigned_bits)
    u8g2_font_decode_glyph                   0x08002ff5   Thumb Code   268  u8g2_font.o(i.u8g2_font_decode_glyph)
    u8g2_font_decode_len                     0x08003101   Thumb Code   140  u8g2_font.o(i.u8g2_font_decode_len)
    u8g2_font_get_glyph_data                 0x0800318d   Thumb Code   114  u8g2_font.o(i.u8g2_font_get_glyph_data)
    u8g2_gpio_and_delay_stm32                0x08003249   Thumb Code    94  main.o(i.u8g2_gpio_and_delay_stm32)
    u8g2_is_intersection_decision_tree       0x080032ad   Thumb Code    24  u8g2_intersection.o(i.u8g2_is_intersection_decision_tree)
    u8g2_ll_hvline_vertical_top_lsb          0x080032c5   Thumb Code   144  u8g2_ll_hvline.o(i.u8g2_ll_hvline_vertical_top_lsb)
    u8g2_m_16_8_f                            0x08003355   Thumb Code     8  u8g2_d_memory.o(i.u8g2_m_16_8_f)
    u8g2_read_font_info                      0x08003361   Thumb Code   106  u8g2_font.o(i.u8g2_read_font_info)
    u8g2_update_dimension_r0                 0x08003471   Thumb Code     4  u8g2_setup.o(i.u8g2_update_dimension_r0)
    u8g2_update_page_win_r0                  0x08003475   Thumb Code    34  u8g2_setup.o(i.u8g2_update_page_win_r0)
    u8x8_DrawTile                            0x08003497   Thumb Code    30  u8x8_display.o(i.u8x8_DrawTile)
    u8x8_InitDisplay                         0x080034b5   Thumb Code    16  u8x8_display.o(i.u8x8_InitDisplay)
    u8x8_RefreshDisplay                      0x080034c5   Thumb Code    16  u8x8_display.o(i.u8x8_RefreshDisplay)
    u8x8_SetPowerSave                        0x080034d5   Thumb Code    16  u8x8_display.o(i.u8x8_SetPowerSave)
    u8x8_Setup                               0x080034e5   Thumb Code    34  u8x8_setup.o(i.u8x8_Setup)
    u8x8_SetupDefaults                       0x08003509   Thumb Code    32  u8x8_setup.o(i.u8x8_SetupDefaults)
    u8x8_SetupMemory                         0x0800352d   Thumb Code    16  u8x8_display.o(i.u8x8_SetupMemory)
    u8x8_ascii_next                          0x0800353d   Thumb Code    14  u8x8_8x8.o(i.u8x8_ascii_next)
    u8x8_byte_4wire_hw_spi                   0x0800354d   Thumb Code   112  u8x8_byte.o(i.u8x8_byte_4wire_hw_spi)
    u8x8_byte_SendByte                       0x080035c1   Thumb Code    14  u8x8_byte.o(i.u8x8_byte_SendByte)
    u8x8_byte_SetDC                          0x080035cf   Thumb Code    16  u8x8_byte.o(i.u8x8_byte_SetDC)
    u8x8_cad_001                             0x080035df   Thumb Code    82  u8x8_cad.o(i.u8x8_cad_001)
    u8x8_cad_EndTransfer                     0x08003631   Thumb Code    16  u8x8_cad.o(i.u8x8_cad_EndTransfer)
    u8x8_cad_SendArg                         0x08003641   Thumb Code    16  u8x8_cad.o(i.u8x8_cad_SendArg)
    u8x8_cad_SendCmd                         0x08003651   Thumb Code    16  u8x8_cad.o(i.u8x8_cad_SendCmd)
    u8x8_cad_SendData                        0x08003661   Thumb Code    16  u8x8_cad.o(i.u8x8_cad_SendData)
    u8x8_cad_SendSequence                    0x08003671   Thumb Code   104  u8x8_cad.o(i.u8x8_cad_SendSequence)
    u8x8_cad_StartTransfer                   0x080036d9   Thumb Code    16  u8x8_cad.o(i.u8x8_cad_StartTransfer)
    u8x8_d_helper_display_init               0x080036e9   Thumb Code    96  u8x8_display.o(i.u8x8_d_helper_display_init)
    u8x8_d_helper_display_setup_memory       0x08003749   Thumb Code    10  u8x8_display.o(i.u8x8_d_helper_display_setup_memory)
    u8x8_d_sh1106_128x64_noname              0x08003755   Thumb Code    54  u8x8_d_ssd1306_128x64_noname.o(i.u8x8_d_sh1106_128x64_noname)
    u8x8_dummy_cb                            0x08003859   Thumb Code     4  u8x8_setup.o(i.u8x8_dummy_cb)
    u8x8_gpio_call                           0x0800385d   Thumb Code    12  u8x8_gpio.o(i.u8x8_gpio_call)
    u8x8_utf8_init                           0x08003869   Thumb Code     8  u8x8_8x8.o(i.u8x8_utf8_init)
    AHBPrescTable                            0x08003870   Data          16  system_stm32f1xx.o(.constdata)
    APBPrescTable                            0x08003880   Data           8  system_stm32f1xx.o(.constdata)
    u8g2_font_8x13_mf                        0x08003888   Data        3161  u8g2_fonts.o(.constdata)
    u8g2_cb_r0                               0x080044e4   Data          12  u8g2_setup.o(.constdata)
    Region$$Table$$Base                      0x08004604   Number         0  anon$$obj.o(Region$$Table)
    Region$$Table$$Limit                     0x08004624   Number         0  anon$$obj.o(Region$$Table)
    option_change_sign                       0x20000000   Data           1  main.o(.data)
    KEY_C_sign                               0x20000001   Data           1  main.o(.data)
    UI_ARM_sign                              0x20000002   Data           1  main.o(.data)
    change_speed_sign                        0x20000003   Data           1  main.o(.data)
    option                                   0x20000009   Data           2  main.o(.data)
    uwTickFreq                               0x2000000c   Data           1  stm32f1xx_hal.o(.data)
    uwTickPrio                               0x20000010   Data           4  stm32f1xx_hal.o(.data)
    uwTick                                   0x20000014   Data           4  stm32f1xx_hal.o(.data)
    SystemCoreClock                          0x20000018   Data           4  system_stm32f1xx.o(.data)
    u8g2                                     0x2000001c   Data         132  main.o(.bss)
    str_buff                                 0x200000a0   Data          64  main.o(.bss)
    hi2c1                                    0x200000e0   Data          84  i2c.o(.bss)
    hspi2                                    0x20000134   Data          88  spi.o(.bss)
    htim1                                    0x2000018c   Data          72  tim.o(.bss)
    htim2                                    0x200001d4   Data          72  tim.o(.bss)
    htim3                                    0x2000021c   Data          72  tim.o(.bss)
    huart1                                   0x20000264   Data          68  usart.o(.bss)
    __initial_sp                             0x20000aa8   Data           0  startup_stm32f103xb.o(STACK)



==============================================================================

Memory Map of the image

  Image Entry point : 0x080000ed

  Load Region LR_IROM1 (Base: 0x08000000, Size: 0x00004640, Max: 0x00010000, ABSOLUTE)

    Execution Region ER_IROM1 (Exec base: 0x08000000, Load base: 0x08000000, Size: 0x00004624, Max: 0x00010000, ABSOLUTE)

    Exec Addr    Load Addr    Size         Type   Attr      Idx    E Section Name        Object

    0x08000000   0x08000000   0x000000ec   Data   RO            3    RESET               startup_stm32f103xb.o
    0x080000ec   0x080000ec   0x00000000   Code   RO         7408  * .ARM.Collect$$$$00000000  mc_w.l(entry.o)
    0x080000ec   0x080000ec   0x00000004   Code   RO         7676    .ARM.Collect$$$$00000001  mc_w.l(entry2.o)
    0x080000f0   0x080000f0   0x00000004   Code   RO         7679    .ARM.Collect$$$$00000004  mc_w.l(entry5.o)
    0x080000f4   0x080000f4   0x00000000   Code   RO         7681    .ARM.Collect$$$$00000008  mc_w.l(entry7b.o)
    0x080000f4   0x080000f4   0x00000000   Code   RO         7683    .ARM.Collect$$$$0000000A  mc_w.l(entry8b.o)
    0x080000f4   0x080000f4   0x00000008   Code   RO         7684    .ARM.Collect$$$$0000000B  mc_w.l(entry9a.o)
    0x080000fc   0x080000fc   0x00000000   Code   RO         7686    .ARM.Collect$$$$0000000D  mc_w.l(entry10a.o)
    0x080000fc   0x080000fc   0x00000000   Code   RO         7688    .ARM.Collect$$$$0000000F  mc_w.l(entry11a.o)
    0x080000fc   0x080000fc   0x00000004   Code   RO         7677    .ARM.Collect$$$$00002712  mc_w.l(entry2.o)
    0x08000100   0x08000100   0x00000024   Code   RO            4    .text               startup_stm32f103xb.o
    0x08000124   0x08000124   0x00000024   Code   RO         7413    .text               mc_w.l(memseta.o)
    0x08000148   0x08000148   0x0000002c   Code   RO         7693    .text               mc_w.l(uidiv.o)
    0x08000174   0x08000174   0x00000024   Code   RO         7708    .text               mc_w.l(init.o)
    0x08000198   0x08000198   0x000000cc   Code   RO           13    i.ARM_Control       main.o
    0x08000264   0x08000264   0x00000050   Code   RO           14    i.ARM_Control_ALL   main.o
    0x080002b4   0x080002b4   0x00000002   Code   RO          454    i.BusFault_Handler  stm32f1xx_it.o
    0x080002b6   0x080002b6   0x00000002   Code   RO          455    i.DebugMon_Handler  stm32f1xx_it.o
    0x080002b8   0x080002b8   0x00000006   Code   RO          456    i.EXTI0_IRQHandler  stm32f1xx_it.o
    0x080002be   0x080002be   0x0000002e   Code   RO          457    i.EXTI15_10_IRQHandler  stm32f1xx_it.o
    0x080002ec   0x080002ec   0x00000006   Code   RO          458    i.EXTI1_IRQHandler  stm32f1xx_it.o
    0x080002f2   0x080002f2   0x00000006   Code   RO          459    i.EXTI2_IRQHandler  stm32f1xx_it.o
    0x080002f8   0x080002f8   0x00000006   Code   RO          460    i.EXTI3_IRQHandler  stm32f1xx_it.o
    0x080002fe   0x080002fe   0x00000006   Code   RO          461    i.EXTI4_IRQHandler  stm32f1xx_it.o
    0x08000304   0x08000304   0x00000018   Code   RO          462    i.EXTI9_5_IRQHandler  stm32f1xx_it.o
    0x0800031c   0x0800031c   0x00000004   Code   RO           15    i.Error_Handler     main.o
    0x08000320   0x08000320   0x00000024   Code   RO         1070    i.HAL_Delay         stm32f1xx_hal.o
    0x08000344   0x08000344   0x00000104   Code   RO           16    i.HAL_GPIO_EXTI_Callback  main.o
    0x08000448   0x08000448   0x00000018   Code   RO         1377    i.HAL_GPIO_EXTI_IRQHandler  stm32f1xx_hal_gpio.o
    0x08000460   0x08000460   0x000001e0   Code   RO         1378    i.HAL_GPIO_Init     stm32f1xx_hal_gpio.o
    0x08000640   0x08000640   0x0000000a   Code   RO         1380    i.HAL_GPIO_ReadPin  stm32f1xx_hal_gpio.o
    0x0800064a   0x0800064a   0x0000000a   Code   RO         1382    i.HAL_GPIO_WritePin  stm32f1xx_hal_gpio.o
    0x08000654   0x08000654   0x0000000c   Code   RO         1074    i.HAL_GetTick       stm32f1xx_hal.o
    0x08000660   0x08000660   0x00000188   Code   RO          642    i.HAL_I2C_Init      stm32f1xx_hal_i2c.o
    0x080007e8   0x080007e8   0x00000070   Code   RO          269    i.HAL_I2C_MspInit   i2c.o
    0x08000858   0x08000858   0x00000010   Code   RO         1080    i.HAL_IncTick       stm32f1xx_hal.o
    0x08000868   0x08000868   0x00000024   Code   RO         1081    i.HAL_Init          stm32f1xx_hal.o
    0x0800088c   0x0800088c   0x00000040   Code   RO         1082    i.HAL_InitTick      stm32f1xx_hal.o
    0x080008cc   0x080008cc   0x0000003c   Code   RO          571    i.HAL_MspInit       stm32f1xx_hal_msp.o
    0x08000908   0x08000908   0x0000001a   Code   RO         1538    i.HAL_NVIC_EnableIRQ  stm32f1xx_hal_cortex.o
    0x08000922   0x08000922   0x00000002   PAD
    0x08000924   0x08000924   0x00000040   Code   RO         1544    i.HAL_NVIC_SetPriority  stm32f1xx_hal_cortex.o
    0x08000964   0x08000964   0x00000024   Code   RO         1545    i.HAL_NVIC_SetPriorityGrouping  stm32f1xx_hal_cortex.o
    0x08000988   0x08000988   0x0000012c   Code   RO         1238    i.HAL_RCC_ClockConfig  stm32f1xx_hal_rcc.o
    0x08000ab4   0x08000ab4   0x00000020   Code   RO         1245    i.HAL_RCC_GetPCLK1Freq  stm32f1xx_hal_rcc.o
    0x08000ad4   0x08000ad4   0x00000020   Code   RO         1246    i.HAL_RCC_GetPCLK2Freq  stm32f1xx_hal_rcc.o
    0x08000af4   0x08000af4   0x0000006c   Code   RO         1247    i.HAL_RCC_GetSysClockFreq  stm32f1xx_hal_rcc.o
    0x08000b60   0x08000b60   0x00000320   Code   RO         1250    i.HAL_RCC_OscConfig  stm32f1xx_hal_rcc.o
    0x08000e80   0x08000e80   0x000000b2   Code   RO         2049    i.HAL_SPI_Init      stm32f1xx_hal_spi.o
    0x08000f32   0x08000f32   0x00000002   PAD
    0x08000f34   0x08000f34   0x00000060   Code   RO          311    i.HAL_SPI_MspInit   spi.o
    0x08000f94   0x08000f94   0x00000166   Code   RO         2057    i.HAL_SPI_Transmit  stm32f1xx_hal_spi.o
    0x080010fa   0x080010fa   0x00000028   Code   RO         1549    i.HAL_SYSTICK_Config  stm32f1xx_hal_cortex.o
    0x08001122   0x08001122   0x00000054   Code   RO         3069    i.HAL_TIMEx_ConfigBreakDeadTime  stm32f1xx_hal_tim_ex.o
    0x08001176   0x08001176   0x00000002   PAD
    0x08001178   0x08001178   0x00000068   Code   RO         3085    i.HAL_TIMEx_MasterConfigSynchronization  stm32f1xx_hal_tim_ex.o
    0x080011e0   0x080011e0   0x0000005a   Code   RO         2362    i.HAL_TIM_Base_Init  stm32f1xx_hal_tim.o
    0x0800123a   0x0800123a   0x00000002   PAD
    0x0800123c   0x0800123c   0x00000058   Code   RO          353    i.HAL_TIM_Base_MspInit  tim.o
    0x08001294   0x08001294   0x000000d6   Code   RO         2371    i.HAL_TIM_ConfigClockSource  stm32f1xx_hal_tim.o
    0x0800136a   0x0800136a   0x00000002   PAD
    0x0800136c   0x0800136c   0x000000ac   Code   RO          354    i.HAL_TIM_MspPostInit  tim.o
    0x08001418   0x08001418   0x000000c6   Code   RO         2434    i.HAL_TIM_PWM_ConfigChannel  stm32f1xx_hal_tim.o
    0x080014de   0x080014de   0x0000005a   Code   RO         2437    i.HAL_TIM_PWM_Init  stm32f1xx_hal_tim.o
    0x08001538   0x08001538   0x00000002   Code   RO         2439    i.HAL_TIM_PWM_MspInit  stm32f1xx_hal_tim.o
    0x0800153a   0x0800153a   0x00000002   PAD
    0x0800153c   0x0800153c   0x0000009c   Code   RO         2442    i.HAL_TIM_PWM_Start  stm32f1xx_hal_tim.o
    0x080015d8   0x080015d8   0x00000062   Code   RO         3362    i.HAL_UART_Init     stm32f1xx_hal_uart.o
    0x0800163a   0x0800163a   0x00000002   PAD
    0x0800163c   0x0800163c   0x00000080   Code   RO          413    i.HAL_UART_MspInit  usart.o
    0x080016bc   0x080016bc   0x00000002   Code   RO          463    i.HardFault_Handler  stm32f1xx_it.o
    0x080016be   0x080016be   0x00000002   PAD
    0x080016c0   0x080016c0   0x00000154   Code   RO          244    i.MX_GPIO_Init      gpio.o
    0x08001814   0x08001814   0x00000040   Code   RO          270    i.MX_I2C1_Init      i2c.o
    0x08001854   0x08001854   0x00000044   Code   RO          312    i.MX_SPI2_Init      spi.o
    0x08001898   0x08001898   0x000000f8   Code   RO          355    i.MX_TIM1_Init      tim.o
    0x08001990   0x08001990   0x000000c8   Code   RO          356    i.MX_TIM2_Init      tim.o
    0x08001a58   0x08001a58   0x000000a8   Code   RO          357    i.MX_TIM3_Init      tim.o
    0x08001b00   0x08001b00   0x00000038   Code   RO          414    i.MX_USART1_UART_Init  usart.o
    0x08001b38   0x08001b38   0x00000002   Code   RO          464    i.MemManage_Handler  stm32f1xx_it.o
    0x08001b3a   0x08001b3a   0x00000002   Code   RO          465    i.NMI_Handler       stm32f1xx_it.o
    0x08001b3c   0x08001b3c   0x00000002   Code   RO          466    i.PendSV_Handler    stm32f1xx_it.o
    0x08001b3e   0x08001b3e   0x00000020   Code   RO         2087    i.SPI_EndRxTxTransaction  stm32f1xx_hal_spi.o
    0x08001b5e   0x08001b5e   0x00000002   PAD
    0x08001b60   0x08001b60   0x000000b8   Code   RO         2092    i.SPI_WaitFlagStateUntilTimeout  stm32f1xx_hal_spi.o
    0x08001c18   0x08001c18   0x00000002   Code   RO          467    i.SVC_Handler       stm32f1xx_it.o
    0x08001c1a   0x08001c1a   0x00000004   Code   RO          468    i.SysTick_Handler   stm32f1xx_it.o
    0x08001c1e   0x08001c1e   0x0000005c   Code   RO           17    i.SystemClock_Config  main.o
    0x08001c7a   0x08001c7a   0x00000002   Code   RO         3691    i.SystemInit        system_stm32f1xx.o
    0x08001c7c   0x08001c7c   0x0000006c   Code   RO         2455    i.TIM_Base_SetConfig  stm32f1xx_hal_tim.o
    0x08001ce8   0x08001ce8   0x0000001a   Code   RO         2456    i.TIM_CCxChannelCmd  stm32f1xx_hal_tim.o
    0x08001d02   0x08001d02   0x00000014   Code   RO         2466    i.TIM_ETR_SetConfig  stm32f1xx_hal_tim.o
    0x08001d16   0x08001d16   0x00000010   Code   RO         2467    i.TIM_ITRx_SetConfig  stm32f1xx_hal_tim.o
    0x08001d26   0x08001d26   0x00000002   PAD
    0x08001d28   0x08001d28   0x00000050   Code   RO         2468    i.TIM_OC1_SetConfig  stm32f1xx_hal_tim.o
    0x08001d78   0x08001d78   0x00000058   Code   RO         2469    i.TIM_OC2_SetConfig  stm32f1xx_hal_tim.o
    0x08001dd0   0x08001dd0   0x00000058   Code   RO         2470    i.TIM_OC3_SetConfig  stm32f1xx_hal_tim.o
    0x08001e28   0x08001e28   0x00000044   Code   RO         2471    i.TIM_OC4_SetConfig  stm32f1xx_hal_tim.o
    0x08001e6c   0x08001e6c   0x00000022   Code   RO         2473    i.TIM_TI1_ConfigInputStage  stm32f1xx_hal_tim.o
    0x08001e8e   0x08001e8e   0x00000024   Code   RO         2475    i.TIM_TI2_ConfigInputStage  stm32f1xx_hal_tim.o
    0x08001eb2   0x08001eb2   0x00000002   PAD
    0x08001eb4   0x08001eb4   0x000000b8   Code   RO         3388    i.UART_SetConfig    stm32f1xx_hal_uart.o
    0x08001f6c   0x08001f6c   0x00000002   Code   RO          469    i.UsageFault_Handler  stm32f1xx_it.o
    0x08001f6e   0x08001f6e   0x00000002   PAD
    0x08001f70   0x08001f70   0x00000028   Code   RO         7572    i.__0sprintf$6      mc_w.l(printf6.o)
    0x08001f98   0x08001f98   0x00000020   Code   RO         1551    i.__NVIC_SetPriority  stm32f1xx_hal_cortex.o
    0x08001fb8   0x08001fb8   0x0000000e   Code   RO         7720    i.__scatterload_copy  mc_w.l(handlers.o)
    0x08001fc6   0x08001fc6   0x00000002   Code   RO         7721    i.__scatterload_null  mc_w.l(handlers.o)
    0x08001fc8   0x08001fc8   0x0000000e   Code   RO         7722    i.__scatterload_zeroinit  mc_w.l(handlers.o)
    0x08001fd6   0x08001fd6   0x00000002   PAD
    0x08001fd8   0x08001fd8   0x000002f0   Code   RO         7577    i._printf_core      mc_w.l(printf6.o)
    0x080022c8   0x080022c8   0x00000024   Code   RO         7578    i._printf_post_padding  mc_w.l(printf6.o)
    0x080022ec   0x080022ec   0x0000002e   Code   RO         7579    i._printf_pre_padding  mc_w.l(printf6.o)
    0x0800231a   0x0800231a   0x0000000a   Code   RO         7581    i._sputc            mc_w.l(printf6.o)
    0x08002324   0x08002324   0x0000004c   Code   RO           18    i.display           main.o
    0x08002370   0x08002370   0x000000e8   Code   RO           20    i.main              main.o
    0x08002458   0x08002458   0x00000080   Code   RO           21    i.page_1_circle_change_speed  main.o
    0x080024d8   0x080024d8   0x00000080   Code   RO           22    i.page_1_circle_num  main.o
    0x08002558   0x08002558   0x00000170   Code   RO           23    i.page_1_init       main.o
    0x080026c8   0x080026c8   0x00000114   Code   RO           24    i.page_1_update     main.o
    0x080027dc   0x080027dc   0x00000012   Code   RO         3803    i.u8g2_ClearBuffer  u8g2_buffer.o
    0x080027ee   0x080027ee   0x00000040   Code   RO         3882    i.u8g2_DrawCircle   u8g2_circle.o
    0x0800282e   0x0800282e   0x00000040   Code   RO         3883    i.u8g2_DrawDisc     u8g2_circle.o
    0x0800286e   0x0800286e   0x00000070   Code   RO         3991    i.u8g2_DrawGlyph    u8g2_font.o
    0x080028de   0x080028de   0x00000002   PAD
    0x080028e0   0x080028e0   0x000000ac   Code   RO         5971    i.u8g2_DrawHVLine   u8g2_hvline.o
    0x0800298c   0x0800298c   0x000000aa   Code   RO         6068    i.u8g2_DrawLine     u8g2_line.o
    0x08002a36   0x08002a36   0x0000002e   Code   RO         5972    i.u8g2_DrawPixel    u8g2_hvline.o
    0x08002a64   0x08002a64   0x00000010   Code   RO         3992    i.u8g2_DrawStr      u8g2_font.o
    0x08002a74   0x08002a74   0x0000000c   Code   RO         5973    i.u8g2_DrawVLine    u8g2_hvline.o
    0x08002a80   0x08002a80   0x00000030   Code   RO         6032    i.u8g2_IsIntersection  u8g2_intersection.o
    0x08002ab0   0x08002ab0   0x00000012   Code   RO         3806    i.u8g2_SendBuffer   u8g2_buffer.o
    0x08002ac2   0x08002ac2   0x00000020   Code   RO         4008    i.u8g2_SetFont      u8g2_font.o
    0x08002ae2   0x08002ae2   0x00000002   PAD
    0x08002ae4   0x08002ae4   0x0000000c   Code   RO         4011    i.u8g2_SetFontPosBaseline  u8g2_font.o
    0x08002af0   0x08002af0   0x0000001a   Code   RO         6220    i.u8g2_SetMaxClipWindow  u8g2_setup.o
    0x08002b0a   0x08002b0a   0x00000042   Code   RO         6221    i.u8g2_SetupBuffer  u8g2_setup.o
    0x08002b4c   0x08002b4c   0x00000038   Code   RO         3977    i.u8g2_Setup_sh1106_128x64_noname_f  u8g2_d_setup.o
    0x08002b84   0x08002b84   0x00000052   Code   RO         4018    i.u8g2_UpdateRefHeight  u8g2_font.o
    0x08002bd6   0x08002bd6   0x0000001c   Code   RO         4019    i.u8g2_add_vector_x  u8g2_font.o
    0x08002bf2   0x08002bf2   0x0000001c   Code   RO         4020    i.u8g2_add_vector_y  u8g2_font.o
    0x08002c0e   0x08002c0e   0x0000006e   Code   RO         6223    i.u8g2_apply_clip_window  u8g2_setup.o
    0x08002c7c   0x08002c7c   0x0000003c   Code   RO         5975    i.u8g2_clip_intersection2  u8g2_hvline.o
    0x08002cb8   0x08002cb8   0x0000006a   Code   RO         3886    i.u8g2_draw_circle  u8g2_circle.o
    0x08002d22   0x08002d22   0x000000ba   Code   RO         3887    i.u8g2_draw_circle_section  u8g2_circle.o
    0x08002ddc   0x08002ddc   0x0000006a   Code   RO         3888    i.u8g2_draw_disc    u8g2_circle.o
    0x08002e46   0x08002e46   0x000000cc   Code   RO         3889    i.u8g2_draw_disc_section  u8g2_circle.o
    0x08002f12   0x08002f12   0x00000014   Code   RO         5976    i.u8g2_draw_hv_line_2dir  u8g2_hvline.o
    0x08002f26   0x08002f26   0x0000000c   Code   RO         6225    i.u8g2_draw_l90_r0  u8g2_setup.o
    0x08002f32   0x08002f32   0x00000076   Code   RO         4022    i.u8g2_draw_string  u8g2_font.o
    0x08002fa8   0x08002fa8   0x00000004   Code   RO         4025    i.u8g2_font_calc_vref_font  u8g2_font.o
    0x08002fac   0x08002fac   0x00000014   Code   RO         4027    i.u8g2_font_decode_get_signed_bits  u8g2_font.o
    0x08002fc0   0x08002fc0   0x00000034   Code   RO         4028    i.u8g2_font_decode_get_unsigned_bits  u8g2_font.o
    0x08002ff4   0x08002ff4   0x0000010c   Code   RO         4029    i.u8g2_font_decode_glyph  u8g2_font.o
    0x08003100   0x08003100   0x0000008c   Code   RO         4030    i.u8g2_font_decode_len  u8g2_font.o
    0x0800318c   0x0800318c   0x00000072   Code   RO         4031    i.u8g2_font_get_glyph_data  u8g2_font.o
    0x080031fe   0x080031fe   0x00000014   Code   RO         4032    i.u8g2_font_get_word  u8g2_font.o
    0x08003212   0x08003212   0x00000034   Code   RO         4033    i.u8g2_font_setup_decode  u8g2_font.o
    0x08003246   0x08003246   0x00000002   PAD
    0x08003248   0x08003248   0x00000064   Code   RO           25    i.u8g2_gpio_and_delay_stm32  main.o
    0x080032ac   0x080032ac   0x00000018   Code   RO         6033    i.u8g2_is_intersection_decision_tree  u8g2_intersection.o
    0x080032c4   0x080032c4   0x00000090   Code   RO         6081    i.u8g2_ll_hvline_vertical_top_lsb  u8g2_ll_hvline.o
    0x08003354   0x08003354   0x0000000c   Code   RO         3964    i.u8g2_m_16_8_f     u8g2_d_memory.o
    0x08003360   0x08003360   0x0000006a   Code   RO         4034    i.u8g2_read_font_info  u8g2_font.o
    0x080033ca   0x080033ca   0x0000004e   Code   RO         3814    i.u8g2_send_buffer  u8g2_buffer.o
    0x08003418   0x08003418   0x00000058   Code   RO         6229    i.u8g2_update_dimension_common  u8g2_setup.o
    0x08003470   0x08003470   0x00000004   Code   RO         6230    i.u8g2_update_dimension_r0  u8g2_setup.o
    0x08003474   0x08003474   0x00000022   Code   RO         6234    i.u8g2_update_page_win_r0  u8g2_setup.o
    0x08003496   0x08003496   0x0000001e   Code   RO         6995    i.u8x8_DrawTile     u8x8_display.o
    0x080034b4   0x080034b4   0x00000010   Code   RO         6997    i.u8x8_InitDisplay  u8x8_display.o
    0x080034c4   0x080034c4   0x00000010   Code   RO         6998    i.u8x8_RefreshDisplay  u8x8_display.o
    0x080034d4   0x080034d4   0x00000010   Code   RO         7001    i.u8x8_SetPowerSave  u8x8_display.o
    0x080034e4   0x080034e4   0x00000022   Code   RO         7295    i.u8x8_Setup        u8x8_setup.o
    0x08003506   0x08003506   0x00000002   PAD
    0x08003508   0x08003508   0x00000024   Code   RO         7296    i.u8x8_SetupDefaults  u8x8_setup.o
    0x0800352c   0x0800352c   0x00000010   Code   RO         7002    i.u8x8_SetupMemory  u8x8_display.o
    0x0800353c   0x0800353c   0x0000000e   Code   RO         6508    i.u8x8_ascii_next   u8x8_8x8.o
    0x0800354a   0x0800354a   0x00000002   PAD
    0x0800354c   0x0800354c   0x00000074   Code   RO         6633    i.u8x8_byte_4wire_hw_spi  u8x8_byte.o
    0x080035c0   0x080035c0   0x0000000e   Code   RO         6637    i.u8x8_byte_SendByte  u8x8_byte.o
    0x080035ce   0x080035ce   0x00000010   Code   RO         6639    i.u8x8_byte_SetDC   u8x8_byte.o
    0x080035de   0x080035de   0x00000052   Code   RO         6761    i.u8x8_cad_001      u8x8_cad.o
    0x08003630   0x08003630   0x00000010   Code   RO         6765    i.u8x8_cad_EndTransfer  u8x8_cad.o
    0x08003640   0x08003640   0x00000010   Code   RO         6766    i.u8x8_cad_SendArg  u8x8_cad.o
    0x08003650   0x08003650   0x00000010   Code   RO         6767    i.u8x8_cad_SendCmd  u8x8_cad.o
    0x08003660   0x08003660   0x00000010   Code   RO         6768    i.u8x8_cad_SendData  u8x8_cad.o
    0x08003670   0x08003670   0x00000068   Code   RO         6770    i.u8x8_cad_SendSequence  u8x8_cad.o
    0x080036d8   0x080036d8   0x00000010   Code   RO         6771    i.u8x8_cad_StartTransfer  u8x8_cad.o
    0x080036e8   0x080036e8   0x00000060   Code   RO         7003    i.u8x8_d_helper_display_init  u8x8_display.o
    0x08003748   0x08003748   0x0000000a   Code   RO         7004    i.u8x8_d_helper_display_setup_memory  u8x8_display.o
    0x08003752   0x08003752   0x00000002   PAD
    0x08003754   0x08003754   0x0000003c   Code   RO         6931    i.u8x8_d_sh1106_128x64_noname  u8x8_d_ssd1306_128x64_noname.o
    0x08003790   0x08003790   0x000000c8   Code   RO         6937    i.u8x8_d_ssd1306_sh1106_generic  u8x8_d_ssd1306_128x64_noname.o
    0x08003858   0x08003858   0x00000004   Code   RO         7298    i.u8x8_dummy_cb     u8x8_setup.o
    0x0800385c   0x0800385c   0x0000000c   Code   RO         7217    i.u8x8_gpio_call    u8x8_gpio.o
    0x08003868   0x08003868   0x00000008   Code   RO         6516    i.u8x8_utf8_init    u8x8_8x8.o
    0x08003870   0x08003870   0x00000010   Data   RO         3692    .constdata          system_stm32f1xx.o
    0x08003880   0x08003880   0x00000008   Data   RO         3693    .constdata          system_stm32f1xx.o
    0x08003888   0x08003888   0x00000c59   Data   RO         4394    .constdata          u8g2_fonts.o
    0x080044e1   0x080044e1   0x00000003   PAD
    0x080044e4   0x080044e4   0x0000000c   Data   RO         6238    .constdata          u8g2_setup.o
    0x080044f0   0x080044f0   0x00000114   Data   RO         6938    .constdata          u8x8_d_ssd1306_128x64_noname.o
    0x08004604   0x08004604   0x00000020   Data   RO         7718    Region$$Table       anon$$obj.o


    Execution Region RW_IRAM1 (Exec base: 0x20000000, Load base: 0x08004624, Size: 0x00000aa8, Max: 0x00005000, ABSOLUTE)

    Exec Addr    Load Addr    Size         Type   Attr      Idx    E Section Name        Object

    0x20000000   0x08004624   0x0000000b   Data   RW           27    .data               main.o
    0x2000000b   0x0800462f   0x00000001   PAD
    0x2000000c   0x08004630   0x0000000c   Data   RW         1088    .data               stm32f1xx_hal.o
    0x20000018   0x0800463c   0x00000004   Data   RW         3694    .data               system_stm32f1xx.o
    0x2000001c        -       0x000000c4   Zero   RW           26    .bss                main.o
    0x200000e0        -       0x00000054   Zero   RW          271    .bss                i2c.o
    0x20000134        -       0x00000058   Zero   RW          313    .bss                spi.o
    0x2000018c        -       0x000000d8   Zero   RW          358    .bss                tim.o
    0x20000264        -       0x00000044   Zero   RW          415    .bss                usart.o
    0x200002a8        -       0x00000400   Zero   RW         3965    .bss                u8g2_d_memory.o
    0x200006a8        -       0x00000400   Zero   RW            1    STACK               startup_stm32f103xb.o


==============================================================================

Image component sizes


      Code (inc. data)   RO Data    RW Data    ZI Data      Debug   Object Name

       340         24          0          0          0        991   gpio.o
       176         30          0          0         84       1585   i2c.o
      1948        168          0         11        196     587128   main.o
       164         22          0          0         88       1561   spi.o
        36          8        236          0       1024        784   startup_stm32f103xb.o
       164         28          0         12          0       5749   stm32f1xx_hal.o
       198         14          0          0          0      28835   stm32f1xx_hal_cortex.o
       524         40          0          0          0       4014   stm32f1xx_hal_gpio.o
       392         16          0          0          0       3063   stm32f1xx_hal_i2c.o
        60          8          0          0          0        834   stm32f1xx_hal_msp.o
      1272        100          0          0          0       5076   stm32f1xx_hal_rcc.o
       752          4          0          0          0       4306   stm32f1xx_hal_spi.o
      1314         46          0          0          0      11828   stm32f1xx_hal_tim.o
       188         12          0          0          0       2056   stm32f1xx_hal_tim_ex.o
       282          6          0          0          0       1816   stm32f1xx_hal_uart.o
       120          0          0          0          0       6717   stm32f1xx_it.o
         2          0         24          4          0       1059   system_stm32f1xx.o
       876         60          0          0        216       3950   tim.o
       114          0          0          0          0       2355   u8g2_buffer.o
       730          0          0          0          0       5466   u8g2_circle.o
        12          4          0          0       1024        776   u8g2_d_memory.o
        56         14          0          0          0        976   u8g2_d_setup.o
      1204         10          0          0          0      13008   u8g2_font.o
         0          0       3161          0          0     123336   u8g2_fonts.o
       310          0          0          0          0       3461   u8g2_hvline.o
        72          0          0          0          0       1795   u8g2_intersection.o
       170          0          0          0          0        940   u8g2_line.o
       144          0          0          0          0       1314   u8g2_ll_hvline.o
       340          0         12          0          0     125924   u8g2_setup.o
        22          0          0          0          0       1729   u8x8_8x8.o
       146          4          0          0          0       1828   u8x8_byte.o
       266          6          0          0          0       4589   u8x8_cad.o
       260         10        276          0          0       2782   u8x8_d_ssd1306_128x64_noname.o
       200          0          0          0          0       4046   u8x8_display.o
        12          0          0          0          0        549   u8x8_gpio.o
        74          4          0          0          0       1634   u8x8_setup.o
       184         24          0          0         68       1630   usart.o

    ----------------------------------------------------------------------
     13160        662       3744         28       2700     969490   Object Totals
         0          0         32          0          0          0   (incl. Generated)
        36          0          3          1          0          0   (incl. Padding)

    ----------------------------------------------------------------------

      Code (inc. data)   RO Data    RW Data    ZI Data      Debug   Library Member Name

         0          0          0          0          0          0   entry.o
         0          0          0          0          0          0   entry10a.o
         0          0          0          0          0          0   entry11a.o
         8          4          0          0          0          0   entry2.o
         4          0          0          0          0          0   entry5.o
         0          0          0          0          0          0   entry7b.o
         0          0          0          0          0          0   entry8b.o
         8          4          0          0          0          0   entry9a.o
        30          0          0          0          0          0   handlers.o
        36          8          0          0          0         68   init.o
        36          0          0          0          0        108   memseta.o
       884         10          0          0          0        420   printf6.o
        44          0          0          0          0         80   uidiv.o

    ----------------------------------------------------------------------
      1052         26          0          0          0        676   Library Totals
         2          0          0          0          0          0   (incl. Padding)

    ----------------------------------------------------------------------

      Code (inc. data)   RO Data    RW Data    ZI Data      Debug   Library Name

      1050         26          0          0          0        676   mc_w.l

    ----------------------------------------------------------------------
      1052         26          0          0          0        676   Library Totals

    ----------------------------------------------------------------------

==============================================================================


      Code (inc. data)   RO Data    RW Data    ZI Data      Debug   

     14212        688       3744         28       2700     962258   Grand Totals
     14212        688       3744         28       2700     962258   ELF Image Totals
     14212        688       3744         28          0          0   ROM Totals

==============================================================================

    Total RO  Size (Code + RO Data)                17956 (  17.54kB)
    Total RW  Size (RW Data + ZI Data)              2728 (   2.66kB)
    Total ROM Size (Code + RO Data + RW Data)      17984 (  17.56kB)

==============================================================================

